12-26 15:14:05.477 I/ActivityManager( 1716): Force stopping com.pundix.xwallet appid=10344 user=0: from pid 725
12-26 15:14:05.479 I/ActivityManager( 1716): Killing 32457:com.pundix.xwallet/u0a344 (adj 0): stop com.pundix.xwallet
12-26 15:14:05.484 W/ActivityManager( 1716): Force removing ActivityRecord{c479b75 u0 com.pundix.xwallet/.ui.login.SetPasswordActivity t3162}: app died, no saved state
12-26 15:14:05.524 I/ActivityManager( 1716): Start proc 727:com.pundix.xwallet/u0a344 for activity com.pundix.xwallet/.ui.login.PhoneVerificationActivity
12-26 15:14:05.532 I/ActivityManager( 1716):   Force finishing activity ActivityRecord{1256c0a u0 com.pundix.xwallet/.ui.SplashActivity t3162}
12-26 15:14:05.539 I/ActivityManager( 1716):   Force finishing activity ActivityRecord{ef5de07 u0 com.pundix.xwallet/.ui.login.SignupActivity t3162}
12-26 15:14:05.549 I/ActivityManager( 1716):   Force finishing activity ActivityRecord{de9b8d8 u0 com.pundix.xwallet/.ui.login.PhoneVerificationActivity t3162}
12-26 15:14:05.561 I/WindowManager( 1716): WIN DEATH: Window{abacaf0 u0 com.pundix.xwallet/com.pundix.xwallet.ui.login.PhoneVerificationActivity}
12-26 15:14:05.562 I/WindowManager( 1716): WIN DEATH: Window{1355d6e u0 com.pundix.xwallet/com.pundix.xwallet.ui.SplashActivity}
12-26 15:14:05.565 I/WindowManager( 1716): Failed to capture screenshot of Token{1e5b431 ActivityRecord{de9b8d8 u0 com.pundix.xwallet/.ui.login.PhoneVerificationActivity t3162 f}} appWin=Window{9d7df3 u0 Splash Screen com.pundix.xwallet} drawState=1
12-26 15:14:05.566 I/WindowManager( 1716): WIN DEATH: Window{4e9fe1e u0 com.pundix.xwallet/com.pundix.xwallet.ui.login.SignupActivity}
12-26 15:14:05.566 I/ActivityManager( 1716):   Force finishing activity ActivityRecord{1256c0a u0 com.pundix.xwallet/.ui.SplashActivity t3162 f}
12-26 15:14:05.566 W/ActivityManager( 1716): Duplicate finish request for ActivityRecord{1256c0a u0 com.pundix.xwallet/.ui.SplashActivity t3162 f}
12-26 15:14:05.566 I/ActivityManager( 1716):   Force finishing activity ActivityRecord{ef5de07 u0 com.pundix.xwallet/.ui.login.SignupActivity t3162 f}
12-26 15:14:05.566 W/ActivityManager( 1716): Duplicate finish request for ActivityRecord{ef5de07 u0 com.pundix.xwallet/.ui.login.SignupActivity t3162 f}
12-26 15:14:05.567 I/ActivityManager( 1716):   Force finishing activity ActivityRecord{de9b8d8 u0 com.pundix.xwallet/.ui.login.PhoneVerificationActivity t3162 f}
12-26 15:14:05.567 W/ActivityManager( 1716): Duplicate finish request for ActivityRecord{de9b8d8 u0 com.pundix.xwallet/.ui.login.PhoneVerificationActivity t3162 f}
12-26 15:14:05.949 I/ActivityManager( 1716): Force stopping com.pundix.xwallet appid=10344 user=0: clear data
12-26 15:14:05.950 I/ActivityManager( 1716): Killing 727:com.pundix.xwallet/u0a344 (adj 900): stop com.pundix.xwallet
12-26 15:14:05.957 I/ActivityManager( 1716): Force stopping com.pundix.xwallet appid=10344 user=-1: clearApplicationUserData
12-26 15:14:11.695 I/ActivityManager( 1716): Force stopping com.pundix.xwallet appid=10344 user=0: from pid 1069
12-26 15:14:12.515 I/ActivityManager( 1716): Force stopping com.pundix.xwallet appid=10344 user=0: from pid 1142
12-26 15:14:12.769 I/ActivityManager( 1716): START u0 {flg=0x10000000 cmp=com.pundix.xwallet/.ui.StartupActivity} from uid 2000
12-26 15:14:12.792 I/ActivityManager( 1716): Start proc 1146:com.pundix.xwallet/u0a344 for activity com.pundix.xwallet/.ui.StartupActivity
12-26 15:14:15.205 I/ActivityManager( 1716): START u0 {cmp=com.pundix.xwallet/.ui.SplashActivity} from uid 10344
12-26 15:14:16.474 I/ActivityManager( 1716): START u0 {cmp=com.pundix.xwallet/.ui.login.SignupActivity} from uid 10344
12-26 15:14:17.423 I/ActivityManager( 1716): START u0 {cmp=com.pundix.xwallet/.ui.my.NewsNationActivity (has extras)} from uid 10344
12-26 15:14:32.996 I/ActivityManager( 1716): START u0 {cmp=com.pundix.xwallet/.ui.login.PhoneVerificationActivity (has extras)} from uid 10344
12-26 15:14:41.231 I/ActivityManager( 1716): START u0 {cmp=com.pundix.xwallet/.ui.login.SetPasswordActivity (has extras)} from uid 10344
12-26 15:15:37.260 I/ActivityManager( 1716): Force stopping com.pundix.xwallet appid=10344 user=0: from pid 1980
12-26 15:15:37.260 I/ActivityManager( 1716): Killing 1146:com.pundix.xwallet/u0a344 (adj 0): stop com.pundix.xwallet
12-26 15:15:37.263 W/ActivityManager( 1716): Force removing ActivityRecord{ce3e4a7 u0 com.pundix.xwallet/.ui.login.SetPasswordActivity t3163}: app died, no saved state
12-26 15:15:37.316 I/ActivityManager( 1716): Start proc 1982:com.pundix.xwallet/u0a344 for activity com.pundix.xwallet/.ui.login.PhoneVerificationActivity
12-26 15:15:37.322 I/WindowManager( 1716): WIN DEATH: Window{f782efe u0 com.pundix.xwallet/com.pundix.xwallet.ui.SplashActivity}
12-26 15:15:37.325 I/WindowManager( 1716): WIN DEATH: Window{ab52374 u0 com.pundix.xwallet/com.pundix.xwallet.ui.login.SignupActivity}
12-26 15:15:37.326 I/WindowManager( 1716): WIN DEATH: Window{bdb38fb u0 com.pundix.xwallet/com.pundix.xwallet.ui.login.PhoneVerificationActivity}
12-26 15:15:37.327 I/WindowManager( 1716): WIN DEATH: Window{30143f9 u0 com.pundix.xwallet/com.pundix.xwallet.ui.login.SetPasswordActivity}
12-26 15:15:37.343 I/ActivityManager( 1716):   Force finishing activity ActivityRecord{10fbb45 u0 com.pundix.xwallet/.ui.SplashActivity t3163}
12-26 15:15:37.348 I/ActivityManager( 1716):   Force finishing activity ActivityRecord{6a519e5 u0 com.pundix.xwallet/.ui.login.SignupActivity t3163}
12-26 15:15:37.362 I/ActivityManager( 1716):   Force finishing activity ActivityRecord{d58bc83 u0 com.pundix.xwallet/.ui.login.PhoneVerificationActivity t3163}
12-26 15:15:37.377 I/ActivityManager( 1716):   Force finishing activity ActivityRecord{10fbb45 u0 com.pundix.xwallet/.ui.SplashActivity t3163 f}
12-26 15:15:37.377 W/ActivityManager( 1716): Duplicate finish request for ActivityRecord{10fbb45 u0 com.pundix.xwallet/.ui.SplashActivity t3163 f}
12-26 15:15:37.377 I/ActivityManager( 1716):   Force finishing activity ActivityRecord{6a519e5 u0 com.pundix.xwallet/.ui.login.SignupActivity t3163 f}
12-26 15:15:37.377 W/ActivityManager( 1716): Duplicate finish request for ActivityRecord{6a519e5 u0 com.pundix.xwallet/.ui.login.SignupActivity t3163 f}
12-26 15:15:37.377 I/ActivityManager( 1716):   Force finishing activity ActivityRecord{d58bc83 u0 com.pundix.xwallet/.ui.login.PhoneVerificationActivity t3163 f}
12-26 15:15:37.377 W/ActivityManager( 1716): Duplicate finish request for ActivityRecord{d58bc83 u0 com.pundix.xwallet/.ui.login.PhoneVerificationActivity t3163 f}
12-26 15:15:37.815 I/ActivityManager( 1716): Force stopping com.pundix.xwallet appid=10344 user=0: clear data
12-26 15:15:37.815 I/ActivityManager( 1716): Killing 1982:com.pundix.xwallet/u0a344 (adj 900): stop com.pundix.xwallet
12-26 15:15:37.824 I/ActivityManager( 1716): Force stopping com.pundix.xwallet appid=10344 user=-1: clearApplicationUserData
12-26 15:15:43.639 I/ActivityManager( 1716): Force stopping com.pundix.xwallet appid=10344 user=0: from pid 2752
12-26 15:15:44.514 I/ActivityManager( 1716): Force stopping com.pundix.xwallet appid=10344 user=0: from pid 2794
12-26 15:15:44.767 I/ActivityManager( 1716): START u0 {flg=0x10000000 cmp=com.pundix.xwallet/.ui.StartupActivity} from uid 2000
12-26 15:15:44.790 I/ActivityManager( 1716): Start proc 2798:com.pundix.xwallet/u0a344 for activity com.pundix.xwallet/.ui.StartupActivity
12-26 15:15:47.222 I/ActivityManager( 1716): START u0 {cmp=com.pundix.xwallet/.ui.SplashActivity} from uid 10344
12-26 15:15:48.579 I/ActivityManager( 1716): START u0 {cmp=com.pundix.xwallet/.ui.login.SignupActivity} from uid 10344
12-26 15:15:49.496 I/ActivityManager( 1716): START u0 {cmp=com.pundix.xwallet/.ui.my.NewsNationActivity (has extras)} from uid 10344
12-26 15:16:03.751 I/ActivityManager( 1716): START u0 {cmp=com.pundix.xwallet/.ui.login.PhoneVerificationActivity (has extras)} from uid 10344
12-26 15:16:12.706 I/ActivityManager( 1716): START u0 {cmp=com.pundix.xwallet/.ui.login.SetPasswordActivity (has extras)} from uid 10344
12-26 15:16:26.524 I/ActivityManager( 1716): START u0 {cmp=com.pundix.xwallet/.ui.login.RegisterSetPayPassActivity_1 (has extras)} from uid 10344
12-26 15:16:32.322 I/ActivityManager( 1716): START u0 {cmp=com.pundix.xwallet/.ui.login.RegisterSetPayPassActivity_2 (has extras)} from uid 10344
12-26 15:16:32.429 I/chatty  ( 2798): uid=10344(u0_a344) com.pundix.xwallet identical 7 lines
12-26 15:16:32.433 I/chatty  ( 2798): uid=10344(u0_a344) com.pundix.xwallet identical 4 lines
12-26 15:16:39.497 I/ActivityManager( 1716): START u0 {cmp=com.pundix.xwallet/.ui.NewsMainActivity} from uid 10344
12-26 15:16:39.898 I/ActivityManager( 1716): Start proc 3280:com.android.chrome:sandboxed_process0/u0i68 for webview_service com.pundix.xwallet/org.chromium.content.app.SandboxedProcessService0
12-26 15:16:46.964 I/ActivityManager( 1716): Force stopping com.pundix.xwallet appid=10344 user=0: from pid 3373
12-26 15:16:46.965 I/ActivityManager( 1716): Killing 2798:com.pundix.xwallet/u0a344 (adj 0): stop com.pundix.xwallet
12-26 15:16:46.975 W/ActivityManager( 1716): Force removing ActivityRecord{c92b010 u0 com.pundix.xwallet/.ui.NewsMainActivity t3164}: app died, no saved state
12-26 15:19:24.758 I/ActivityManager( 1716): Force stopping com.pundix.xwallet appid=10344 user=0: from pid 3689
12-26 15:19:25.118 I/ActivityManager( 1716): Force stopping com.pundix.xwallet appid=10344 user=0: clear data
12-26 15:19:25.127 I/ActivityManager( 1716): Force stopping com.pundix.xwallet appid=10344 user=-1: clearApplicationUserData
12-26 15:19:31.336 I/ActivityManager( 1716): Force stopping com.pundix.xwallet appid=10344 user=0: from pid 3906
12-26 15:19:31.591 I/ActivityManager( 1716): START u0 {flg=0x10000000 cmp=com.pundix.xwallet/.ui.StartupActivity} from uid 2000
12-26 15:19:31.631 I/ActivityManager( 1716): Start proc 3911:com.pundix.xwallet/u0a344 for activity com.pundix.xwallet/.ui.StartupActivity
12-26 15:19:34.033 I/ActivityManager( 1716): START u0 {cmp=com.pundix.xwallet/.ui.SplashActivity} from uid 10344
12-26 15:19:35.354 I/ActivityManager( 1716): START u0 {cmp=com.pundix.xwallet/.ui.login.SignupActivity} from uid 10344
12-26 15:19:36.329 I/ActivityManager( 1716): START u0 {cmp=com.pundix.xwallet/.ui.my.NewsNationActivity (has extras)} from uid 10344
12-26 15:19:49.100 I/ActivityManager( 1716): Force stopping com.pundix.xwallet appid=10344 user=0: from pid 4151
12-26 15:19:49.102 I/ActivityManager( 1716): Killing 3911:com.pundix.xwallet/u0a344 (adj 0): stop com.pundix.xwallet
12-26 15:19:49.109 W/ActivityManager( 1716): Force removing ActivityRecord{a005a42 u0 com.pundix.xwallet/.ui.my.NewsNationActivity t3166}: app died, no saved state
12-26 15:19:49.153 I/WindowManager( 1716): WIN DEATH: Window{9795f18 u0 com.pundix.xwallet/com.pundix.xwallet.ui.SplashActivity}
12-26 15:19:49.154 I/WindowManager( 1716): WIN DEATH: Window{ed0e60 u0 com.pundix.xwallet/com.pundix.xwallet.ui.login.SignupActivity}
12-26 15:19:49.165 I/ActivityManager( 1716): Start proc 4153:com.pundix.xwallet/u0a344 for activity com.pundix.xwallet/.ui.login.SignupActivity
12-26 15:19:49.172 I/ActivityManager( 1716):   Force finishing activity ActivityRecord{b99000 u0 com.pundix.xwallet/.ui.SplashActivity t3166}
12-26 15:19:49.178 I/ActivityManager( 1716):   Force finishing activity ActivityRecord{df124e1 u0 com.pundix.xwallet/.ui.login.SignupActivity t3166}
12-26 15:19:49.191 I/ActivityManager( 1716):   Force finishing activity ActivityRecord{b99000 u0 com.pundix.xwallet/.ui.SplashActivity t3166 f}
12-26 15:19:49.192 W/ActivityManager( 1716): Duplicate finish request for ActivityRecord{b99000 u0 com.pundix.xwallet/.ui.SplashActivity t3166 f}
12-26 15:19:49.192 I/ActivityManager( 1716):   Force finishing activity ActivityRecord{df124e1 u0 com.pundix.xwallet/.ui.login.SignupActivity t3166 f}
12-26 15:19:49.192 W/ActivityManager( 1716): Duplicate finish request for ActivityRecord{df124e1 u0 com.pundix.xwallet/.ui.login.SignupActivity t3166 f}
12-26 15:19:49.567 I/ActivityManager( 1716): Force stopping com.pundix.xwallet appid=10344 user=0: clear data
12-26 15:19:49.567 I/ActivityManager( 1716): Killing 4153:com.pundix.xwallet/u0a344 (adj 900): stop com.pundix.xwallet
12-26 15:19:49.579 I/ActivityManager( 1716): Force stopping com.pundix.xwallet appid=10344 user=-1: clearApplicationUserData
12-26 15:19:55.163 I/ActivityManager( 1716): Force stopping com.pundix.xwallet appid=10344 user=0: from pid 4419
12-26 15:19:55.992 I/ActivityManager( 1716): Force stopping com.pundix.xwallet appid=10344 user=0: from pid 4471
12-26 15:19:56.246 I/ActivityManager( 1716): START u0 {flg=0x10000000 cmp=com.pundix.xwallet/.ui.StartupActivity} from uid 2000
12-26 15:19:56.266 I/ActivityManager( 1716): Start proc 4477:com.pundix.xwallet/u0a344 for activity com.pundix.xwallet/.ui.StartupActivity
12-26 15:19:58.692 I/ActivityManager( 1716): START u0 {cmp=com.pundix.xwallet/.ui.SplashActivity} from uid 10344
12-26 15:19:59.956 I/ActivityManager( 1716): START u0 {cmp=com.pundix.xwallet/.ui.login.SignupActivity} from uid 10344
12-26 15:20:00.904 I/ActivityManager( 1716): START u0 {cmp=com.pundix.xwallet/.ui.my.NewsNationActivity (has extras)} from uid 10344
12-26 15:20:15.853 I/ActivityManager( 1716): START u0 {cmp=com.pundix.xwallet/.ui.login.PhoneVerificationActivity (has extras)} from uid 10344
12-26 15:20:24.850 I/ActivityManager( 1716): START u0 {cmp=com.pundix.xwallet/.ui.login.SetPasswordActivity (has extras)} from uid 10344
12-26 15:20:38.590 I/ActivityManager( 1716): START u0 {cmp=com.pundix.xwallet/.ui.login.RegisterSetPayPassActivity_1 (has extras)} from uid 10344
12-26 15:20:44.412 I/ActivityManager( 1716): START u0 {cmp=com.pundix.xwallet/.ui.login.RegisterSetPayPassActivity_2 (has extras)} from uid 10344
12-26 15:20:44.516 I/chatty  ( 4477): uid=10344(u0_a344) com.pundix.xwallet identical 7 lines
12-26 15:20:44.521 I/chatty  ( 4477): uid=10344(u0_a344) com.pundix.xwallet identical 4 lines
12-26 15:20:51.319 I/ActivityManager( 1716): START u0 {cmp=com.pundix.xwallet/.ui.NewsMainActivity} from uid 10344
12-26 15:20:51.665 I/ActivityManager( 1716): Start proc 4728:com.android.chrome:sandboxed_process0/u0i69 for webview_service com.pundix.xwallet/org.chromium.content.app.SandboxedProcessService0
12-26 15:20:57.836 I/ActivityManager( 1716): Force stopping com.pundix.xwallet appid=10344 user=0: from pid 4794
12-26 15:20:57.836 I/ActivityManager( 1716): Killing 4477:com.pundix.xwallet/u0a344 (adj 0): stop com.pundix.xwallet
12-26 15:20:57.850 W/ActivityManager( 1716): Force removing ActivityRecord{a1d7e61 u0 com.pundix.xwallet/.ui.NewsMainActivity t3167}: app died, no saved state
12-26 15:25:07.488 I/ActivityManager( 1716): Force stopping com.pundix.xwallet appid=10344 user=0: from pid 5132
12-26 15:25:07.873 I/ActivityManager( 1716): Force stopping com.pundix.xwallet appid=10344 user=0: clear data
12-26 15:25:07.877 I/ActivityManager( 1716): Force stopping com.pundix.xwallet appid=10344 user=-1: clearApplicationUserData
12-26 15:25:14.587 I/ActivityManager( 1716): Force stopping com.pundix.xwallet appid=10344 user=0: from pid 5351
12-26 15:25:14.848 I/ActivityManager( 1716): START u0 {flg=0x10000000 cmp=com.pundix.xwallet/.ui.StartupActivity} from uid 2000
12-26 15:25:14.892 I/ActivityManager( 1716): Start proc 5359:com.pundix.xwallet/u0a344 for activity com.pundix.xwallet/.ui.StartupActivity
12-26 15:25:17.306 I/ActivityManager( 1716): START u0 {cmp=com.pundix.xwallet/.ui.SplashActivity} from uid 10344
12-26 15:25:18.633 I/ActivityManager( 1716): START u0 {cmp=com.pundix.xwallet/.ui.login.SignupActivity} from uid 10344
12-26 15:25:19.593 I/ActivityManager( 1716): START u0 {cmp=com.pundix.xwallet/.ui.my.NewsNationActivity (has extras)} from uid 10344
12-26 15:25:37.736 I/ActivityManager( 1716): Force stopping com.pundix.xwallet appid=10344 user=0: from pid 5610
12-26 15:25:37.738 I/ActivityManager( 1716): Killing 5359:com.pundix.xwallet/u0a344 (adj 0): stop com.pundix.xwallet
12-26 15:25:37.742 W/ActivityManager( 1716): Force removing ActivityRecord{9f0b3e0 u0 com.pundix.xwallet/.ui.login.SignupActivity t3168}: app died, no saved state
12-26 15:25:37.779 I/WindowManager( 1716): WIN DEATH: Window{189ac6b u0 com.pundix.xwallet/com.pundix.xwallet.ui.SplashActivity}
12-26 15:25:37.803 I/ActivityManager( 1716): Start proc 5612:com.pundix.xwallet/u0a344 for activity com.pundix.xwallet/.ui.SplashActivity
12-26 15:25:37.819 I/ActivityManager( 1716):   Force finishing activity ActivityRecord{19b2c62 u0 com.pundix.xwallet/.ui.SplashActivity t3168}
12-26 15:25:37.827 I/WindowManager( 1716): Failed to capture screenshot of Token{c63f1f3 ActivityRecord{19b2c62 u0 com.pundix.xwallet/.ui.SplashActivity t3168 f}} appWin=Window{883f071 u0 Splash Screen com.pundix.xwallet} drawState=1
12-26 15:25:37.831 I/ActivityManager( 1716):   Force finishing activity ActivityRecord{19b2c62 u0 com.pundix.xwallet/.ui.SplashActivity t3168 f}
12-26 15:25:37.831 W/ActivityManager( 1716): Duplicate finish request for ActivityRecord{19b2c62 u0 com.pundix.xwallet/.ui.SplashActivity t3168 f}
12-26 15:25:38.256 I/ActivityManager( 1716): Force stopping com.pundix.xwallet appid=10344 user=0: clear data
12-26 15:25:38.256 I/ActivityManager( 1716): Killing 5612:com.pundix.xwallet/u0a344 (adj 900): stop com.pundix.xwallet
12-26 15:25:38.260 I/ActivityManager( 1716): Force stopping com.pundix.xwallet appid=10344 user=-1: clearApplicationUserData
12-26 15:25:44.234 I/ActivityManager( 1716): Force stopping com.pundix.xwallet appid=10344 user=0: from pid 5913
12-26 15:25:45.099 I/ActivityManager( 1716): Force stopping com.pundix.xwallet appid=10344 user=0: from pid 5955
12-26 15:25:45.354 I/ActivityManager( 1716): START u0 {flg=0x10000000 cmp=com.pundix.xwallet/.ui.StartupActivity} from uid 2000
12-26 15:25:45.378 I/ActivityManager( 1716): Start proc 5959:com.pundix.xwallet/u0a344 for activity com.pundix.xwallet/.ui.StartupActivity
12-26 15:25:47.818 I/ActivityManager( 1716): START u0 {cmp=com.pundix.xwallet/.ui.SplashActivity} from uid 10344
12-26 15:25:49.115 I/ActivityManager( 1716): START u0 {cmp=com.pundix.xwallet/.ui.login.SignupActivity} from uid 10344
12-26 15:25:50.065 I/ActivityManager( 1716): START u0 {cmp=com.pundix.xwallet/.ui.my.NewsNationActivity (has extras)} from uid 10344
12-26 15:26:05.378 I/ActivityManager( 1716): START u0 {cmp=com.pundix.xwallet/.ui.login.PhoneVerificationActivity (has extras)} from uid 10344
12-26 15:26:14.242 I/ActivityManager( 1716): START u0 {cmp=com.pundix.xwallet/.ui.login.SetPasswordActivity (has extras)} from uid 10344
12-26 15:26:28.200 I/ActivityManager( 1716): START u0 {cmp=com.pundix.xwallet/.ui.login.RegisterSetPayPassActivity_1 (has extras)} from uid 10344
12-26 15:26:33.997 I/ActivityManager( 1716): START u0 {cmp=com.pundix.xwallet/.ui.login.RegisterSetPayPassActivity_2 (has extras)} from uid 10344
12-26 15:26:34.107 I/chatty  ( 5959): uid=10344(u0_a344) com.pundix.xwallet identical 7 lines
12-26 15:26:34.113 I/chatty  ( 5959): uid=10344(u0_a344) com.pundix.xwallet identical 4 lines
12-26 15:26:40.595 I/ActivityManager( 1716): START u0 {cmp=com.pundix.xwallet/.ui.NewsMainActivity} from uid 10344
12-26 15:26:40.951 I/ActivityManager( 1716): Start proc 6211:com.android.chrome:sandboxed_process0/u0i70 for webview_service com.pundix.xwallet/org.chromium.content.app.SandboxedProcessService0
12-26 15:26:47.415 I/ActivityManager( 1716): Force stopping com.pundix.xwallet appid=10344 user=0: from pid 6271
12-26 15:26:47.415 I/ActivityManager( 1716): Killing 5959:com.pundix.xwallet/u0a344 (adj 0): stop com.pundix.xwallet
12-26 15:26:47.424 W/ActivityManager( 1716): Force removing ActivityRecord{e0bd61c u0 com.pundix.xwallet/.ui.NewsMainActivity t3169}: app died, no saved state
12-26 15:34:22.658 I/ActivityManager( 1716): Force stopping com.pundix.xwallet appid=10344 user=0: from pid 6830
12-26 15:34:23.036 I/ActivityManager( 1716): Force stopping com.pundix.xwallet appid=10344 user=0: clear data
12-26 15:34:23.041 I/ActivityManager( 1716): Force stopping com.pundix.xwallet appid=10344 user=-1: clearApplicationUserData
12-26 15:34:29.331 I/ActivityManager( 1716): Force stopping com.pundix.xwallet appid=10344 user=0: from pid 7047
12-26 15:34:29.584 I/ActivityManager( 1716): START u0 {flg=0x10000000 cmp=com.pundix.xwallet/.ui.StartupActivity} from uid 2000
12-26 15:34:29.625 I/ActivityManager( 1716): Start proc 7052:com.pundix.xwallet/u0a344 for activity com.pundix.xwallet/.ui.StartupActivity
12-26 15:34:32.045 I/ActivityManager( 1716): START u0 {cmp=com.pundix.xwallet/.ui.SplashActivity} from uid 10344
12-26 15:34:33.368 I/ActivityManager( 1716): START u0 {cmp=com.pundix.xwallet/.ui.login.SignupActivity} from uid 10344
12-26 15:34:34.294 I/ActivityManager( 1716): START u0 {cmp=com.pundix.xwallet/.ui.my.NewsNationActivity (has extras)} from uid 10344
12-26 15:34:47.935 I/ActivityManager( 1716): Force stopping com.pundix.xwallet appid=10344 user=0: from pid 7292
12-26 15:34:47.937 I/ActivityManager( 1716): Killing 7052:com.pundix.xwallet/u0a344 (adj 0): stop com.pundix.xwallet
12-26 15:34:47.942 W/ActivityManager( 1716): Force removing ActivityRecord{938fa9 u0 com.pundix.xwallet/.ui.login.SignupActivity t3171}: app died, no saved state
12-26 15:34:47.994 I/WindowManager( 1716): WIN DEATH: Window{e4b28fb u0 com.pundix.xwallet/com.pundix.xwallet.ui.SplashActivity}
12-26 15:34:48.020 I/ActivityManager( 1716): Start proc 7294:com.pundix.xwallet/u0a344 for activity com.pundix.xwallet/.ui.SplashActivity
12-26 15:34:48.027 I/ActivityManager( 1716):   Force finishing activity ActivityRecord{b7aac83 u0 com.pundix.xwallet/.ui.SplashActivity t3171}
12-26 15:34:48.044 I/WindowManager( 1716): Failed to capture screenshot of Token{41d8e00 ActivityRecord{b7aac83 u0 com.pundix.xwallet/.ui.SplashActivity t3171 f}} appWin=Window{bbbd0fa u0 Splash Screen com.pundix.xwallet} drawState=1
12-26 15:34:48.046 I/ActivityManager( 1716):   Force finishing activity ActivityRecord{b7aac83 u0 com.pundix.xwallet/.ui.SplashActivity t3171 f}
12-26 15:34:48.046 W/ActivityManager( 1716): Duplicate finish request for ActivityRecord{b7aac83 u0 com.pundix.xwallet/.ui.SplashActivity t3171 f}
12-26 15:34:48.431 I/ActivityManager( 1716): Force stopping com.pundix.xwallet appid=10344 user=0: clear data
12-26 15:34:48.432 I/ActivityManager( 1716): Killing 7294:com.pundix.xwallet/u0a344 (adj 900): stop com.pundix.xwallet
12-26 15:34:48.438 I/ActivityManager( 1716): Force stopping com.pundix.xwallet appid=10344 user=-1: clearApplicationUserData
12-26 15:34:54.573 I/ActivityManager( 1716): Force stopping com.pundix.xwallet appid=10344 user=0: from pid 7527
12-26 15:34:55.519 I/ActivityManager( 1716): Force stopping com.pundix.xwallet appid=10344 user=0: from pid 7567
12-26 15:34:55.773 I/ActivityManager( 1716): START u0 {flg=0x10000000 cmp=com.pundix.xwallet/.ui.StartupActivity} from uid 2000
12-26 15:34:55.799 I/ActivityManager( 1716): Start proc 7571:com.pundix.xwallet/u0a344 for activity com.pundix.xwallet/.ui.StartupActivity
12-26 15:34:58.220 I/ActivityManager( 1716): START u0 {cmp=com.pundix.xwallet/.ui.SplashActivity} from uid 10344
12-26 15:34:59.535 I/ActivityManager( 1716): START u0 {cmp=com.pundix.xwallet/.ui.login.SignupActivity} from uid 10344
12-26 15:35:00.465 I/ActivityManager( 1716): START u0 {cmp=com.pundix.xwallet/.ui.my.NewsNationActivity (has extras)} from uid 10344
12-26 15:35:16.021 I/ActivityManager( 1716): START u0 {cmp=com.pundix.xwallet/.ui.login.PhoneVerificationActivity (has extras)} from uid 10344
12-26 15:35:24.244 I/ActivityManager( 1716): START u0 {cmp=com.pundix.xwallet/.ui.login.SetPasswordActivity (has extras)} from uid 10344
12-26 15:35:38.000 I/ActivityManager( 1716): START u0 {cmp=com.pundix.xwallet/.ui.login.RegisterSetPayPassActivity_1 (has extras)} from uid 10344
12-26 15:35:43.853 I/ActivityManager( 1716): START u0 {cmp=com.pundix.xwallet/.ui.login.RegisterSetPayPassActivity_2 (has extras)} from uid 10344
12-26 15:35:43.965 I/chatty  ( 7571): uid=10344(u0_a344) com.pundix.xwallet identical 7 lines
12-26 15:35:43.970 I/chatty  ( 7571): uid=10344(u0_a344) com.pundix.xwallet identical 4 lines
12-26 15:35:50.500 I/ActivityManager( 1716): START u0 {cmp=com.pundix.xwallet/.ui.NewsMainActivity} from uid 10344
12-26 15:35:50.843 I/ActivityManager( 1716): Start proc 7826:com.android.chrome:sandboxed_process0/u0i71 for webview_service com.pundix.xwallet/org.chromium.content.app.SandboxedProcessService0
12-26 15:35:52.055 I/ActivityManager( 1716): Force stopping com.pundix.xwallet appid=10344 user=0: from pid 7883
12-26 15:35:52.055 I/ActivityManager( 1716): Killing 7571:com.pundix.xwallet/u0a344 (adj 0): stop com.pundix.xwallet
12-26 15:35:52.065 W/ActivityManager( 1716): Force removing ActivityRecord{61b2e53 u0 com.pundix.xwallet/.ui.NewsMainActivity t3172}: app died, no saved state
12-26 15:35:52.476 W/NotificationService( 1716): Object died trying to hide notification android.app.ITransientNotification$Stub$Proxy@5014a12 in package com.pundix.xwallet
12-26 15:41:13.863 I/ActivityManager( 1716): Force stopping com.pundix.xwallet appid=10344 user=0: from pid 8219
12-26 15:41:14.254 I/ActivityManager( 1716): Force stopping com.pundix.xwallet appid=10344 user=0: clear data
12-26 15:41:14.267 I/ActivityManager( 1716): Force stopping com.pundix.xwallet appid=10344 user=-1: clearApplicationUserData
12-26 15:41:20.981 I/ActivityManager( 1716): Force stopping com.pundix.xwallet appid=10344 user=0: from pid 8429
12-26 15:41:21.241 I/ActivityManager( 1716): START u0 {flg=0x10000000 cmp=com.pundix.xwallet/.ui.StartupActivity} from uid 2000
12-26 15:41:21.278 I/ActivityManager( 1716): Start proc 8433:com.pundix.xwallet/u0a344 for activity com.pundix.xwallet/.ui.StartupActivity
12-26 15:41:23.656 I/ActivityManager( 1716): START u0 {cmp=com.pundix.xwallet/.ui.SplashActivity} from uid 10344
12-26 15:41:24.993 I/ActivityManager( 1716): START u0 {cmp=com.pundix.xwallet/.ui.login.SignupActivity} from uid 10344
12-26 15:41:25.973 I/ActivityManager( 1716): START u0 {cmp=com.pundix.xwallet/.ui.my.NewsNationActivity (has extras)} from uid 10344
12-26 15:41:39.741 I/ActivityManager( 1716): Force stopping com.pundix.xwallet appid=10344 user=0: from pid 8646
12-26 15:41:39.742 I/ActivityManager( 1716): Killing 8433:com.pundix.xwallet/u0a344 (adj 0): stop com.pundix.xwallet
12-26 15:41:39.747 W/ActivityManager( 1716): Force removing ActivityRecord{1c6a670 u0 com.pundix.xwallet/.ui.my.NewsNationActivity t3173}: app died, no saved state
12-26 15:41:39.791 I/ActivityManager( 1716): Start proc 8648:com.pundix.xwallet/u0a344 for activity com.pundix.xwallet/.ui.login.SignupActivity
12-26 15:41:39.803 I/ActivityManager( 1716):   Force finishing activity ActivityRecord{5abc9f8 u0 com.pundix.xwallet/.ui.SplashActivity t3173}
12-26 15:41:39.808 I/ActivityManager( 1716):   Force finishing activity ActivityRecord{6dbfe41 u0 com.pundix.xwallet/.ui.login.SignupActivity t3173}
12-26 15:41:39.813 I/WindowManager( 1716): WIN DEATH: Window{6e665be u0 com.pundix.xwallet/com.pundix.xwallet.ui.login.SignupActivity}
12-26 15:41:39.814 I/WindowManager( 1716): WIN DEATH: Window{49e010 u0 com.pundix.xwallet/com.pundix.xwallet.ui.SplashActivity}
12-26 15:41:39.827 I/WindowManager( 1716): Failed to capture screenshot of Token{a693fe6 ActivityRecord{6dbfe41 u0 com.pundix.xwallet/.ui.login.SignupActivity t3173 f}} appWin=Window{183f493 u0 Splash Screen com.pundix.xwallet} drawState=1
12-26 15:41:39.828 I/ActivityManager( 1716):   Force finishing activity ActivityRecord{5abc9f8 u0 com.pundix.xwallet/.ui.SplashActivity t3173 f}
12-26 15:41:39.828 W/ActivityManager( 1716): Duplicate finish request for ActivityRecord{5abc9f8 u0 com.pundix.xwallet/.ui.SplashActivity t3173 f}
12-26 15:41:39.829 I/ActivityManager( 1716):   Force finishing activity ActivityRecord{6dbfe41 u0 com.pundix.xwallet/.ui.login.SignupActivity t3173 f}
12-26 15:41:39.829 W/ActivityManager( 1716): Duplicate finish request for ActivityRecord{6dbfe41 u0 com.pundix.xwallet/.ui.login.SignupActivity t3173 f}
12-26 15:41:40.217 I/ActivityManager( 1716): Force stopping com.pundix.xwallet appid=10344 user=0: clear data
12-26 15:41:40.217 I/ActivityManager( 1716): Killing 8648:com.pundix.xwallet/u0a344 (adj 900): stop com.pundix.xwallet
12-26 15:41:40.225 I/ActivityManager( 1716): Force stopping com.pundix.xwallet appid=10344 user=-1: clearApplicationUserData
12-26 15:41:45.978 I/ActivityManager( 1716): Force stopping com.pundix.xwallet appid=10344 user=0: from pid 8884
12-26 15:41:46.858 I/ActivityManager( 1716): Force stopping com.pundix.xwallet appid=10344 user=0: from pid 8925
12-26 15:41:47.111 I/ActivityManager( 1716): START u0 {flg=0x10000000 cmp=com.pundix.xwallet/.ui.StartupActivity} from uid 2000
12-26 15:41:47.139 I/ActivityManager( 1716): Start proc 8929:com.pundix.xwallet/u0a344 for activity com.pundix.xwallet/.ui.StartupActivity
12-26 15:41:49.570 I/ActivityManager( 1716): START u0 {cmp=com.pundix.xwallet/.ui.SplashActivity} from uid 10344
12-26 15:41:50.872 I/ActivityManager( 1716): START u0 {cmp=com.pundix.xwallet/.ui.login.SignupActivity} from uid 10344
12-26 15:41:51.812 I/ActivityManager( 1716): START u0 {cmp=com.pundix.xwallet/.ui.my.NewsNationActivity (has extras)} from uid 10344
12-26 15:42:07.505 I/ActivityManager( 1716): START u0 {cmp=com.pundix.xwallet/.ui.login.PhoneVerificationActivity (has extras)} from uid 10344
12-26 15:42:16.445 I/ActivityManager( 1716): START u0 {cmp=com.pundix.xwallet/.ui.login.SetPasswordActivity (has extras)} from uid 10344
12-26 15:42:30.334 I/ActivityManager( 1716): START u0 {cmp=com.pundix.xwallet/.ui.login.RegisterSetPayPassActivity_1 (has extras)} from uid 10344
12-26 15:42:36.204 I/ActivityManager( 1716): START u0 {cmp=com.pundix.xwallet/.ui.login.RegisterSetPayPassActivity_2 (has extras)} from uid 10344
12-26 15:42:36.307 I/chatty  ( 8929): uid=10344(u0_a344) com.pundix.xwallet identical 7 lines
12-26 15:42:36.312 I/chatty  ( 8929): uid=10344(u0_a344) com.pundix.xwallet identical 4 lines
12-26 15:42:42.860 I/ActivityManager( 1716): START u0 {cmp=com.pundix.xwallet/.ui.NewsMainActivity} from uid 10344
12-26 15:42:43.194 I/ActivityManager( 1716): Start proc 9159:com.android.chrome:sandboxed_process0/u0i72 for webview_service com.pundix.xwallet/org.chromium.content.app.SandboxedProcessService0
12-26 15:42:44.434 I/ActivityManager( 1716): Force stopping com.pundix.xwallet appid=10344 user=0: from pid 9217
12-26 15:42:44.435 I/ActivityManager( 1716): Killing 8929:com.pundix.xwallet/u0a344 (adj 0): stop com.pundix.xwallet
12-26 15:42:44.444 W/ActivityManager( 1716): Force removing ActivityRecord{8b8711e u0 com.pundix.xwallet/.ui.NewsMainActivity t3174}: app died, no saved state
12-26 15:42:44.836 W/NotificationService( 1716): Object died trying to hide notification android.app.ITransientNotification$Stub$Proxy@83f65ee in package com.pundix.xwallet
12-26 15:43:24.895 I/ActivityManager( 1716): Force stopping com.pundix.xwallet appid=10344 user=0: from pid 9355
12-26 15:43:25.267 I/ActivityManager( 1716): Force stopping com.pundix.xwallet appid=10344 user=0: clear data
12-26 15:43:25.277 I/ActivityManager( 1716): Force stopping com.pundix.xwallet appid=10344 user=-1: clearApplicationUserData
12-26 15:43:31.814 I/ActivityManager( 1716): Force stopping com.pundix.xwallet appid=10344 user=0: from pid 9567
12-26 15:43:32.070 I/ActivityManager( 1716): START u0 {flg=0x10000000 cmp=com.pundix.xwallet/.ui.StartupActivity} from uid 2000
12-26 15:43:32.110 I/ActivityManager( 1716): Start proc 9572:com.pundix.xwallet/u0a344 for activity com.pundix.xwallet/.ui.StartupActivity
12-26 15:43:34.506 I/ActivityManager( 1716): START u0 {cmp=com.pundix.xwallet/.ui.SplashActivity} from uid 10344
12-26 15:43:35.845 I/ActivityManager( 1716): START u0 {cmp=com.pundix.xwallet/.ui.login.SignupActivity} from uid 10344
12-26 15:43:36.775 I/ActivityManager( 1716): START u0 {cmp=com.pundix.xwallet/.ui.my.NewsNationActivity (has extras)} from uid 10344
12-26 15:43:51.875 I/ActivityManager( 1716): START u0 {cmp=com.pundix.xwallet/.ui.login.PhoneVerificationActivity (has extras)} from uid 10344
12-26 15:44:00.124 I/ActivityManager( 1716): START u0 {cmp=com.pundix.xwallet/.ui.login.SetPasswordActivity (has extras)} from uid 10344
12-26 15:44:13.969 I/ActivityManager( 1716): START u0 {cmp=com.pundix.xwallet/.ui.login.RegisterSetPayPassActivity_1 (has extras)} from uid 10344
12-26 15:44:15.646 I/chatty  ( 9572): uid=10344(u0_a344) com.pundix.xwallet expire 10 lines
12-26 15:44:19.907 I/ActivityManager( 1716): START u0 {cmp=com.pundix.xwallet/.ui.login.RegisterSetPayPassActivity_2 (has extras)} from uid 10344
12-26 15:44:20.013 I/chatty  ( 9572): uid=10344(u0_a344) com.pundix.xwallet identical 7 lines
12-26 15:44:20.017 I/chatty  ( 9572): uid=10344(u0_a344) com.pundix.xwallet identical 4 lines
12-26 15:44:25.974 I/chatty  ( 9572): uid=10344(u0_a344) com.pundix.xwallet expire 247 lines
12-26 15:44:25.983 D/SurfaceFlinger(  900): duplicate layer name: changing com.pundix.xwallet/com.pundix.xwallet.ui.login.RegisterSetPayPassActivity_2 to com.pundix.xwallet/com.pundix.xwallet.ui.login.RegisterSetPayPassActivity_2#1
12-26 15:44:26.511 I/chatty  ( 9572): uid=10344(u0_a344) com.pundix.xwallet expire 79 lines
12-26 15:44:26.593 I/ActivityManager( 1716): START u0 {cmp=com.pundix.xwallet/.ui.NewsMainActivity} from uid 10344
12-26 15:44:26.817 I/chatty  ( 9572): uid=10344(u0_a344) com.pundix.xwallet expire 55 lines
12-26 15:44:26.840 I/chatty  ( 9572): uid=10344(u0_a344) com.pundix.xwallet expire 38 lines
12-26 15:44:26.904 I/chatty  ( 9572): uid=10344(u0_a344) com.pundix.xwallet expire 1 line
12-26 15:44:26.920 I/ActivityManager( 1716): Start proc 9814:com.android.chrome:sandboxed_process0/u0i73 for webview_service com.pundix.xwallet/org.chromium.content.app.SandboxedProcessService0
12-26 15:44:26.999 I/chatty  ( 9572): uid=10344(u0_a344) com.pundix.xwallet expire 1 line
12-26 15:44:27.036 I/chatty  ( 9572): uid=10344(u0_a344) com.pundix.xwallet expire 9 lines
12-26 15:44:27.105 I/chatty  ( 9572): uid=10344(u0_a344) com.pundix.xwallet expire 12 lines
12-26 15:44:27.347 I/chatty  ( 9572): uid=10344(u0_a344) com.pundix.xwallet expire 1 line
12-26 15:44:27.508 I/chatty  ( 9572): uid=10344(u0_a344) com.pundix.xwallet expire 40 lines
12-26 15:44:28.202 I/ActivityManager( 1716): Force stopping com.pundix.xwallet appid=10344 user=0: from pid 9869
12-26 15:44:28.202 I/ActivityManager( 1716): Killing 9572:com.pundix.xwallet/u0a344 (adj 0): stop com.pundix.xwallet
12-26 15:44:28.213 W/ActivityManager( 1716): Force removing ActivityRecord{428a68c u0 com.pundix.xwallet/.ui.NewsMainActivity t3175}: app died, no saved state
12-26 15:44:28.573 W/NotificationService( 1716): Object died trying to hide notification android.app.ITransientNotification$Stub$Proxy@3aaab6a in package com.pundix.xwallet
12-26 15:48:03.379 I/ActivityManager( 1716): Force stopping com.pundix.xwallet appid=10344 user=0: from pid 10104
12-26 15:48:03.760 I/ActivityManager( 1716): Force stopping com.pundix.xwallet appid=10344 user=0: clear data
12-26 15:48:03.769 I/ActivityManager( 1716): Force stopping com.pundix.xwallet appid=10344 user=-1: clearApplicationUserData
12-26 15:48:03.836 I/GeofencerStateMachine( 2546): removeGeofences: removeRequest=RemoveGeofencingRequest[REMOVE_ALL packageName=com.pundix.xwallet]
12-26 15:48:03.895 I/LocationSettingsChecker( 2717): Removing dialog suppression flag for package com.pundix.xwallet
12-26 15:48:03.937 I/Icing   ( 2717): doRemovePackageData com.pundix.xwallet
12-26 15:48:10.406 I/ActivityManager( 1716): Force stopping com.pundix.xwallet appid=10344 user=0: from pid 10316
12-26 15:48:10.668 I/ActivityManager( 1716): START u0 {flg=0x10000000 cmp=com.pundix.xwallet/.ui.StartupActivity} from uid 2000
12-26 15:48:10.699 I/ActivityManager( 1716): Start proc 10321:com.pundix.xwallet/u0a344 for activity com.pundix.xwallet/.ui.StartupActivity
12-26 15:48:10.701 I/chatty  (10321): uid=10344(u0_a344) com.pundix.xwallet expire 101 lines
12-26 15:48:10.811 I/chatty  (10321): uid=10344(u0_a344) com.pundix.xwallet expire 6 lines
12-26 15:48:10.848 I/chatty  (10321): uid=10344(u0_a344) com.pundix.xwallet expire 10 lines
12-26 15:48:10.872 I/chatty  (10321): uid=10344(u0_a344) com.pundix.xwallet expire 3 lines
12-26 15:48:10.970 I/chatty  (10321): uid=10344(u0_a344) com.pundix.xwallet expire 3 lines
12-26 15:48:11.028 I/chatty  (10321): uid=10344(u0_a344) com.pundix.xwallet expire 9 lines
12-26 15:48:11.028 I/zygote64(10321): Caused by: java.lang.ClassNotFoundException: Didn't find class "android.view.View$OnUnhandledKeyEventListener" on path: DexPathList[[zip file "/data/app/com.pundix.xwallet-pDtrTn-5L3I9Pce7llNVyA==/base.apk"],nativeLibraryDirectories=[/data/app/com.pundix.xwallet-pDtrTn-5L3I9Pce7llNVyA==/lib/arm64, /system/lib64, /system/vendor/lib64]]
12-26 15:48:11.028 I/zygote64(10321):   at void com.pundix.xwallet.base.BaseAppCompatActivity.setContentView(int) (BaseAppCompatActivity.java:204)
12-26 15:48:11.028 I/zygote64(10321):   at void com.pundix.xwallet.base.BaseAppCompatActivity.onCreate(android.os.Bundle) (BaseAppCompatActivity.java:124)
12-26 15:48:11.140 W/RenderThread(10321): type=1400 audit(0.0:94445): avc: denied { search } for name="proc" dev="debugfs" ino=18331 scontext=u:r:untrusted_app:s0:c512,c768 tcontext=u:object_r:qti_debugfs:s0 tclass=dir permissive=0 ppid=1306 pcomm="main" pgid=10321 pgcomm=".pundix.xwallet"
12-26 15:48:13.109 I/ActivityManager( 1716): START u0 {cmp=com.pundix.xwallet/.ui.SplashActivity} from uid 10344
12-26 15:48:13.115 D/ActivityTrigger( 1716): activityStartTrigger: Activity is Triggerred in full screen ApplicationInfo{380d25f com.pundix.xwallet}
12-26 15:48:13.115 E/ActivityTrigger( 1716): activityStartTrigger: not whiteListedcom.pundix.xwallet/com.pundix.xwallet.ui.SplashActivity/4
12-26 15:48:13.116 D/ActivityTrigger( 1716): activityResumeTrigger: The activity in ApplicationInfo{380d25f com.pundix.xwallet} is now in focus and seems to be in full-screen mode
12-26 15:48:13.116 E/ActivityTrigger( 1716): activityResumeTrigger: not whiteListedcom.pundix.xwallet/com.pundix.xwallet.ui.SplashActivity/4
12-26 15:48:13.122 D/ActivityTrigger( 1716): activityResumeTrigger: The activity in ApplicationInfo{380d25f com.pundix.xwallet} is now in focus and seems to be in full-screen mode
12-26 15:48:13.122 E/ActivityTrigger( 1716): activityResumeTrigger: not whiteListedcom.pundix.xwallet/com.pundix.xwallet.ui.SplashActivity/4
12-26 15:48:13.197 I/InputDispatcher( 1716): Focus entered window: Window{b5530e0 u0 com.pundix.xwallet/com.pundix.xwallet.ui.SplashActivity}
12-26 15:48:13.245 I/ActivityManager( 1716): Displayed com.pundix.xwallet/.ui.SplashActivity: +122ms
12-26 15:48:13.416 I/Timeline( 1716): Timeline: Activity_windows_visible id: ActivityRecord{861b1ae u0 com.pundix.xwallet/.ui.SplashActivity t3176} time:170017582 diff:294 start:lukewarm|top-activity batt:100|2 mw:off|1 mem:1789216|0|69|3|23 cpu:[1900800, 1900800, 1900800, 1900800, 2361600, 2361600, 2361600, 2361600]
12-26 15:48:14.405 I/ActivityManager( 1716): START u0 {cmp=com.pundix.xwallet/.ui.login.SignInActivity} from uid 10344
12-26 15:48:14.410 D/ActivityTrigger( 1716): activityStartTrigger: Activity is Triggerred in full screen ApplicationInfo{380d25f com.pundix.xwallet}
12-26 15:48:14.410 E/ActivityTrigger( 1716): activityStartTrigger: not whiteListedcom.pundix.xwallet/com.pundix.xwallet.ui.login.SignInActivity/4
12-26 15:48:14.412 D/ActivityTrigger( 1716): activityResumeTrigger: The activity in ApplicationInfo{380d25f com.pundix.xwallet} is now in focus and seems to be in full-screen mode
12-26 15:48:14.412 E/ActivityTrigger( 1716): activityResumeTrigger: not whiteListedcom.pundix.xwallet/com.pundix.xwallet.ui.login.SignInActivity/4
12-26 15:48:14.420 D/ActivityTrigger( 1716): activityResumeTrigger: The activity in ApplicationInfo{380d25f com.pundix.xwallet} is now in focus and seems to be in full-screen mode
12-26 15:48:14.420 E/ActivityTrigger( 1716): activityResumeTrigger: not whiteListedcom.pundix.xwallet/com.pundix.xwallet.ui.login.SignInActivity/4
12-26 15:48:14.549 I/InputDispatcher( 1716): Focus entered window: Window{68b9f0e u0 com.pundix.xwallet/com.pundix.xwallet.ui.login.SignInActivity}
12-26 15:48:14.595 I/ActivityManager( 1716): Displayed com.pundix.xwallet/.ui.login.SignInActivity: +173ms
12-26 15:48:14.754 I/Timeline( 1716): Timeline: Activity_windows_visible id: ActivityRecord{5ccae37 u0 com.pundix.xwallet/.ui.login.SignInActivity t3176} time:170018920 diff:337 start:lukewarm|top-activity batt:100|2 mw:off|1 mem:1781344|0|69|3|23 cpu:[1900800, 1900800, 1900800, 1900800, 2361600, 2361600, 2361600, 2361600]
12-26 15:48:15.272 I/QueryController(10293): Matched selector: UiSelector[INSTANCE=0, RESOURCE_ID=com.pundix.xwallet:id/tv_switch] <<==>> [android.view.accessibility.AccessibilityNodeInfo@1415e; boundsInParent: Rect(0, 0 - 150, 105); boundsInScreen: Rect(930, 876 - 1080, 981); packageName: com.pundix.xwallet; className: android.widget.TextView; text: 邮箱; error: null; maxTextLength: -1; contentDescription: null; viewIdResName: com.pundix.xwallet:id/tv_switch; checkable: false; checked: false; focusable: true; focused: false; selected: false; clickable: true; longClickable: false; contextClickable: false; enabled: true; password: false; scrollable: false; importantForAccessibility: true; actions: [AccessibilityAction: ACTION_FOCUS - null, AccessibilityAction: ACTION_SELECT - null, AccessibilityAction: ACTION_CLEAR_SELECTION - null, AccessibilityAction: ACTION_CLICK - null, AccessibilityAction: ACTION_ACCESSIBILITY_FOCUS - null, AccessibilityAction: ACTION_NEXT_AT_MOVEMENT_GRANULARITY - null, AccessibilityAction: ACTION_PREVIOUS_AT_MOVEMENT_GRANULARITY - null, AccessibilityAction: ACTION_SET_SELECTION - null, AccessibilityAction: ACTION_SHOW_ON_SCREEN - null]]
12-26 15:48:15.302 I/QueryController(10293): Matched selector: UiSelector[INSTANCE=0, RESOURCE_ID=com.pundix.xwallet:id/tv_switch] <<==>> [android.view.accessibility.AccessibilityNodeInfo@1415e; boundsInParent: Rect(0, 0 - 150, 105); boundsInScreen: Rect(930, 876 - 1080, 981); packageName: com.pundix.xwallet; className: android.widget.TextView; text: 邮箱; error: null; maxTextLength: -1; contentDescription: null; viewIdResName: com.pundix.xwallet:id/tv_switch; checkable: false; checked: false; focusable: true; focused: false; selected: false; clickable: true; longClickable: false; contextClickable: false; enabled: true; password: false; scrollable: false; importantForAccessibility: true; actions: [AccessibilityAction: ACTION_FOCUS - null, AccessibilityAction: ACTION_SELECT - null, AccessibilityAction: ACTION_CLEAR_SELECTION - null, AccessibilityAction: ACTION_CLICK - null, AccessibilityAction: ACTION_ACCESSIBILITY_FOCUS - null, AccessibilityAction: ACTION_NEXT_AT_MOVEMENT_GRANULARITY - null, AccessibilityAction: ACTION_PREVIOUS_AT_MOVEMENT_GRANULARITY - null, AccessibilityAction: ACTION_SET_SELECTION - null, AccessibilityAction: ACTION_SHOW_ON_SCREEN - null]]
12-26 15:48:15.432 I/ActivityManager( 1716): START u0 {cmp=com.pundix.xwallet/.ui.login.SignInActivity (has extras)} from uid 10344
12-26 15:48:15.439 D/ActivityTrigger( 1716): activityStartTrigger: Activity is Triggerred in full screen ApplicationInfo{380d25f com.pundix.xwallet}
12-26 15:48:15.439 E/ActivityTrigger( 1716): activityStartTrigger: not whiteListedcom.pundix.xwallet/com.pundix.xwallet.ui.login.SignInActivity/4
12-26 15:48:15.440 D/ActivityTrigger( 1716): activityResumeTrigger: The activity in ApplicationInfo{380d25f com.pundix.xwallet} is now in focus and seems to be in full-screen mode
12-26 15:48:15.440 E/ActivityTrigger( 1716): activityResumeTrigger: not whiteListedcom.pundix.xwallet/com.pundix.xwallet.ui.login.SignInActivity/4
12-26 15:48:15.452 D/ActivityTrigger( 1716): activityResumeTrigger: The activity in ApplicationInfo{380d25f com.pundix.xwallet} is now in focus and seems to be in full-screen mode
12-26 15:48:15.452 E/ActivityTrigger( 1716): activityResumeTrigger: not whiteListedcom.pundix.xwallet/com.pundix.xwallet.ui.login.SignInActivity/4
12-26 15:48:15.559 D/SurfaceFlinger(  900): duplicate layer name: changing com.pundix.xwallet/com.pundix.xwallet.ui.login.SignInActivity to com.pundix.xwallet/com.pundix.xwallet.ui.login.SignInActivity#1
12-26 15:48:15.574 I/InputDispatcher( 1716): Focus entered window: Window{7951658 u0 com.pundix.xwallet/com.pundix.xwallet.ui.login.SignInActivity}
12-26 15:48:15.606 I/ActivityManager( 1716): Displayed com.pundix.xwallet/.ui.login.SignInActivity: +152ms
12-26 15:48:15.759 I/Timeline( 1716): Timeline: Activity_windows_visible id: ActivityRecord{a2a9f40 u0 com.pundix.xwallet/.ui.login.SignInActivity t3176} time:170019928 diff:317 start:lukewarm|top-activity batt:100|2 mw:off|1 mem:1779648|0|69|3|23 cpu:[1900800, 1900800, 1900800, 1900800, 2361600, 2361600, 2361600, 2361600]
12-26 15:48:16.262 I/QueryController(10293): Matched selector: UiSelector[INSTANCE=0, RESOURCE_ID=com.pundix.xwallet:id/et_emailSignIn] <<==>> [android.view.accessibility.AccessibilityNodeInfo@1c883; boundsInParent: Rect(0, 0 - 984, 168); boundsInScreen: Rect(48, 514 - 1032, 682); packageName: com.pundix.xwallet; className: android.widget.EditText; text: 请输入邮箱; error: null; maxTextLength: -1; contentDescription: null; viewIdResName: com.pundix.xwallet:id/et_emailSignIn; checkable: false; checked: false; focusable: true; focused: true; selected: false; clickable: true; longClickable: true; contextClickable: false; enabled: true; password: false; scrollable: false; importantForAccessibility: true; actions: [AccessibilityAction: ACTION_CLEAR_FOCUS - null, AccessibilityAction: ACTION_SELECT - null, AccessibilityAction: ACTION_CLEAR_SELECTION - null, AccessibilityAction: ACTION_CLICK - null, AccessibilityAction: ACTION_LONG_CLICK - null, AccessibilityAction: ACTION_ACCESSIBILITY_FOCUS - null, AccessibilityAction: ACTION_PASTE - null, AccessibilityAction: ACTION_SET_TEXT - null, AccessibilityAction: ACTION_SHOW_ON_SCREEN - null]]
12-26 15:48:16.277 I/QueryController(10293): Matched selector: UiSelector[INSTANCE=0, RESOURCE_ID=com.pundix.xwallet:id/et_emailSignIn] <<==>> [android.view.accessibility.AccessibilityNodeInfo@1c883; boundsInParent: Rect(0, 0 - 984, 168); boundsInScreen: Rect(48, 514 - 1032, 682); packageName: com.pundix.xwallet; className: android.widget.EditText; text: 请输入邮箱; error: null; maxTextLength: -1; contentDescription: null; viewIdResName: com.pundix.xwallet:id/et_emailSignIn; checkable: false; checked: false; focusable: true; focused: true; selected: false; clickable: true; longClickable: true; contextClickable: false; enabled: true; password: false; scrollable: false; importantForAccessibility: true; actions: [AccessibilityAction: ACTION_CLEAR_FOCUS - null, AccessibilityAction: ACTION_SELECT - null, AccessibilityAction: ACTION_CLEAR_SELECTION - null, AccessibilityAction: ACTION_CLICK - null, AccessibilityAction: ACTION_LONG_CLICK - null, AccessibilityAction: ACTION_ACCESSIBILITY_FOCUS - null, AccessibilityAction: ACTION_PASTE - null, AccessibilityAction: ACTION_SET_TEXT - null, AccessibilityAction: ACTION_SHOW_ON_SCREEN - null]]
12-26 15:48:16.318 I/QueryController(10293): Matched selector: UiSelector[INSTANCE=0, RESOURCE_ID=com.pundix.xwallet:id/et_emailSignIn] <<==>> [android.view.accessibility.AccessibilityNodeInfo@1c883; boundsInParent: Rect(0, 0 - 984, 168); boundsInScreen: Rect(48, 514 - 1032, 682); packageName: com.pundix.xwallet; className: android.widget.EditText; text: 请输入邮箱; error: null; maxTextLength: -1; contentDescription: null; viewIdResName: com.pundix.xwallet:id/et_emailSignIn; checkable: false; checked: false; focusable: true; focused: true; selected: false; clickable: true; longClickable: true; contextClickable: false; enabled: true; password: false; scrollable: false; importantForAccessibility: true; actions: [AccessibilityAction: ACTION_CLEAR_FOCUS - null, AccessibilityAction: ACTION_SELECT - null, AccessibilityAction: ACTION_CLEAR_SELECTION - null, AccessibilityAction: ACTION_CLICK - null, AccessibilityAction: ACTION_LONG_CLICK - null, AccessibilityAction: ACTION_ACCESSIBILITY_FOCUS - null, AccessibilityAction: ACTION_PASTE - null, AccessibilityAction: ACTION_SET_TEXT - null, AccessibilityAction: ACTION_SHOW_ON_SCREEN - null]]
12-26 15:48:18.762 I/QueryController(10293): Matched selector: UiSelector[INSTANCE=0, RESOURCE_ID=com.pundix.xwallet:id/et_emailSignIn] <<==>> [android.view.accessibility.AccessibilityNodeInfo@1c883; boundsInParent: Rect(0, 0 - 984, 168); boundsInScreen: Rect(48, 514 - 1032, 682); packageName: com.pundix.xwallet; className: android.widget.EditText; text: 请输入邮箱; error: null; maxTextLength: -1; contentDescription: null; viewIdResName: com.pundix.xwallet:id/et_emailSignIn; checkable: false; checked: false; focusable: true; focused: true; selected: false; clickable: true; longClickable: true; contextClickable: false; enabled: true; password: false; scrollable: false; importantForAccessibility: true; actions: [AccessibilityAction: ACTION_CLEAR_FOCUS - null, AccessibilityAction: ACTION_SELECT - null, AccessibilityAction: ACTION_CLEAR_SELECTION - null, AccessibilityAction: ACTION_CLICK - null, AccessibilityAction: ACTION_LONG_CLICK - null, AccessibilityAction: ACTION_ACCESSIBILITY_FOCUS - null, AccessibilityAction: ACTION_PASTE - null, AccessibilityAction: ACTION_SET_TEXT - null, AccessibilityAction: ACTION_SHOW_ON_SCREEN - null]]
