12-17 15:38:15.337 I/ActivityManager( 1426): Force stopping com.pundix.xwallet appid=10014 user=0: from pid 13493
12-17 15:38:15.424 D/ActivityManager( 1426): clearApplicationUserData(AMS), packageName=com.pundix.xwallet, userId=0, keepState=false, resolvedUserId=0, uid=2000, pid=13497
12-17 15:38:15.425 I/ActivityManager( 1426): Force stopping com.pundix.xwallet appid=10014 user=0: clear data
12-17 15:38:15.433 I/ActivityManager( 1426): Force stopping com.pundix.xwallet appid=10014 user=-1: clearApplicationUserData
12-17 15:38:15.434 I/ConditionProviders( 1426): Disallowing condition provider com.pundix.xwallet
12-17 15:38:15.705 I/FihWeatherService/UpdateService( 3878): ACTION_PACKAGE_DATA_CLEARED packageName:com.pundix.xwallet
12-17 15:38:15.706 I/GeofencerStateMachine( 3557): removeGeofences: removeRequest=RemoveGeofencingRequest[REMOVE_ALL packageName=com.pundix.xwallet]
12-17 15:38:15.726 D/ActivityManager( 1426): handleProcessStartedLocked mDoneFinishBooting && app.pid != 0 ---> notifyProcessStart, app.processName = com.android.documentsui, app.info = ApplicationInfo{8a11772 com.android.documentsui}, app.hostingType = broadcast, getHostingName() = ComponentInfo{com.android.documentsui/com.android.documentsui.PackageReceiver}, getIntentFlag() = 16777236, getIsPackageRunning() = false, app = ProcessRecord{3f180a2 13516:com.android.documentsui/u0a106}, getExtraData() = Bundle[{BROADCAST_INTENT=Intent { act=android.intent.action.PACKAGE_DATA_CLEARED dat=package:com.pundix.xwallet flg=0x1000010 (has extras) }, CALLER_PACKAGE=android}]
12-17 15:38:16.034 I/LocationSettingsChecker( 5714): Removing dialog suppression flag for package com.pundix.xwallet
12-17 15:38:16.084 I/Icing   ( 5714): doRemovePackageData com.pundix.xwallet
12-17 15:38:18.419 I/ActivityManager( 1426): Force stopping com.pundix.xwallet appid=10014 user=0: from pid 13673
12-17 15:38:18.672 D/AppClonerManagerService( 1426): aInfo.packageName:com.pundix.xwallet
12-17 15:38:18.672 I/ActivityManager( 1426): originalIntent is Intent { flg=0x10000000 cmp=com.pundix.xwallet/.ui.StartupActivity } after hook intent Intent { flg=0x10000000 cmp=com.pundix.xwallet/.ui.StartupActivity }-aInfo ActivityInfo{b173d0e com.pundix.xwallet.ui.StartupActivity}-toUser0
12-17 15:38:18.672 D/ActivityManager( 1426): AppClone, pair.first - ActivityInfo{b173d0e com.pundix.xwallet.ui.StartupActivity}
12-17 15:38:18.673 D/ActivityManager( 1426): AppClone, pair.second - Intent { flg=0x10000000 cmp=com.pundix.xwallet/.ui.StartupActivity }
12-17 15:38:18.675 I/ActivityManager( 1426): START u0 {flg=0x10000000 cmp=com.pundix.xwallet/.ui.StartupActivity} from uid 2000
12-17 15:38:18.717 D/ActivityManager( 1426): Package [com.pundix.xwallet] have process
12-17 15:38:18.742 I/ActivityManager( 1426): Start proc 13681:com.pundix.xwallet/u0a14 for activity com.pundix.xwallet/.ui.StartupActivity
12-17 15:38:18.742 D/ActivityManager( 1426): handleProcessStartedLocked mDoneFinishBooting && app.pid != 0 ---> notifyProcessStart, app.processName = com.pundix.xwallet, app.info = ApplicationInfo{b2e134b com.pundix.xwallet}, app.hostingType = activity, getHostingName() = ComponentInfo{com.pundix.xwallet/com.pundix.xwallet.ui.StartupActivity}, getIntentFlag() = 0, getIsPackageRunning() = true, app = ProcessRecord{a1b4458 13681:com.pundix.xwallet/u0a14}, getExtraData() = Bundle[{ACTIVITY_TASK_AFFINITY=com.pundix.xwallet, ACTIVITY_INTENT=Intent { flg=0x10000000 cmp=com.pundix.xwallet/.ui.StartupActivity }, CALLER_PACKAGE=null, ACTIVITY_INFO=ActivityInfo{b173d0e com.pundix.xwallet.ui.StartupActivity}}]
12-17 15:38:18.742 V/ActivityManager( 1426): notifyProcessStart: com.pundix.xwallet for: activity from: null packageName: com.pundix.xwallet className: com.pundix.xwallet.ui.StartupActivity
12-17 15:38:18.746 I/chatty  (13681): uid=10014(com.pundix.xwallet) expire 554 lines
12-17 15:38:18.805 I/[PowerSavingAppG3]BackgroundCleanService( 3723): pid: 13681, calleeApp: com.pundix.xwallet
12-17 15:38:18.806 I/[PowerSavingAppG3]ProcessMonitorService( 3723): pid: 13681, calleeApp: com.pundix.xwallet
12-17 15:38:18.806 I/[PowerSavingAppG3]BackgroundCleanService( 3723): com.pundix.xwallet add to mTopApList.
12-17 15:38:18.807 I/[PowerSavingAppG3]ProcessMonitorService( 3723): com.pundix.xwallet add to mTopApList.
12-17 15:38:18.809 I/[PowerSavingAppG3]ProcessMonitorService( 3723): set run_in_background allow : [com.pundix.xwallet, com.android.settings, io.appium.settings]
12-17 15:38:19.045 D/[PowerSavingAppG3]ProcessMonitorService( 3723): calleePackageName = com.pundix.xwallet,callerPacageName = null,hostingType = activity,screenOn = true,cmp = com.pundix.xwallet.ui.StartupActivity,cat = ,action = null,isExceptionalActivitiy = false
12-17 15:38:19.062 D/[PowerSavingAppG3]ProcessMonitorService( 3723): Ignore package com.pundix.xwallet,component = com.pundix.xwallet.ui.StartupActivity
12-17 15:38:19.128 I/chatty  (13681): uid=10014(com.pundix.xwallet) expire 1 line
12-17 15:38:19.135 I/chatty  (13681): uid=10014(com.pundix.xwallet) expire 7 lines
12-17 15:38:19.405 W/SurfaceFlinger(  841): Attempting to set client state on removed layer: Splash Screen com.pundix.xwallet#0
12-17 15:38:19.405 W/SurfaceFlinger(  841): Attempting to destroy on removed layer: Splash Screen com.pundix.xwallet#0
12-17 15:38:21.085 D/AppClonerManagerService( 1426): hookAppClonerIntent step3 callingPackage [com.pundix.xwallet]
12-17 15:38:21.085 D/AppClonerManagerService( 1426): hookAppClonerIntent step3 aInfo.packageName [com.pundix.xwallet]
12-17 15:38:21.085 I/ActivityManager( 1426): originalIntent is Intent { cmp=com.pundix.xwallet/.ui.SplashActivity } after hook intent Intent { cmp=com.pundix.xwallet/.ui.SplashActivity }-aInfo ActivityInfo{44f1e64 com.pundix.xwallet.ui.SplashActivity}-toUser0
12-17 15:38:21.085 D/ActivityManager( 1426): AppClone, pair.first - ActivityInfo{44f1e64 com.pundix.xwallet.ui.SplashActivity}
12-17 15:38:21.085 D/ActivityManager( 1426): AppClone, pair.second - Intent { cmp=com.pundix.xwallet/.ui.SplashActivity }
12-17 15:38:21.085 I/ActivityManager( 1426): START u0 {cmp=com.pundix.xwallet/.ui.SplashActivity} from uid 10014
12-17 15:38:21.758 D/AR_ADV_APPS_USAGE_COL( 1426): com.pundix.xwallet -> resizable apps -> USAGE 2506
12-17 15:38:22.481 D/AppClonerManagerService( 1426): hookAppClonerIntent step3 callingPackage [com.pundix.xwallet]
12-17 15:38:22.481 D/AppClonerManagerService( 1426): hookAppClonerIntent step3 aInfo.packageName [com.pundix.xwallet]
12-17 15:38:22.481 I/ActivityManager( 1426): originalIntent is Intent { cmp=com.pundix.xwallet/.ui.login.SignInActivity } after hook intent Intent { cmp=com.pundix.xwallet/.ui.login.SignInActivity }-aInfo ActivityInfo{45e9df com.pundix.xwallet.ui.login.SignInActivity}-toUser0
12-17 15:38:22.481 D/ActivityManager( 1426): AppClone, pair.first - ActivityInfo{45e9df com.pundix.xwallet.ui.login.SignInActivity}
12-17 15:38:22.481 D/ActivityManager( 1426): AppClone, pair.second - Intent { cmp=com.pundix.xwallet/.ui.login.SignInActivity }
12-17 15:38:22.482 I/ActivityManager( 1426): START u0 {cmp=com.pundix.xwallet/.ui.login.SignInActivity} from uid 10014
12-17 15:38:22.756 I/chatty  (13681): uid=10014(com.pundix.xwallet) expire 1 line
12-17 15:38:23.343 D/AR_ADV_APPS_USAGE_COL( 1426): com.pundix.xwallet -> resizable apps -> USAGE 1616
12-17 15:38:23.812 I/[PowerSavingAppG3]ProcessMonitorService( 3723): original mTopApList = [io.appium.settings, com.pundix.xwallet]
12-17 15:38:23.812 I/[PowerSavingAppG3]ProcessMonitorService( 3723): keep mTopApList = [com.pundix.xwallet]
12-17 15:38:23.822 D/AppClonerManagerService( 1426): hookAppClonerIntent step3 callingPackage [com.pundix.xwallet]
12-17 15:38:23.822 D/AppClonerManagerService( 1426): hookAppClonerIntent step3 aInfo.packageName [com.pundix.xwallet]
12-17 15:38:23.822 I/ActivityManager( 1426): originalIntent is Intent { cmp=com.pundix.xwallet/.ui.my.NewsNationActivity (has extras) } after hook intent Intent { cmp=com.pundix.xwallet/.ui.my.NewsNationActivity (has extras) }-aInfo ActivityInfo{7fa6bb7 com.pundix.xwallet.ui.my.NewsNationActivity}-toUser0
12-17 15:38:23.822 D/ActivityManager( 1426): AppClone, pair.first - ActivityInfo{7fa6bb7 com.pundix.xwallet.ui.my.NewsNationActivity}
12-17 15:38:23.822 D/ActivityManager( 1426): AppClone, pair.second - Intent { cmp=com.pundix.xwallet/.ui.my.NewsNationActivity (has extras) }
12-17 15:38:23.822 I/ActivityManager( 1426): START u0 {cmp=com.pundix.xwallet/.ui.my.NewsNationActivity (has extras)} from uid 10014
12-17 15:38:24.149 I/chatty  (13681): uid=10014(com.pundix.xwallet) expire 12 lines
12-17 15:38:24.898 D/AR_ADV_APPS_USAGE_COL( 1426): com.pundix.xwallet -> resizable apps -> USAGE 1598
12-17 15:38:58.585 D/AR_ADV_APPS_USAGE_COL( 1426): com.pundix.xwallet -> resizable apps -> USAGE 33982
12-17 15:38:59.462 I/chatty  (13681): uid=10014(com.pundix.xwallet) expire 275 lines
12-17 15:39:13.859 W/NotificationService( 1426): Toast already killed. pkg=com.pundix.xwallet callback=android.app.ITransientNotification$Stub$Proxy@42d758
12-17 15:39:26.713 I/ActivityManager( 1426): Force stopping com.pundix.xwallet appid=10014 user=0: from pid 13837
12-17 15:39:26.714 I/ActivityManager( 1426): Killing 13681:com.pundix.xwallet/u0a14 (adj 0): stop com.pundix.xwallet
12-17 15:39:26.715 W/ActivityManager( 1426): Force removing ActivityRecord{c80b62c u0 com.pundix.xwallet/.ui.login.SignInActivity t1461}: app died, no saved state
12-17 15:39:26.734 D/ActivityManager( 1426): Package [com.pundix.xwallet] have process
12-17 15:39:26.739 I/ActivityManager( 1426):   Force finishing activity ActivityRecord{64a98cd u0 com.pundix.xwallet/.ui.SplashActivity t1461}
12-17 15:39:26.749 I/ActivityManager( 1426):   Force finishing activity ActivityRecord{64a98cd u0 com.pundix.xwallet/.ui.SplashActivity t1461 f}
12-17 15:39:26.749 W/ActivityManager( 1426): Duplicate finish request for ActivityRecord{64a98cd u0 com.pundix.xwallet/.ui.SplashActivity t1461 f}
12-17 15:39:26.750 I/WindowManager( 1426): WIN DEATH: Window{f1dd5fc u0 com.pundix.xwallet/com.pundix.xwallet.ui.SplashActivity}
12-17 15:39:26.774 D/AR_ADV_APPS_USAGE_COL( 1426): com.pundix.xwallet -> resizable apps -> USAGE 28217
12-17 15:39:26.794 I/ActivityManager( 1426): Start proc 13845:com.pundix.xwallet/u0a14 for activity com.pundix.xwallet/.ui.SplashActivity
12-17 15:39:26.794 D/ActivityManager( 1426): handleProcessStartedLocked mDoneFinishBooting && app.pid != 0 ---> notifyProcessStart, app.processName = com.pundix.xwallet, app.info = ApplicationInfo{e11bcd0 com.pundix.xwallet}, app.hostingType = activity, getHostingName() = ComponentInfo{com.pundix.xwallet/com.pundix.xwallet.ui.SplashActivity}, getIntentFlag() = 0, getIsPackageRunning() = true, app = ProcessRecord{44e6ed2 13845:com.pundix.xwallet/u0a14}, getExtraData() = Bundle[{ACTIVITY_TASK_AFFINITY=com.pundix.xwallet, ACTIVITY_INTENT=Intent { cmp=com.pundix.xwallet/.ui.SplashActivity }, CALLER_PACKAGE=com.pundix.xwallet, ACTIVITY_INFO=ActivityInfo{44f1e64 com.pundix.xwallet.ui.SplashActivity}}]
12-17 15:39:26.794 V/ActivityManager( 1426): notifyProcessStart: com.pundix.xwallet for: activity from: com.pundix.xwallet packageName: com.pundix.xwallet className: com.pundix.xwallet.ui.SplashActivity
12-17 15:39:26.801 I/chatty  (13845): uid=10014(com.pundix.xwallet) expire 27 lines
12-17 15:39:27.102 I/chatty  (13845): uid=10014(com.pundix.xwallet) expire 1 line
12-17 15:39:31.955 I/chatty  (13845): uid=10014(com.pundix.xwallet) expire 2 lines
12-17 15:39:35.820 I/ActivityManager( 1426): Message Object: Intent { act=android.intent.action.MAIN cat=[android.intent.category.LAUNCHER] flg=0x10200000 cmp=com.pundix.xwallet/.ui.StartupActivity bnds=[288,959][540,1256] (has extras) }
12-17 15:39:35.821 I/ActivityManager( 1426): APP OTA intent extras - Bundle[{ORG_INTENT=Intent { act=android.intent.action.MAIN cat=[android.intent.category.LAUNCHER] flg=0x10200000 cmp=com.pundix.xwallet/.ui.StartupActivity bnds=[288,959][540,1256] (has extras) }, PKG_NAME=com.pundix.xwallet}]
12-17 15:39:35.821 I/ActivityManager( 1426): originalIntent is Intent { act=android.intent.action.MAIN cat=[android.intent.category.LAUNCHER] flg=0x10200000 cmp=com.pundix.xwallet/.ui.StartupActivity bnds=[288,959][540,1256] (has extras) } after hook intent Intent { act=android.intent.action.MAIN cat=[android.intent.category.LAUNCHER] flg=0x10200000 cmp=com.pundix.xwallet/.ui.StartupActivity bnds=[288,959][540,1256] (has extras) }-aInfo ActivityInfo{b872f42 com.pundix.xwallet.ui.StartupActivity}-toUser0
12-17 15:39:35.821 D/ActivityManager( 1426): AppClone, pair.first - ActivityInfo{b872f42 com.pundix.xwallet.ui.StartupActivity}
12-17 15:39:35.821 D/ActivityManager( 1426): AppClone, pair.second - Intent { act=android.intent.action.MAIN cat=[android.intent.category.LAUNCHER] flg=0x10200000 cmp=com.pundix.xwallet/.ui.StartupActivity bnds=[288,959][540,1256] (has extras) }
12-17 15:39:35.822 I/ActivityManager( 1426): START u0 {act=android.intent.action.MAIN cat=[android.intent.category.LAUNCHER] flg=0x10200000 cmp=com.pundix.xwallet/.ui.StartupActivity bnds=[288,959][540,1256] (has extras)} from uid 10121
12-17 15:39:35.848 D/FihAppSuggestionDBUtils( 3695): Increase the app usage frequency (com.pundix.xwallet/com.pundix.xwallet.ui.StartupActivity)
12-17 15:39:35.849 D/FihAppSuggestionDBUtils( 3695): updateFrequencyByComponent(com.pundix.xwallet/com.pundix.xwallet.ui.StartupActivity), frequency=63,0,0,0,0,0,0,0,0,0,0,0,0,0,0,0,0,0,0,0,0
12-17 15:39:35.853 W/UpdateClient( 3893): [FIHPackageHandler] checkAppCheckTime(), strPackageName:com.pundix.xwallet, strID:
12-17 15:39:36.017 I/chatty  (13845): uid=10014(com.pundix.xwallet) expire 9 lines
12-17 15:39:37.979 D/AppClonerManagerService( 1426): hookAppClonerIntent step3 callingPackage [com.pundix.xwallet]
12-17 15:39:37.979 D/AppClonerManagerService( 1426): hookAppClonerIntent step3 aInfo.packageName [com.pundix.xwallet]
12-17 15:39:37.980 I/ActivityManager( 1426): originalIntent is Intent { cmp=com.pundix.xwallet/.ui.SplashActivity } after hook intent Intent { cmp=com.pundix.xwallet/.ui.SplashActivity }-aInfo ActivityInfo{71537fa com.pundix.xwallet.ui.SplashActivity}-toUser0
12-17 15:39:37.980 D/ActivityManager( 1426): AppClone, pair.first - ActivityInfo{71537fa com.pundix.xwallet.ui.SplashActivity}
12-17 15:39:37.980 D/ActivityManager( 1426): AppClone, pair.second - Intent { cmp=com.pundix.xwallet/.ui.SplashActivity }
12-17 15:39:37.980 I/ActivityManager( 1426): START u0 {cmp=com.pundix.xwallet/.ui.SplashActivity} from uid 10014
12-17 15:39:38.037 I/chatty  (13845): uid=10014(com.pundix.xwallet) expire 14 lines
12-17 15:39:38.636 D/AR_ADV_APPS_USAGE_COL( 1426): com.pundix.xwallet -> resizable apps -> USAGE 2239
12-17 15:40:17.478 D/PowerCalculator( 3616): topApCounter com.pundix.xwallet
12-17 15:40:17.478 D/PowerCalculator( 3616): topApCounter com.pundix.xwallet
12-17 15:40:42.763 D/AppClonerManagerService( 1426): hookAppClonerIntent step3 callingPackage [com.pundix.xwallet]
12-17 15:40:42.763 D/AppClonerManagerService( 1426): hookAppClonerIntent step3 aInfo.packageName [com.pundix.xwallet]
12-17 15:40:42.763 I/ActivityManager( 1426): originalIntent is Intent { cmp=com.pundix.xwallet/.ui.login.SignupActivity } after hook intent Intent { cmp=com.pundix.xwallet/.ui.login.SignupActivity }-aInfo ActivityInfo{911688d com.pundix.xwallet.ui.login.SignupActivity}-toUser0
12-17 15:40:42.763 D/ActivityManager( 1426): AppClone, pair.first - ActivityInfo{911688d com.pundix.xwallet.ui.login.SignupActivity}
12-17 15:40:42.763 D/ActivityManager( 1426): AppClone, pair.second - Intent { cmp=com.pundix.xwallet/.ui.login.SignupActivity }
12-17 15:40:42.763 I/ActivityManager( 1426): START u0 {cmp=com.pundix.xwallet/.ui.login.SignupActivity} from uid 10014
12-17 15:40:42.796 I/chatty  (13845): uid=10014(com.pundix.xwallet) expire 207 lines
12-17 15:40:43.536 D/AR_ADV_APPS_USAGE_COL( 1426): com.pundix.xwallet -> resizable apps -> USAGE 64925
12-17 15:40:53.803 I/chatty  (13845): uid=10014(com.pundix.xwallet) expire 104 lines
12-17 15:40:58.715 I/chatty  (13845): uid=10014(com.pundix.xwallet) expire 16 lines
12-17 15:41:00.304 D/AppClonerManagerService( 1426): hookAppClonerIntent step3 callingPackage [com.pundix.xwallet]
12-17 15:41:00.304 D/AppClonerManagerService( 1426): hookAppClonerIntent step3 aInfo.packageName [com.pundix.xwallet]
12-17 15:41:00.304 I/ActivityManager( 1426): originalIntent is Intent { cmp=com.pundix.xwallet/.ui.login.PhoneVerificationActivity (has extras) } after hook intent Intent { cmp=com.pundix.xwallet/.ui.login.PhoneVerificationActivity (has extras) }-aInfo ActivityInfo{b5085f3 com.pundix.xwallet.ui.login.PhoneVerificationActivity}-toUser0
12-17 15:41:00.304 D/ActivityManager( 1426): AppClone, pair.first - ActivityInfo{b5085f3 com.pundix.xwallet.ui.login.PhoneVerificationActivity}
12-17 15:41:00.304 D/ActivityManager( 1426): AppClone, pair.second - Intent { cmp=com.pundix.xwallet/.ui.login.PhoneVerificationActivity (has extras) }
12-17 15:41:00.304 I/ActivityManager( 1426): START u0 {cmp=com.pundix.xwallet/.ui.login.PhoneVerificationActivity (has extras)} from uid 10014
12-17 15:41:00.978 D/AR_ADV_APPS_USAGE_COL( 1426): com.pundix.xwallet -> resizable apps -> USAGE 17483
12-17 15:41:05.398 W/NotificationService( 1426): Toast already killed. pkg=com.pundix.xwallet callback=android.app.ITransientNotification$Stub$Proxy@f93c2a
12-17 15:42:05.987 I/chatty  (13845): uid=10014(com.pundix.xwallet) expire 14 lines
12-17 15:42:11.062 D/AR_ADV_APPS_USAGE_COL( 1426): com.pundix.xwallet -> resizable apps -> USAGE 70119
12-17 15:42:20.198 I/chatty  (13845): uid=10014(com.pundix.xwallet) expire 39 lines
12-17 15:42:21.737 I/chatty  (13845): uid=10014(com.pundix.xwallet) expire 31 lines
12-17 15:42:25.837 D/AppClonerManagerService( 1426): hookAppClonerIntent step3 callingPackage [com.pundix.xwallet]
12-17 15:42:25.837 D/AppClonerManagerService( 1426): hookAppClonerIntent step3 aInfo.packageName [com.pundix.xwallet]
12-17 15:42:25.837 I/ActivityManager( 1426): originalIntent is Intent { cmp=com.pundix.xwallet/.ui.login.SetPasswordActivity (has extras) } after hook intent Intent { cmp=com.pundix.xwallet/.ui.login.SetPasswordActivity (has extras) }-aInfo ActivityInfo{136923 com.pundix.xwallet.ui.login.SetPasswordActivity}-toUser0
12-17 15:42:25.837 D/ActivityManager( 1426): AppClone, pair.first - ActivityInfo{136923 com.pundix.xwallet.ui.login.SetPasswordActivity}
12-17 15:42:25.837 D/ActivityManager( 1426): AppClone, pair.second - Intent { cmp=com.pundix.xwallet/.ui.login.SetPasswordActivity (has extras) }
12-17 15:42:25.837 I/ActivityManager( 1426): START u0 {cmp=com.pundix.xwallet/.ui.login.SetPasswordActivity (has extras)} from uid 10014
12-17 15:42:26.526 D/AR_ADV_APPS_USAGE_COL( 1426): com.pundix.xwallet -> resizable apps -> USAGE 9713
12-17 15:42:35.966 D/AppClonerManagerService( 1426): hookAppClonerIntent step3 callingPackage [com.pundix.xwallet]
12-17 15:42:35.966 D/AppClonerManagerService( 1426): hookAppClonerIntent step3 aInfo.packageName [com.pundix.xwallet]
12-17 15:42:35.967 I/ActivityManager( 1426): originalIntent is Intent { cmp=com.pundix.xwallet/.ui.login.RegisterSetPayPassActivity_1 (has extras) } after hook intent Intent { cmp=com.pundix.xwallet/.ui.login.RegisterSetPayPassActivity_1 (has extras) }-aInfo ActivityInfo{8579112 com.pundix.xwallet.ui.login.RegisterSetPayPassActivity_1}-toUser0
12-17 15:42:35.967 D/ActivityManager( 1426): AppClone, pair.first - ActivityInfo{8579112 com.pundix.xwallet.ui.login.RegisterSetPayPassActivity_1}
12-17 15:42:35.967 D/ActivityManager( 1426): AppClone, pair.second - Intent { cmp=com.pundix.xwallet/.ui.login.RegisterSetPayPassActivity_1 (has extras) }
12-17 15:42:35.967 I/ActivityManager( 1426): START u0 {cmp=com.pundix.xwallet/.ui.login.RegisterSetPayPassActivity_1 (has extras)} from uid 10014
12-17 15:42:36.005 I/chatty  (13845): uid=10014(com.pundix.xwallet) expire 677 lines
12-17 15:42:36.587 W/SurfaceFlinger(  841): Attempting to set client state on removed layer: Surface(name=AppWindowToken{140f199 token=Token{e6f6ae0 ActivityRecord{16870e3 u0 com.pundix.xwallet/.ui.login.RegisterSetPayPassActivity_1 t1463}}})/@0x1234c10 - animation-leash#0
12-17 15:42:36.587 W/SurfaceFlinger(  841): Attempting to destroy on removed layer: Surface(name=AppWindowToken{140f199 token=Token{e6f6ae0 ActivityRecord{16870e3 u0 com.pundix.xwallet/.ui.login.RegisterSetPayPassActivity_1 t1463}}})/@0x1234c10 - animation-leash#0
12-17 15:42:36.613 D/AR_ADV_APPS_USAGE_COL( 1426): com.pundix.xwallet -> resizable apps -> USAGE 10124
12-17 15:42:39.460 D/AppClonerManagerService( 1426): hookAppClonerIntent step3 callingPackage [com.pundix.xwallet]
12-17 15:42:39.460 D/AppClonerManagerService( 1426): hookAppClonerIntent step3 aInfo.packageName [com.pundix.xwallet]
12-17 15:42:39.461 I/ActivityManager( 1426): originalIntent is Intent { cmp=com.pundix.xwallet/.ui.login.RegisterSetPayPassActivity_2 (has extras) } after hook intent Intent { cmp=com.pundix.xwallet/.ui.login.RegisterSetPayPassActivity_2 (has extras) }-aInfo ActivityInfo{1d7d617 com.pundix.xwallet.ui.login.RegisterSetPayPassActivity_2}-toUser0
12-17 15:42:39.461 D/ActivityManager( 1426): AppClone, pair.first - ActivityInfo{1d7d617 com.pundix.xwallet.ui.login.RegisterSetPayPassActivity_2}
12-17 15:42:39.461 D/ActivityManager( 1426): AppClone, pair.second - Intent { cmp=com.pundix.xwallet/.ui.login.RegisterSetPayPassActivity_2 (has extras) }
12-17 15:42:39.461 I/ActivityManager( 1426): START u0 {cmp=com.pundix.xwallet/.ui.login.RegisterSetPayPassActivity_2 (has extras)} from uid 10014
12-17 15:42:39.596 I/chatty  (13845): uid=10014(com.pundix.xwallet) expire 1 line
12-17 15:42:40.132 W/SurfaceFlinger(  841): Attempting to set client state on removed layer: Surface(name=AppWindowToken{f126a22 token=Token{4babbed ActivityRecord{8eb5a04 u0 com.pundix.xwallet/.ui.login.RegisterSetPayPassActivity_2 t1463}}})/@0x3047307 - animation-leash#0
12-17 15:42:40.132 W/SurfaceFlinger(  841): Attempting to set client state on removed layer: Surface(name=AppWindowToken{140f199 token=Token{e6f6ae0 ActivityRecord{16870e3 u0 com.pundix.xwallet/.ui.login.RegisterSetPayPassActivity_1 t1463}}})/@0x1234c10 - animation-leash#0
12-17 15:42:40.132 W/SurfaceFlinger(  841): Attempting to destroy on removed layer: Surface(name=AppWindowToken{f126a22 token=Token{4babbed ActivityRecord{8eb5a04 u0 com.pundix.xwallet/.ui.login.RegisterSetPayPassActivity_2 t1463}}})/@0x3047307 - animation-leash#0
12-17 15:42:40.132 W/SurfaceFlinger(  841): Attempting to destroy on removed layer: Surface(name=AppWindowToken{140f199 token=Token{e6f6ae0 ActivityRecord{16870e3 u0 com.pundix.xwallet/.ui.login.RegisterSetPayPassActivity_1 t1463}}})/@0x1234c10 - animation-leash#0
12-17 15:42:40.165 D/AR_ADV_APPS_USAGE_COL( 1426): com.pundix.xwallet -> resizable apps -> USAGE 3581
12-17 15:42:42.891 D/SurfaceFlinger(  841): duplicate layer name: changing com.pundix.xwallet/com.pundix.xwallet.ui.login.RegisterSetPayPassActivity_2 to com.pundix.xwallet/com.pundix.xwallet.ui.login.RegisterSetPayPassActivity_2#1
12-17 15:42:42.955 D/SurfaceFlinger(  841): duplicate layer name: changing Surface(name=ad7a1e8 com.pundix.xwallet/com.pundix.xwallet.ui.login.RegisterSetPayPassActivity_2)/@0xaa800e7 - animation-leash to Surface(name=ad7a1e8 com.pundix.xwallet/com.pundix.xwallet.ui.login.RegisterSetPayPassActivity_2)/@0xaa800e7 - animation-leash#1
12-17 15:42:43.210 D/AppClonerManagerService( 1426): hookAppClonerIntent step3 callingPackage [com.pundix.xwallet]
12-17 15:42:43.211 D/AppClonerManagerService( 1426): hookAppClonerIntent step3 aInfo.packageName [com.pundix.xwallet]
12-17 15:42:43.211 I/ActivityManager( 1426): originalIntent is Intent { cmp=com.pundix.xwallet/.ui.NewsMainActivity } after hook intent Intent { cmp=com.pundix.xwallet/.ui.NewsMainActivity }-aInfo ActivityInfo{914d473 com.pundix.xwallet.ui.NewsMainActivity}-toUser0
12-17 15:42:43.211 D/ActivityManager( 1426): AppClone, pair.first - ActivityInfo{914d473 com.pundix.xwallet.ui.NewsMainActivity}
12-17 15:42:43.211 D/ActivityManager( 1426): AppClone, pair.second - Intent { cmp=com.pundix.xwallet/.ui.NewsMainActivity }
12-17 15:42:43.211 I/ActivityManager( 1426): START u0 {cmp=com.pundix.xwallet/.ui.NewsMainActivity} from uid 10014
12-17 15:42:43.404 W/SurfaceFlinger(  841): Attempting to set client state on removed layer: com.pundix.xwallet/com.pundix.xwallet.ui.login.RegisterSetPayPassActivity_2#1
12-17 15:42:43.404 W/SurfaceFlinger(  841): Attempting to destroy on removed layer: com.pundix.xwallet/com.pundix.xwallet.ui.login.RegisterSetPayPassActivity_2#1
12-17 15:42:43.511 I/chatty  (13845): uid=10014(com.pundix.xwallet) expire 70 lines
12-17 15:42:43.889 I/chatty  (13845): uid=10014(com.pundix.xwallet) expire 2 lines
12-17 15:42:43.916 D/ActivityManager( 1426): handleProcessStartedLocked mDoneFinishBooting && app.pid != 0 ---> notifyProcessStart, app.processName = com.google.android.webview:webview_service, app.info = ApplicationInfo{fb4b7a0 com.google.android.webview}, app.hostingType = service, getHostingName() = ComponentInfo{com.google.android.webview/org.chromium.android_webview.services.VariationsSeedServer}, getIntentFlag() = 0, getIsPackageRunning() = false, app = ProcessRecord{d573dea 14281:com.google.android.webview:webview_service/u0a161}, getExtraData() = Bundle[{SERVICE_INTENT=Intent { cmp=com.google.android.webview/org.chromium.android_webview.services.VariationsSeedServer }, CALLER_PACKAGE=com.pundix.xwallet}]
12-17 15:42:43.916 V/ActivityManager( 1426): notifyProcessStart: com.google.android.webview:webview_service for: service from: com.pundix.xwallet packageName: com.google.android.webview className: org.chromium.android_webview.services.VariationsSeedServer
12-17 15:42:43.948 I/chatty  (13845): uid=10014(com.pundix.xwallet) expire 67 lines
12-17 15:42:43.991 I/chatty  (13845): uid=10014(com.pundix.xwallet) expire 1 line
12-17 15:42:43.995 D/ActivityManager( 1426): Package [com.pundix.xwallet] have process
12-17 15:42:44.006 I/ActivityManager( 1426): Start proc 14298:com.google.android.webview:sandboxed_process0/u0i16 for webview_service com.pundix.xwallet/org.chromium.content.app.SandboxedProcessService0
12-17 15:42:44.006 D/ActivityManager( 1426): handleProcessStartedLocked mDoneFinishBooting && app.pid != 0 ---> notifyProcessStart, app.processName = com.google.android.webview:sandboxed_process0, app.info = ApplicationInfo{5ed8853 com.pundix.xwallet}, app.hostingType = webview_service, getHostingName() = ComponentInfo{com.pundix.xwallet/org.chromium.content.app.SandboxedProcessService0}, getIntentFlag() = 0, getIsPackageRunning() = true, app = ProcessRecord{8de8590 14298:com.google.android.webview:sandboxed_process0/u0a14i16}, getExtraData() = Bundle[{SERVICE_INTENT=Intent { cmp=com.pundix.xwallet/org.chromium.content.app.SandboxedProcessService0 }, CALLER_PACKAGE=com.pundix.xwallet}]
12-17 15:42:44.006 V/ActivityManager( 1426): notifyProcessStart: com.google.android.webview:sandboxed_process0 for: webview_service from: com.pundix.xwallet packageName: com.pundix.xwallet className: org.chromium.content.app.SandboxedProcessService0
12-17 15:42:44.275 I/chatty  (13845): uid=10014(com.pundix.xwallet) expire 1 line
12-17 15:42:44.340 I/chatty  (13845): uid=10014(com.pundix.xwallet) expire 10 lines
12-17 15:42:44.729 I/chatty  (13845): uid=10014(com.pundix.xwallet) expire 15 lines
12-17 15:42:44.944 I/chatty  (13845): uid=10014(com.pundix.xwallet) expire 1 line
12-17 15:42:44.964 D/AR_ADV_APPS_USAGE_COL( 1426): com.pundix.xwallet -> resizable apps -> USAGE 4833
12-17 15:42:45.187 W/NotificationService( 1426): Toast already killed. pkg=com.pundix.xwallet callback=android.app.ITransientNotification$Stub$Proxy@e87e377
12-17 15:42:45.756 D/SurfaceFlinger(  841): duplicate layer name: changing com.pundix.xwallet/com.pundix.xwallet.ui.NewsMainActivity to com.pundix.xwallet/com.pundix.xwallet.ui.NewsMainActivity#1
12-17 15:42:46.457 W/SurfaceFlinger(  841): Attempting to set client state on removed layer: com.pundix.xwallet/com.pundix.xwallet.ui.NewsMainActivity#1
12-17 15:42:46.457 W/SurfaceFlinger(  841): Attempting to destroy on removed layer: com.pundix.xwallet/com.pundix.xwallet.ui.NewsMainActivity#1
12-17 15:42:46.836 D/AppClonerManagerService( 1426): hookAppClonerIntent step3 callingPackage [com.pundix.xwallet]
12-17 15:42:46.836 D/AppClonerManagerService( 1426): hookAppClonerIntent step3 aInfo.packageName [com.pundix.xwallet]
12-17 15:42:46.836 I/ActivityManager( 1426): originalIntent is Intent { cmp=com.pundix.xwallet/.ui.my.MyActivity (has extras) } after hook intent Intent { cmp=com.pundix.xwallet/.ui.my.MyActivity (has extras) }-aInfo ActivityInfo{d44407b com.pundix.xwallet.ui.my.MyActivity}-toUser0
12-17 15:42:46.837 D/ActivityManager( 1426): AppClone, pair.first - ActivityInfo{d44407b com.pundix.xwallet.ui.my.MyActivity}
12-17 15:42:46.837 D/ActivityManager( 1426): AppClone, pair.second - Intent { cmp=com.pundix.xwallet/.ui.my.MyActivity (has extras) }
12-17 15:42:46.837 I/ActivityManager( 1426): START u0 {cmp=com.pundix.xwallet/.ui.my.MyActivity (has extras)} from uid 10014
12-17 15:42:47.538 D/AR_ADV_APPS_USAGE_COL( 1426): com.pundix.xwallet -> resizable apps -> USAGE 2631
12-17 15:42:48.097 D/AppClonerManagerService( 1426): hookAppClonerIntent step3 callingPackage [com.pundix.xwallet]
12-17 15:42:48.097 D/AppClonerManagerService( 1426): hookAppClonerIntent step3 aInfo.packageName [com.pundix.xwallet]
12-17 15:42:48.097 I/ActivityManager( 1426): originalIntent is Intent { cmp=com.pundix.xwallet/.ui.setting.SettingMainActivity } after hook intent Intent { cmp=com.pundix.xwallet/.ui.setting.SettingMainActivity }-aInfo ActivityInfo{76c8e74 com.pundix.xwallet.ui.setting.SettingMainActivity}-toUser0
12-17 15:42:48.097 D/ActivityManager( 1426): AppClone, pair.first - ActivityInfo{76c8e74 com.pundix.xwallet.ui.setting.SettingMainActivity}
12-17 15:42:48.097 D/ActivityManager( 1426): AppClone, pair.second - Intent { cmp=com.pundix.xwallet/.ui.setting.SettingMainActivity }
12-17 15:42:48.097 I/ActivityManager( 1426): START u0 {cmp=com.pundix.xwallet/.ui.setting.SettingMainActivity} from uid 10014
12-17 15:42:48.719 D/AR_ADV_APPS_USAGE_COL( 1426): com.pundix.xwallet -> resizable apps -> USAGE 1218
12-17 15:42:49.429 D/AppClonerManagerService( 1426): hookAppClonerIntent step3 callingPackage [com.pundix.xwallet]
12-17 15:42:49.430 D/AppClonerManagerService( 1426): hookAppClonerIntent step3 aInfo.packageName [com.pundix.xwallet]
12-17 15:42:49.430 I/ActivityManager( 1426): originalIntent is Intent { cmp=com.pundix.xwallet/.ui.setting.VerifyPhoneActivity } after hook intent Intent { cmp=com.pundix.xwallet/.ui.setting.VerifyPhoneActivity }-aInfo ActivityInfo{dc6a09 com.pundix.xwallet.ui.setting.VerifyPhoneActivity}-toUser0
12-17 15:42:49.430 D/ActivityManager( 1426): AppClone, pair.first - ActivityInfo{dc6a09 com.pundix.xwallet.ui.setting.VerifyPhoneActivity}
12-17 15:42:49.430 D/ActivityManager( 1426): AppClone, pair.second - Intent { cmp=com.pundix.xwallet/.ui.setting.VerifyPhoneActivity }
12-17 15:42:49.430 I/ActivityManager( 1426): START u0 {cmp=com.pundix.xwallet/.ui.setting.VerifyPhoneActivity} from uid 10014
12-17 15:42:50.052 D/AR_ADV_APPS_USAGE_COL( 1426): com.pundix.xwallet -> resizable apps -> USAGE 1366
12-17 15:42:51.960 I/chatty  (13845): uid=10014(com.pundix.xwallet) expire 47 lines
12-17 15:42:52.032 D/SurfaceFlinger(  841): duplicate layer name: changing com.pundix.xwallet/com.pundix.xwallet.ui.setting.VerifyPhoneActivity to com.pundix.xwallet/com.pundix.xwallet.ui.setting.VerifyPhoneActivity#1
12-17 15:42:52.856 W/SurfaceFlinger(  841): Attempting to set client state on removed layer: com.pundix.xwallet/com.pundix.xwallet.ui.setting.VerifyPhoneActivity#1
12-17 15:42:52.856 W/SurfaceFlinger(  841): Attempting to destroy on removed layer: com.pundix.xwallet/com.pundix.xwallet.ui.setting.VerifyPhoneActivity#1
12-17 15:43:01.197 D/SurfaceFlinger(  841): duplicate layer name: changing com.pundix.xwallet/com.pundix.xwallet.ui.setting.VerifyPhoneActivity to com.pundix.xwallet/com.pundix.xwallet.ui.setting.VerifyPhoneActivity#1
12-17 15:43:01.259 D/SurfaceFlinger(  841): duplicate layer name: changing Surface(name=58d7ece com.pundix.xwallet/com.pundix.xwallet.ui.setting.VerifyPhoneActivity)/@0x599be0b - animation-leash to Surface(name=58d7ece com.pundix.xwallet/com.pundix.xwallet.ui.setting.VerifyPhoneActivity)/@0x599be0b - animation-leash#1
12-17 15:43:01.336 I/chatty  (13845): uid=10014(com.pundix.xwallet) expire 14 lines
12-17 15:43:01.363 D/AppClonerManagerService( 1426): hookAppClonerIntent step3 callingPackage [com.pundix.xwallet]
12-17 15:43:01.363 D/AppClonerManagerService( 1426): hookAppClonerIntent step3 aInfo.packageName [com.pundix.xwallet]
12-17 15:43:01.364 I/ActivityManager( 1426): originalIntent is Intent { cmp=com.pundix.xwallet/.ui.setting.BindEmailActivity (has extras) } after hook intent Intent { cmp=com.pundix.xwallet/.ui.setting.BindEmailActivity (has extras) }-aInfo ActivityInfo{59a3ffb com.pundix.xwallet.ui.setting.BindEmailActivity}-toUser0
12-17 15:43:01.364 D/ActivityManager( 1426): AppClone, pair.first - ActivityInfo{59a3ffb com.pundix.xwallet.ui.setting.BindEmailActivity}
12-17 15:43:01.364 D/ActivityManager( 1426): AppClone, pair.second - Intent { cmp=com.pundix.xwallet/.ui.setting.BindEmailActivity (has extras) }
12-17 15:43:01.364 I/ActivityManager( 1426): START u0 {cmp=com.pundix.xwallet/.ui.setting.BindEmailActivity (has extras)} from uid 10014
12-17 15:43:01.610 W/SurfaceFlinger(  841): Attempting to set client state on removed layer: com.pundix.xwallet/com.pundix.xwallet.ui.setting.VerifyPhoneActivity#1
12-17 15:43:01.610 W/SurfaceFlinger(  841): Attempting to destroy on removed layer: com.pundix.xwallet/com.pundix.xwallet.ui.setting.VerifyPhoneActivity#1
12-17 15:43:02.035 D/AR_ADV_APPS_USAGE_COL( 1426): com.pundix.xwallet -> resizable apps -> USAGE 12030
12-17 15:43:14.733 I/chatty  (13845): uid=10014(com.pundix.xwallet) expire 20 lines
12-17 15:43:14.809 I/chatty  (13845): uid=10014(com.pundix.xwallet) expire 6 lines
12-17 15:43:15.728 D/SurfaceFlinger(  841): duplicate layer name: changing com.pundix.xwallet/com.pundix.xwallet.ui.setting.BindEmailActivity to com.pundix.xwallet/com.pundix.xwallet.ui.setting.BindEmailActivity#1
12-17 15:43:15.793 D/SurfaceFlinger(  841): duplicate layer name: changing Surface(name=fb6e589 com.pundix.xwallet/com.pundix.xwallet.ui.setting.BindEmailActivity)/@0x7ca0dbc - animation-leash to Surface(name=fb6e589 com.pundix.xwallet/com.pundix.xwallet.ui.setting.BindEmailActivity)/@0x7ca0dbc - animation-leash#1
12-17 15:43:16.195 W/SurfaceFlinger(  841): Attempting to set client state on removed layer: com.pundix.xwallet/com.pundix.xwallet.ui.setting.BindEmailActivity#1
12-17 15:43:16.195 W/SurfaceFlinger(  841): Attempting to destroy on removed layer: com.pundix.xwallet/com.pundix.xwallet.ui.setting.BindEmailActivity#1
12-17 15:43:27.296 I/chatty  (13845): uid=10014(com.pundix.xwallet) expire 28 lines
12-17 15:43:27.353 D/SurfaceFlinger(  841): duplicate layer name: changing com.pundix.xwallet/com.pundix.xwallet.ui.setting.BindEmailActivity to com.pundix.xwallet/com.pundix.xwallet.ui.setting.BindEmailActivity#1
12-17 15:43:27.430 I/chatty  (13845): uid=10014(com.pundix.xwallet) expire 7 lines
12-17 15:43:27.445 D/SurfaceFlinger(  841): duplicate layer name: changing Surface(name=16d0712 com.pundix.xwallet/com.pundix.xwallet.ui.setting.BindEmailActivity)/@0xb90825e - animation-leash to Surface(name=16d0712 com.pundix.xwallet/com.pundix.xwallet.ui.setting.BindEmailActivity)/@0xb90825e - animation-leash#1
12-17 15:43:27.457 D/SurfaceFlinger(  841): duplicate layer name: changing Surface(name=16d0712 com.pundix.xwallet/com.pundix.xwallet.ui.setting.BindEmailActivity)/@0xb90825e - animation-leash to Surface(name=16d0712 com.pundix.xwallet/com.pundix.xwallet.ui.setting.BindEmailActivity)/@0xb90825e - animation-leash#2
12-17 15:43:27.545 D/AppClonerManagerService( 1426): hookAppClonerIntent step3 callingPackage [com.pundix.xwallet]
12-17 15:43:27.545 D/AppClonerManagerService( 1426): hookAppClonerIntent step3 aInfo.packageName [com.pundix.xwallet]
12-17 15:43:27.545 I/ActivityManager( 1426): originalIntent is Intent { cmp=com.pundix.xwallet/.ui.setting.SettingMainActivity } after hook intent Intent { cmp=com.pundix.xwallet/.ui.setting.SettingMainActivity }-aInfo ActivityInfo{2754d2f com.pundix.xwallet.ui.setting.SettingMainActivity}-toUser0
12-17 15:43:27.545 D/ActivityManager( 1426): AppClone, pair.first - ActivityInfo{2754d2f com.pundix.xwallet.ui.setting.SettingMainActivity}
12-17 15:43:27.545 D/ActivityManager( 1426): AppClone, pair.second - Intent { cmp=com.pundix.xwallet/.ui.setting.SettingMainActivity }
12-17 15:43:27.545 I/ActivityManager( 1426): START u0 {cmp=com.pundix.xwallet/.ui.setting.SettingMainActivity} from uid 10014
12-17 15:43:27.561 W/ActivityManager( 1426): Duplicate finish request for ActivityRecord{21e140e u0 com.pundix.xwallet/.ui.setting.VerifyPhoneActivity t1463 f}
12-17 15:43:27.562 W/ActivityManager( 1426): Duplicate finish request for ActivityRecord{94de818 u0 com.pundix.xwallet/.ui.setting.BindEmailActivity t1463 f}
12-17 15:43:27.725 W/SurfaceFlinger(  841): Attempting to set client state on removed layer: com.pundix.xwallet/com.pundix.xwallet.ui.setting.BindEmailActivity#1
12-17 15:43:27.725 W/SurfaceFlinger(  841): Attempting to destroy on removed layer: com.pundix.xwallet/com.pundix.xwallet.ui.setting.BindEmailActivity#1
12-17 15:43:28.177 D/AR_ADV_APPS_USAGE_COL( 1426): com.pundix.xwallet -> resizable apps -> USAGE 26185
12-17 15:43:44.735 I/chatty  (13845): uid=10014(com.pundix.xwallet) expire 3 lines
12-17 15:43:56.304 I/chatty  (13845): uid=10014(com.pundix.xwallet) identical 1 line
12-17 15:43:56.318 D/AR_ADV_APPS_USAGE_COL( 1426): com.pundix.xwallet -> resizable apps -> USAGE 28178
12-17 15:43:56.676 W/SurfaceFlinger(  841): Attempting to set client state on removed layer: com.pundix.xwallet/com.pundix.xwallet.ui.setting.SettingMainActivity#0
12-17 15:43:56.676 W/SurfaceFlinger(  841): Attempting to destroy on removed layer: com.pundix.xwallet/com.pundix.xwallet.ui.setting.SettingMainActivity#0
12-17 15:43:56.680 W/SurfaceFlinger(  841): Attempting to set client state on removed layer: com.pundix.xwallet/com.pundix.xwallet.ui.setting.SettingMainActivity#0
12-17 15:43:56.680 W/SurfaceFlinger(  841): Attempting to destroy on removed layer: com.pundix.xwallet/com.pundix.xwallet.ui.setting.SettingMainActivity#0
12-17 15:43:56.711 I/RecentsLockDBHelper( 3695): isPackageLocked packages = com.pundix.xwallet userId = 0
12-17 15:43:56.711 I/RecentsLockDBHelper( 3695): isPackageLocked packages = com.pundix.xwallet userId = 0
12-17 15:43:56.717 I/RecentsLockDBHelper( 3695): isPackageLocked packages = com.pundix.xwallet userId = 0
12-17 15:43:57.673 I/RecentsLockDBHelper( 3695): isPackageLocked packages = com.pundix.xwallet userId = 0
12-17 15:43:57.673 D/LockAPP ( 3695): createAllTasksDismissAnimation removeTask isLockApp = false getPackageName = com.pundix.xwallet
12-17 15:43:57.673 I/RecentsLockDBHelper( 3695): isPackageLocked packages = com.pundix.xwallet userId = 0
12-17 15:43:57.673 D/LockAPP ( 3695): removeTask LockApp getPackageName = com.pundix.xwallet isLockApp = false
12-17 15:43:57.716 I/ActivityManager( 1426): Killing 13845:com.pundix.xwallet/u0a14 (adj 900): remove task
12-17 15:43:57.759 W/ActivityManager( 1426): Scheduling restart of crashed service com.pundix.xwallet/org.chromium.content.app.SandboxedProcessService0 in 1000ms
12-17 15:43:57.817 I/WindowManager( 1426): WIN DEATH: Window{fffc73f u0 com.pundix.xwallet/com.pundix.xwallet.ui.setting.SettingMainActivity}
12-17 15:43:57.823 I/WindowManager( 1426): WIN DEATH: Window{4618662 u0 com.pundix.xwallet/com.pundix.xwallet.ui.my.MyActivity}
12-17 15:43:57.829 I/WindowManager( 1426): WIN DEATH: Window{53fffbf u0 com.pundix.xwallet/com.pundix.xwallet.ui.NewsMainActivity}
12-17 15:43:57.838 W/SurfaceFlinger(  841): Attempting to destroy on removed layer: AppWindowToken{3af12d6 token=Token{77a86f1 ActivityRecord{bd71e98 u0 com.pundix.xwallet/.ui.my.MyActivity t1463}}}#0
12-17 15:44:03.006 I/ActivityManager( 1426): Force stopping com.pundix.xwallet appid=10014 user=0: from pid 14484
12-17 15:44:03.101 D/ActivityManager( 1426): clearApplicationUserData(AMS), packageName=com.pundix.xwallet, userId=0, keepState=false, resolvedUserId=0, uid=2000, pid=14488
12-17 15:44:03.101 I/ActivityManager( 1426): Force stopping com.pundix.xwallet appid=10014 user=0: clear data
12-17 15:44:03.121 I/ActivityManager( 1426): Force stopping com.pundix.xwallet appid=10014 user=-1: clearApplicationUserData
12-17 15:44:03.121 I/ConditionProviders( 1426): Disallowing condition provider com.pundix.xwallet
12-17 15:44:03.213 I/GeofencerStateMachine( 3557): removeGeofences: removeRequest=RemoveGeofencingRequest[REMOVE_ALL packageName=com.pundix.xwallet]
12-17 15:44:03.213 I/FihWeatherService/UpdateService( 3878): ACTION_PACKAGE_DATA_CLEARED packageName:com.pundix.xwallet
12-17 15:44:03.260 I/LocationSettingsChecker( 5714): Removing dialog suppression flag for package com.pundix.xwallet
12-17 15:44:03.314 I/Icing   ( 5714): doRemovePackageData com.pundix.xwallet
12-17 15:44:05.149 I/ActivityManager( 1426): Force stopping com.pundix.xwallet appid=10014 user=0: from pid 14557
12-17 15:44:05.405 D/AppClonerManagerService( 1426): aInfo.packageName:com.pundix.xwallet
12-17 15:44:05.405 I/ActivityManager( 1426): originalIntent is Intent { flg=0x10000000 cmp=com.pundix.xwallet/.ui.StartupActivity } after hook intent Intent { flg=0x10000000 cmp=com.pundix.xwallet/.ui.StartupActivity }-aInfo ActivityInfo{11347e8 com.pundix.xwallet.ui.StartupActivity}-toUser0
12-17 15:44:05.405 D/ActivityManager( 1426): AppClone, pair.first - ActivityInfo{11347e8 com.pundix.xwallet.ui.StartupActivity}
12-17 15:44:05.405 D/ActivityManager( 1426): AppClone, pair.second - Intent { flg=0x10000000 cmp=com.pundix.xwallet/.ui.StartupActivity }
12-17 15:44:05.406 I/ActivityManager( 1426): START u0 {flg=0x10000000 cmp=com.pundix.xwallet/.ui.StartupActivity} from uid 2000
12-17 15:44:05.431 D/ActivityManager( 1426): Package [com.pundix.xwallet] have process
12-17 15:44:05.444 I/ActivityManager( 1426): Start proc 14564:com.pundix.xwallet/u0a14 for activity com.pundix.xwallet/.ui.StartupActivity
12-17 15:44:05.444 D/ActivityManager( 1426): handleProcessStartedLocked mDoneFinishBooting && app.pid != 0 ---> notifyProcessStart, app.processName = com.pundix.xwallet, app.info = ApplicationInfo{c63f93d com.pundix.xwallet}, app.hostingType = activity, getHostingName() = ComponentInfo{com.pundix.xwallet/com.pundix.xwallet.ui.StartupActivity}, getIntentFlag() = 0, getIsPackageRunning() = true, app = ProcessRecord{d470356 14564:com.pundix.xwallet/u0a14}, getExtraData() = Bundle[{ACTIVITY_TASK_AFFINITY=com.pundix.xwallet, ACTIVITY_INTENT=Intent { flg=0x10000000 cmp=com.pundix.xwallet/.ui.StartupActivity }, CALLER_PACKAGE=null, ACTIVITY_INFO=ActivityInfo{11347e8 com.pundix.xwallet.ui.StartupActivity}}]
12-17 15:44:05.445 V/ActivityManager( 1426): notifyProcessStart: com.pundix.xwallet for: activity from: null packageName: com.pundix.xwallet className: com.pundix.xwallet.ui.StartupActivity
12-17 15:44:05.446 I/chatty  (14564): uid=10014(com.pundix.xwallet) expire 297 lines
12-17 15:44:05.755 I/chatty  (14564): uid=10014(com.pundix.xwallet) expire 1 line
12-17 15:44:05.772 I/chatty  (14564): uid=10014(com.pundix.xwallet) expire 7 lines
12-17 15:44:06.031 W/SurfaceFlinger(  841): Attempting to set client state on removed layer: Splash Screen com.pundix.xwallet#0
12-17 15:44:06.031 W/SurfaceFlinger(  841): Attempting to destroy on removed layer: Splash Screen com.pundix.xwallet#0
12-17 15:44:07.724 D/AppClonerManagerService( 1426): hookAppClonerIntent step3 callingPackage [com.pundix.xwallet]
12-17 15:44:07.724 D/AppClonerManagerService( 1426): hookAppClonerIntent step3 aInfo.packageName [com.pundix.xwallet]
12-17 15:44:07.724 I/ActivityManager( 1426): originalIntent is Intent { cmp=com.pundix.xwallet/.ui.SplashActivity } after hook intent Intent { cmp=com.pundix.xwallet/.ui.SplashActivity }-aInfo ActivityInfo{77dd48e com.pundix.xwallet.ui.SplashActivity}-toUser0
12-17 15:44:07.724 D/ActivityManager( 1426): AppClone, pair.first - ActivityInfo{77dd48e com.pundix.xwallet.ui.SplashActivity}
12-17 15:44:07.724 D/ActivityManager( 1426): AppClone, pair.second - Intent { cmp=com.pundix.xwallet/.ui.SplashActivity }
12-17 15:44:07.724 I/ActivityManager( 1426): START u0 {cmp=com.pundix.xwallet/.ui.SplashActivity} from uid 10014
12-17 15:44:08.464 D/AR_ADV_APPS_USAGE_COL( 1426): com.pundix.xwallet -> resizable apps -> USAGE 2594
12-17 15:44:09.091 D/AppClonerManagerService( 1426): hookAppClonerIntent step3 callingPackage [com.pundix.xwallet]
12-17 15:44:09.091 D/AppClonerManagerService( 1426): hookAppClonerIntent step3 aInfo.packageName [com.pundix.xwallet]
12-17 15:44:09.091 I/ActivityManager( 1426): originalIntent is Intent { cmp=com.pundix.xwallet/.ui.login.SignInActivity } after hook intent Intent { cmp=com.pundix.xwallet/.ui.login.SignInActivity }-aInfo ActivityInfo{54b02b2 com.pundix.xwallet.ui.login.SignInActivity}-toUser0
12-17 15:44:09.091 D/ActivityManager( 1426): AppClone, pair.first - ActivityInfo{54b02b2 com.pundix.xwallet.ui.login.SignInActivity}
12-17 15:44:09.091 D/ActivityManager( 1426): AppClone, pair.second - Intent { cmp=com.pundix.xwallet/.ui.login.SignInActivity }
12-17 15:44:09.091 I/ActivityManager( 1426): START u0 {cmp=com.pundix.xwallet/.ui.login.SignInActivity} from uid 10014
12-17 15:44:09.368 I/chatty  (14564): uid=10014(com.pundix.xwallet) expire 1 line
12-17 15:44:09.954 D/AR_ADV_APPS_USAGE_COL( 1426): com.pundix.xwallet -> resizable apps -> USAGE 1515
12-17 15:44:10.344 D/AppClonerManagerService( 1426): hookAppClonerIntent step3 callingPackage [com.pundix.xwallet]
12-17 15:44:10.344 D/AppClonerManagerService( 1426): hookAppClonerIntent step3 aInfo.packageName [com.pundix.xwallet]
12-17 15:44:10.344 I/ActivityManager( 1426): originalIntent is Intent { cmp=com.pundix.xwallet/.ui.my.NewsNationActivity (has extras) } after hook intent Intent { cmp=com.pundix.xwallet/.ui.my.NewsNationActivity (has extras) }-aInfo ActivityInfo{717816a com.pundix.xwallet.ui.my.NewsNationActivity}-toUser0
12-17 15:44:10.344 D/ActivityManager( 1426): AppClone, pair.first - ActivityInfo{717816a com.pundix.xwallet.ui.my.NewsNationActivity}
12-17 15:44:10.345 D/ActivityManager( 1426): AppClone, pair.second - Intent { cmp=com.pundix.xwallet/.ui.my.NewsNationActivity (has extras) }
12-17 15:44:10.345 I/ActivityManager( 1426): START u0 {cmp=com.pundix.xwallet/.ui.my.NewsNationActivity (has extras)} from uid 10014
12-17 15:44:10.454 I/.pundix.xwalle(14564):   at void com.pundix.xwallet.c.b.<init>(android.content.Context) (DbManager.java:27)
12-17 15:44:10.454 I/.pundix.xwalle(14564):   at com.pundix.xwallet.c.b com.pundix.xwallet.c.b.a(android.content.Context) (DbManager.java:36)
12-17 15:44:10.454 I/.pundix.xwalle(14564):   at android.database.sqlite.SQLiteDatabase com.pundix.xwallet.c.b.b(android.content.Context) (DbManager.java:63)
12-17 15:44:10.454 I/.pundix.xwalle(14564):   at com.pundix.xwallet.greendao.a com.pundix.xwallet.c.b.c(android.content.Context) (DbManager.java:79)
12-17 15:44:10.454 I/.pundix.xwalle(14564):   at com.pundix.xwallet.greendao.b com.pundix.xwallet.c.b.d(android.content.Context) (DbManager.java:95)
12-17 15:44:10.454 I/.pundix.xwalle(14564):   at java.util.List com.pundix.xwallet.c.c.b(android.content.Context) (NationListDaoManager.java:40)
12-17 15:44:10.454 I/.pundix.xwalle(14564):   at void com.pundix.xwallet.ui.my.NewsNationActivity.b() (NewsNationActivity.java:84)
12-17 15:44:10.454 I/.pundix.xwalle(14564):   at void com.pundix.xwallet.base.BaseAppCompatActivity.onCreate(android.os.Bundle) (BaseAppCompatActivity.java:128)
12-17 15:44:10.455 I/.pundix.xwalle(14564):   at void com.pundix.xwallet.c.b.<init>(android.content.Context) (DbManager.java:27)
12-17 15:44:10.455 I/.pundix.xwalle(14564):   at com.pundix.xwallet.c.b com.pundix.xwallet.c.b.a(android.content.Context) (DbManager.java:36)
12-17 15:44:10.455 I/.pundix.xwalle(14564):   at android.database.sqlite.SQLiteDatabase com.pundix.xwallet.c.b.b(android.content.Context) (DbManager.java:63)
12-17 15:44:10.455 I/.pundix.xwalle(14564):   at com.pundix.xwallet.greendao.a com.pundix.xwallet.c.b.c(android.content.Context) (DbManager.java:79)
12-17 15:44:10.455 I/.pundix.xwalle(14564):   at com.pundix.xwallet.greendao.b com.pundix.xwallet.c.b.d(android.content.Context) (DbManager.java:95)
12-17 15:44:10.455 I/.pundix.xwalle(14564):   at java.util.List com.pundix.xwallet.c.c.b(android.content.Context) (NationListDaoManager.java:40)
12-17 15:44:10.455 I/.pundix.xwalle(14564):   at void com.pundix.xwallet.ui.my.NewsNationActivity.b() (NewsNationActivity.java:84)
12-17 15:44:10.455 I/.pundix.xwalle(14564):   at void com.pundix.xwallet.base.BaseAppCompatActivity.onCreate(android.os.Bundle) (BaseAppCompatActivity.java:128)
12-17 15:44:10.455 I/.pundix.xwalle(14564): Caused by: java.lang.ClassNotFoundException: Didn't find class "net.sqlcipher.database.SQLiteOpenHelper" on path: DexPathList[[zip file "/system/framework/org.apache.http.legacy.boot.jar", zip file "/data/app/com.pundix.xwallet-G4zNvx0DUHDp0rlNi4KSEQ==/base.apk"],nativeLibraryDirectories=[/data/app/com.pundix.xwallet-G4zNvx0DUHDp0rlNi4KSEQ==/lib/arm64, /system/lib64]]
12-17 15:44:10.455 I/.pundix.xwalle(14564):   at void com.pundix.xwallet.c.b.<init>(android.content.Context) (DbManager.java:27)
12-17 15:44:10.455 I/.pundix.xwalle(14564):   at com.pundix.xwallet.c.b com.pundix.xwallet.c.b.a(android.content.Context) (DbManager.java:36)
12-17 15:44:10.455 I/.pundix.xwalle(14564):   at android.database.sqlite.SQLiteDatabase com.pundix.xwallet.c.b.b(android.content.Context) (DbManager.java:63)
