12-17 15:53:57.303 I/.pundix.xwalle(16560):   at com.pundix.xwallet.c.b com.pundix.xwallet.c.b.a(android.content.Context) (DbManager.java:36)
12-17 15:53:57.303 I/.pundix.xwalle(16560):   at android.database.sqlite.SQLiteDatabase com.pundix.xwallet.c.b.b(android.content.Context) (DbManager.java:63)
12-17 15:53:57.303 I/.pundix.xwalle(16560):   at com.pundix.xwallet.greendao.a com.pundix.xwallet.c.b.c(android.content.Context) (DbManager.java:79)
12-17 15:53:57.303 I/.pundix.xwalle(16560):   at com.pundix.xwallet.greendao.b com.pundix.xwallet.c.b.d(android.content.Context) (DbManager.java:95)
12-17 15:53:57.303 I/.pundix.xwalle(16560):   at java.util.List com.pundix.xwallet.c.a.b(android.content.Context) (CardIdDaoManager.java:53)
12-17 15:53:57.303 I/.pundix.xwalle(16560):   at void com.pundix.xwallet.ui.home.HomeCardStackFragment$1.a(com.carlrocks.a.a.d.c) (HomeCardStackFragment.java:221)
12-17 15:53:57.303 I/.pundix.xwalle(16560):   at void com.pundix.xwallet.ui.home.HomeCardStackFragment$1.a(java.lang.Object) (HomeCardStackFragment.java:199)
12-17 15:53:57.303 I/.pundix.xwalle(16560): Caused by: java.lang.ClassNotFoundException: Didn't find class "net.sqlcipher.database.SQLiteOpenHelper" on path: DexPathList[[zip file "/system/framework/org.apache.http.legacy.boot.jar", zip file "/data/app/com.pundix.xwallet-G4zNvx0DUHDp0rlNi4KSEQ==/base.apk"],nativeLibraryDirectories=[/data/app/com.pundix.xwallet-G4zNvx0DUHDp0rlNi4KSEQ==/lib/arm64, /system/lib64]]
12-17 15:53:57.303 I/.pundix.xwalle(16560):   at void com.pundix.xwallet.c.b.<init>(android.content.Context) (DbManager.java:27)
12-17 15:53:57.303 I/.pundix.xwalle(16560):   at com.pundix.xwallet.c.b com.pundix.xwallet.c.b.a(android.content.Context) (DbManager.java:36)
12-17 15:53:57.303 I/.pundix.xwalle(16560):   at android.database.sqlite.SQLiteDatabase com.pundix.xwallet.c.b.b(android.content.Context) (DbManager.java:63)
12-17 15:53:57.303 I/.pundix.xwalle(16560):   at com.pundix.xwallet.greendao.a com.pundix.xwallet.c.b.c(android.content.Context) (DbManager.java:79)
12-17 15:53:57.303 I/.pundix.xwalle(16560):   at com.pundix.xwallet.greendao.b com.pundix.xwallet.c.b.d(android.content.Context) (DbManager.java:95)
12-17 15:53:57.303 I/.pundix.xwalle(16560):   at java.util.List com.pundix.xwallet.c.a.b(android.content.Context) (CardIdDaoManager.java:53)
12-17 15:53:57.303 I/.pundix.xwalle(16560):   at void com.pundix.xwallet.ui.home.HomeCardStackFragment$1.a(com.carlrocks.a.a.d.c) (HomeCardStackFragment.java:221)
12-17 15:53:57.303 I/.pundix.xwalle(16560):   at void com.pundix.xwallet.ui.home.HomeCardStackFragment$1.a(java.lang.Object) (HomeCardStackFragment.java:199)
12-17 15:53:57.303 I/.pundix.xwalle(16560):   at void com.pundix.xwallet.c.b.<init>(android.content.Context) (DbManager.java:27)
12-17 15:53:57.303 I/.pundix.xwalle(16560):   at com.pundix.xwallet.c.b com.pundix.xwallet.c.b.a(android.content.Context) (DbManager.java:36)
12-17 15:53:57.303 I/.pundix.xwalle(16560):   at android.database.sqlite.SQLiteDatabase com.pundix.xwallet.c.b.b(android.content.Context) (DbManager.java:63)
12-17 15:53:57.303 I/.pundix.xwalle(16560):   at com.pundix.xwallet.greendao.a com.pundix.xwallet.c.b.c(android.content.Context) (DbManager.java:79)
12-17 15:53:57.303 I/.pundix.xwalle(16560):   at com.pundix.xwallet.greendao.b com.pundix.xwallet.c.b.d(android.content.Context) (DbManager.java:95)
12-17 15:53:57.303 I/.pundix.xwalle(16560):   at java.util.List com.pundix.xwallet.c.a.b(android.content.Context) (CardIdDaoManager.java:53)
12-17 15:53:57.303 I/.pundix.xwalle(16560):   at void com.pundix.xwallet.ui.home.HomeCardStackFragment$1.a(com.carlrocks.a.a.d.c) (HomeCardStackFragment.java:221)
12-17 15:53:57.303 I/.pundix.xwalle(16560):   at void com.pundix.xwallet.ui.home.HomeCardStackFragment$1.a(java.lang.Object) (HomeCardStackFragment.java:199)
12-17 15:53:57.303 I/.pundix.xwalle(16560): Caused by: java.lang.ClassNotFoundException: Didn't find class "net.sqlcipher.database.SQLiteOpenHelper" on path: DexPathList[[zip file "/system/framework/org.apache.http.legacy.boot.jar", zip file "/data/app/com.pundix.xwallet-G4zNvx0DUHDp0rlNi4KSEQ==/base.apk"],nativeLibraryDirectories=[/data/app/com.pundix.xwallet-G4zNvx0DUHDp0rlNi4KSEQ==/lib/arm64, /system/lib64]]
12-17 15:53:57.303 I/.pundix.xwalle(16560):   at void com.pundix.xwallet.c.b.<init>(android.content.Context) (DbManager.java:27)
12-17 15:53:57.303 I/.pundix.xwalle(16560):   at com.pundix.xwallet.c.b com.pundix.xwallet.c.b.a(android.content.Context) (DbManager.java:36)
12-17 15:53:57.303 I/.pundix.xwalle(16560):   at android.database.sqlite.SQLiteDatabase com.pundix.xwallet.c.b.b(android.content.Context) (DbManager.java:63)
12-17 15:53:57.303 I/.pundix.xwalle(16560):   at com.pundix.xwallet.greendao.a com.pundix.xwallet.c.b.c(android.content.Context) (DbManager.java:79)
12-17 15:53:57.303 I/.pundix.xwalle(16560):   at com.pundix.xwallet.greendao.b com.pundix.xwallet.c.b.d(android.content.Context) (DbManager.java:95)
12-17 15:53:57.303 I/.pundix.xwalle(16560):   at java.util.List com.pundix.xwallet.c.a.b(android.content.Context) (CardIdDaoManager.java:53)
12-17 15:53:57.303 I/.pundix.xwalle(16560):   at void com.pundix.xwallet.ui.home.HomeCardStackFragment$1.a(com.carlrocks.a.a.d.c) (HomeCardStackFragment.java:221)
12-17 15:53:57.303 I/.pundix.xwalle(16560):   at void com.pundix.xwallet.ui.home.HomeCardStackFragment$1.a(java.lang.Object) (HomeCardStackFragment.java:199)
12-17 15:53:57.303 I/.pundix.xwalle(16560):   at void com.pundix.xwallet.c.b.<init>(android.content.Context) (DbManager.java:27)
12-17 15:53:57.303 I/.pundix.xwalle(16560):   at com.pundix.xwallet.c.b com.pundix.xwallet.c.b.a(android.content.Context) (DbManager.java:36)
12-17 15:53:57.303 I/.pundix.xwalle(16560):   at android.database.sqlite.SQLiteDatabase com.pundix.xwallet.c.b.b(android.content.Context) (DbManager.java:63)
12-17 15:53:57.303 I/.pundix.xwalle(16560):   at com.pundix.xwallet.greendao.a com.pundix.xwallet.c.b.c(android.content.Context) (DbManager.java:79)
12-17 15:53:57.303 I/.pundix.xwalle(16560):   at com.pundix.xwallet.greendao.b com.pundix.xwallet.c.b.d(android.content.Context) (DbManager.java:95)
12-17 15:53:57.303 I/.pundix.xwalle(16560):   at java.util.List com.pundix.xwallet.c.a.b(android.content.Context) (CardIdDaoManager.java:53)
12-17 15:53:57.303 I/.pundix.xwalle(16560):   at void com.pundix.xwallet.ui.home.HomeCardStackFragment$1.a(com.carlrocks.a.a.d.c) (HomeCardStackFragment.java:221)
12-17 15:53:57.303 I/.pundix.xwalle(16560):   at void com.pundix.xwallet.ui.home.HomeCardStackFragment$1.a(java.lang.Object) (HomeCardStackFragment.java:199)
12-17 15:53:57.303 I/.pundix.xwalle(16560): Caused by: java.lang.ClassNotFoundException: Didn't find class "net.sqlcipher.database.SQLiteOpenHelper" on path: DexPathList[[zip file "/system/framework/org.apache.http.legacy.boot.jar", zip file "/data/app/com.pundix.xwallet-G4zNvx0DUHDp0rlNi4KSEQ==/base.apk"],nativeLibraryDirectories=[/data/app/com.pundix.xwallet-G4zNvx0DUHDp0rlNi4KSEQ==/lib/arm64, /system/lib64]]
12-17 15:53:57.303 I/.pundix.xwalle(16560):   at void com.pundix.xwallet.c.b.<init>(android.content.Context) (DbManager.java:27)
12-17 15:53:57.303 I/.pundix.xwalle(16560):   at com.pundix.xwallet.c.b com.pundix.xwallet.c.b.a(android.content.Context) (DbManager.java:36)
12-17 15:53:57.303 I/.pundix.xwalle(16560):   at android.database.sqlite.SQLiteDatabase com.pundix.xwallet.c.b.b(android.content.Context) (DbManager.java:63)
12-17 15:53:57.303 I/.pundix.xwalle(16560):   at com.pundix.xwallet.greendao.a com.pundix.xwallet.c.b.c(android.content.Context) (DbManager.java:79)
12-17 15:53:57.303 I/.pundix.xwalle(16560):   at com.pundix.xwallet.greendao.b com.pundix.xwallet.c.b.d(android.content.Context) (DbManager.java:95)
12-17 15:53:57.303 I/.pundix.xwalle(16560):   at java.util.List com.pundix.xwallet.c.a.b(android.content.Context) (CardIdDaoManager.java:53)
12-17 15:53:57.303 I/.pundix.xwalle(16560):   at void com.pundix.xwallet.ui.home.HomeCardStackFragment$1.a(com.carlrocks.a.a.d.c) (HomeCardStackFragment.java:221)
12-17 15:53:57.303 I/.pundix.xwalle(16560):   at void com.pundix.xwallet.ui.home.HomeCardStackFragment$1.a(java.lang.Object) (HomeCardStackFragment.java:199)
12-17 15:53:57.304 I/.pundix.xwalle(16560):   at void com.pundix.xwallet.c.b.<init>(android.content.Context) (DbManager.java:27)
12-17 15:53:57.304 I/.pundix.xwalle(16560):   at com.pundix.xwallet.c.b com.pundix.xwallet.c.b.a(android.content.Context) (DbManager.java:36)
12-17 15:53:57.304 I/.pundix.xwalle(16560):   at android.database.sqlite.SQLiteDatabase com.pundix.xwallet.c.b.b(android.content.Context) (DbManager.java:63)
12-17 15:53:57.304 I/.pundix.xwalle(16560):   at com.pundix.xwallet.greendao.a com.pundix.xwallet.c.b.c(android.content.Context) (DbManager.java:79)
12-17 15:53:57.304 I/.pundix.xwalle(16560):   at com.pundix.xwallet.greendao.b com.pundix.xwallet.c.b.d(android.content.Context) (DbManager.java:95)
12-17 15:53:57.304 I/.pundix.xwalle(16560):   at java.util.List com.pundix.xwallet.c.a.b(android.content.Context) (CardIdDaoManager.java:53)
12-17 15:53:57.304 I/.pundix.xwalle(16560):   at void com.pundix.xwallet.ui.home.HomeCardStackFragment$1.a(com.carlrocks.a.a.d.c) (HomeCardStackFragment.java:221)
12-17 15:53:57.304 I/.pundix.xwalle(16560):   at void com.pundix.xwallet.ui.home.HomeCardStackFragment$1.a(java.lang.Object) (HomeCardStackFragment.java:199)
12-17 15:53:57.304 I/.pundix.xwalle(16560): Caused by: java.lang.ClassNotFoundException: Didn't find class "net.sqlcipher.database.SQLiteOpenHelper" on path: DexPathList[[zip file "/system/framework/org.apache.http.legacy.boot.jar", zip file "/data/app/com.pundix.xwallet-G4zNvx0DUHDp0rlNi4KSEQ==/base.apk"],nativeLibraryDirectories=[/data/app/com.pundix.xwallet-G4zNvx0DUHDp0rlNi4KSEQ==/lib/arm64, /system/lib64]]
12-17 15:53:57.304 I/.pundix.xwalle(16560):   at void com.pundix.xwallet.c.b.<init>(android.content.Context) (DbManager.java:27)
12-17 15:53:57.304 I/.pundix.xwalle(16560):   at com.pundix.xwallet.c.b com.pundix.xwallet.c.b.a(android.content.Context) (DbManager.java:36)
12-17 15:53:57.304 I/.pundix.xwalle(16560):   at android.database.sqlite.SQLiteDatabase com.pundix.xwallet.c.b.b(android.content.Context) (DbManager.java:63)
12-17 15:53:57.304 I/.pundix.xwalle(16560):   at com.pundix.xwallet.greendao.a com.pundix.xwallet.c.b.c(android.content.Context) (DbManager.java:79)
12-17 15:53:57.304 I/.pundix.xwalle(16560):   at com.pundix.xwallet.greendao.b com.pundix.xwallet.c.b.d(android.content.Context) (DbManager.java:95)
12-17 15:53:57.304 I/.pundix.xwalle(16560):   at java.util.List com.pundix.xwallet.c.a.b(android.content.Context) (CardIdDaoManager.java:53)
12-17 15:53:57.304 I/.pundix.xwalle(16560):   at void com.pundix.xwallet.ui.home.HomeCardStackFragment$1.a(com.carlrocks.a.a.d.c) (HomeCardStackFragment.java:221)
12-17 15:53:57.304 I/.pundix.xwalle(16560):   at void com.pundix.xwallet.ui.home.HomeCardStackFragment$1.a(java.lang.Object) (HomeCardStackFragment.java:199)
12-17 15:53:57.304 I/.pundix.xwalle(16560):   at void com.pundix.xwallet.c.b.<init>(android.content.Context) (DbManager.java:27)
12-17 15:53:57.304 I/.pundix.xwalle(16560):   at com.pundix.xwallet.c.b com.pundix.xwallet.c.b.a(android.content.Context) (DbManager.java:36)
12-17 15:53:57.304 I/.pundix.xwalle(16560):   at android.database.sqlite.SQLiteDatabase com.pundix.xwallet.c.b.b(android.content.Context) (DbManager.java:63)
12-17 15:53:57.304 I/.pundix.xwalle(16560):   at com.pundix.xwallet.greendao.a com.pundix.xwallet.c.b.c(android.content.Context) (DbManager.java:79)
12-17 15:53:57.304 I/.pundix.xwalle(16560):   at com.pundix.xwallet.greendao.b com.pundix.xwallet.c.b.d(android.content.Context) (DbManager.java:95)
12-17 15:53:57.304 I/.pundix.xwalle(16560):   at java.util.List com.pundix.xwallet.c.a.b(android.content.Context) (CardIdDaoManager.java:53)
12-17 15:53:57.304 I/.pundix.xwalle(16560):   at void com.pundix.xwallet.ui.home.HomeCardStackFragment$1.a(com.carlrocks.a.a.d.c) (HomeCardStackFragment.java:221)
12-17 15:53:57.304 I/.pundix.xwalle(16560):   at void com.pundix.xwallet.ui.home.HomeCardStackFragment$1.a(java.lang.Object) (HomeCardStackFragment.java:199)
12-17 15:53:57.304 I/.pundix.xwalle(16560): Caused by: java.lang.ClassNotFoundException: Didn't find class "net.sqlcipher.database.SQLiteOpenHelper" on path: DexPathList[[zip file "/system/framework/org.apache.http.legacy.boot.jar", zip file "/data/app/com.pundix.xwallet-G4zNvx0DUHDp0rlNi4KSEQ==/base.apk"],nativeLibraryDirectories=[/data/app/com.pundix.xwallet-G4zNvx0DUHDp0rlNi4KSEQ==/lib/arm64, /system/lib64]]
12-17 15:53:57.304 I/.pundix.xwalle(16560):   at void com.pundix.xwallet.c.b.<init>(android.content.Context) (DbManager.java:27)
12-17 15:53:57.304 I/.pundix.xwalle(16560):   at com.pundix.xwallet.c.b com.pundix.xwallet.c.b.a(android.content.Context) (DbManager.java:36)
12-17 15:53:57.304 I/.pundix.xwalle(16560):   at android.database.sqlite.SQLiteDatabase com.pundix.xwallet.c.b.b(android.content.Context) (DbManager.java:63)
12-17 15:53:57.304 I/.pundix.xwalle(16560):   at com.pundix.xwallet.greendao.a com.pundix.xwallet.c.b.c(android.content.Context) (DbManager.java:79)
12-17 15:53:57.304 I/.pundix.xwalle(16560):   at com.pundix.xwallet.greendao.b com.pundix.xwallet.c.b.d(android.content.Context) (DbManager.java:95)
12-17 15:53:57.304 I/.pundix.xwalle(16560):   at java.util.List com.pundix.xwallet.c.a.b(android.content.Context) (CardIdDaoManager.java:53)
12-17 15:53:57.304 I/.pundix.xwalle(16560):   at void com.pundix.xwallet.ui.home.HomeCardStackFragment$1.a(com.carlrocks.a.a.d.c) (HomeCardStackFragment.java:221)
12-17 15:53:57.304 I/.pundix.xwalle(16560):   at void com.pundix.xwallet.ui.home.HomeCardStackFragment$1.a(java.lang.Object) (HomeCardStackFragment.java:199)
12-17 15:53:57.304 I/.pundix.xwalle(16560):   at void com.pundix.xwallet.c.b.<init>(android.content.Context) (DbManager.java:27)
12-17 15:53:57.304 I/.pundix.xwalle(16560):   at com.pundix.xwallet.c.b com.pundix.xwallet.c.b.a(android.content.Context) (DbManager.java:36)
12-17 15:53:57.304 I/.pundix.xwalle(16560):   at android.database.sqlite.SQLiteDatabase com.pundix.xwallet.c.b.b(android.content.Context) (DbManager.java:63)
12-17 15:53:57.304 I/.pundix.xwalle(16560):   at com.pundix.xwallet.greendao.a com.pundix.xwallet.c.b.c(android.content.Context) (DbManager.java:79)
12-17 15:53:57.304 I/.pundix.xwalle(16560):   at com.pundix.xwallet.greendao.b com.pundix.xwallet.c.b.d(android.content.Context) (DbManager.java:95)
12-17 15:53:57.304 I/.pundix.xwalle(16560):   at java.util.List com.pundix.xwallet.c.a.b(android.content.Context) (CardIdDaoManager.java:53)
12-17 15:53:57.304 I/.pundix.xwalle(16560):   at void com.pundix.xwallet.ui.home.HomeCardStackFragment$1.a(com.carlrocks.a.a.d.c) (HomeCardStackFragment.java:221)
12-17 15:53:57.304 I/.pundix.xwalle(16560):   at void com.pundix.xwallet.ui.home.HomeCardStackFragment$1.a(java.lang.Object) (HomeCardStackFragment.java:199)
12-17 15:53:57.304 I/.pundix.xwalle(16560): Caused by: java.lang.ClassNotFoundException: Didn't find class "net.sqlcipher.database.SQLiteOpenHelper" on path: DexPathList[[zip file "/system/framework/org.apache.http.legacy.boot.jar", zip file "/data/app/com.pundix.xwallet-G4zNvx0DUHDp0rlNi4KSEQ==/base.apk"],nativeLibraryDirectories=[/data/app/com.pundix.xwallet-G4zNvx0DUHDp0rlNi4KSEQ==/lib/arm64, /system/lib64]]
12-17 15:53:57.304 I/.pundix.xwalle(16560):   at void com.pundix.xwallet.c.b.<init>(android.content.Context) (DbManager.java:27)
12-17 15:53:57.304 I/.pundix.xwalle(16560):   at com.pundix.xwallet.c.b com.pundix.xwallet.c.b.a(android.content.Context) (DbManager.java:36)
12-17 15:53:57.304 I/.pundix.xwalle(16560):   at android.database.sqlite.SQLiteDatabase com.pundix.xwallet.c.b.b(android.content.Context) (DbManager.java:63)
12-17 15:53:57.304 I/.pundix.xwalle(16560):   at com.pundix.xwallet.greendao.a com.pundix.xwallet.c.b.c(android.content.Context) (DbManager.java:79)
12-17 15:53:57.304 I/.pundix.xwalle(16560):   at com.pundix.xwallet.greendao.b com.pundix.xwallet.c.b.d(android.content.Context) (DbManager.java:95)
12-17 15:53:57.304 I/.pundix.xwalle(16560):   at java.util.List com.pundix.xwallet.c.a.b(android.content.Context) (CardIdDaoManager.java:53)
12-17 15:53:57.304 I/.pundix.xwalle(16560):   at void com.pundix.xwallet.ui.home.HomeCardStackFragment$1.a(com.carlrocks.a.a.d.c) (HomeCardStackFragment.java:221)
12-17 15:53:57.304 I/.pundix.xwalle(16560):   at void com.pundix.xwallet.ui.home.HomeCardStackFragment$1.a(java.lang.Object) (HomeCardStackFragment.java:199)
12-17 15:53:57.305 I/.pundix.xwalle(16560):   at void com.pundix.xwallet.c.b.<init>(android.content.Context) (DbManager.java:27)
12-17 15:53:57.305 I/.pundix.xwalle(16560):   at com.pundix.xwallet.c.b com.pundix.xwallet.c.b.a(android.content.Context) (DbManager.java:36)
12-17 15:53:57.305 I/.pundix.xwalle(16560):   at android.database.sqlite.SQLiteDatabase com.pundix.xwallet.c.b.b(android.content.Context) (DbManager.java:63)
12-17 15:53:57.305 I/.pundix.xwalle(16560):   at com.pundix.xwallet.greendao.a com.pundix.xwallet.c.b.c(android.content.Context) (DbManager.java:79)
12-17 15:53:57.305 I/.pundix.xwalle(16560):   at com.pundix.xwallet.greendao.b com.pundix.xwallet.c.b.d(android.content.Context) (DbManager.java:95)
12-17 15:53:57.305 I/.pundix.xwalle(16560):   at java.util.List com.pundix.xwallet.c.a.b(android.content.Context) (CardIdDaoManager.java:53)
12-17 15:53:57.305 I/.pundix.xwalle(16560):   at void com.pundix.xwallet.ui.home.HomeCardStackFragment$1.a(com.carlrocks.a.a.d.c) (HomeCardStackFragment.java:221)
12-17 15:53:57.305 I/.pundix.xwalle(16560):   at void com.pundix.xwallet.ui.home.HomeCardStackFragment$1.a(java.lang.Object) (HomeCardStackFragment.java:199)
12-17 15:53:57.306 I/.pundix.xwalle(16560):   at void com.pundix.xwallet.c.b.<init>(android.content.Context) (DbManager.java:27)
12-17 15:53:57.307 I/.pundix.xwalle(16560):   at void com.pundix.xwallet.c.b.<init>(android.content.Context) (DbManager.java:27)
12-17 15:53:57.307 I/.pundix.xwalle(16560):   at com.pundix.xwallet.c.b com.pundix.xwallet.c.b.a(android.content.Context) (DbManager.java:36)
12-17 15:53:57.308 I/.pundix.xwalle(16560):   at android.database.sqlite.SQLiteDatabase com.pundix.xwallet.c.b.b(android.content.Context) (DbManager.java:63)
12-17 15:53:57.309 I/.pundix.xwalle(16560):   at void com.pundix.xwallet.c.b.<init>(android.content.Context) (DbManager.java:27)
12-17 15:53:57.313 I/ActivityManager( 1426): Displayed com.pundix.xwallet/.ui.NewsMainActivity: +894ms
12-17 15:53:57.870 D/AR_ADV_APPS_USAGE_COL( 1426): com.pundix.xwallet -> resizable apps -> USAGE 15655
12-17 15:53:57.892 W/cr_CrashFileManager(16560): /data/user/0/com.pundix.xwallet/cache/WebView/Crash Reports does not exist or is not a directory
12-17 15:54:00.844 I/ActivityManager( 1426): Force stopping com.pundix.xwallet appid=10014 user=0: from pid 16692
12-17 15:54:00.844 I/ActivityManager( 1426): Killing 16560:com.pundix.xwallet/u0a14 (adj 0): stop com.pundix.xwallet
12-17 15:54:00.862 W/ActivityManager( 1426): Force removing ActivityRecord{6a9d4bb u0 com.pundix.xwallet/.ui.NewsMainActivity t1470}: app died, no saved state
12-17 15:54:00.875 W/SurfaceFlinger(  841): Attempting to destroy on removed layer: AppWindowToken{dd2d531 token=Token{8c2bdd8 ActivityRecord{6a9d4bb u0 com.pundix.xwallet/.ui.NewsMainActivity t1470}}}#0
12-17 15:54:00.916 D/AR_ADV_APPS_USAGE_COL( 1426): com.pundix.xwallet -> resizable apps -> USAGE 3197
12-17 15:54:03.043 I/ActivityManager( 1426): Force stopping com.pundix.xwallet appid=10014 user=0: from pid 16766
12-17 15:54:03.127 D/ActivityManager( 1426): clearApplicationUserData(AMS), packageName=com.pundix.xwallet, userId=0, keepState=false, resolvedUserId=0, uid=2000, pid=16770
12-17 15:54:03.128 I/ActivityManager( 1426): Force stopping com.pundix.xwallet appid=10014 user=0: clear data
12-17 15:54:03.133 I/ConditionProviders( 1426): Disallowing condition provider com.pundix.xwallet
12-17 15:54:03.134 I/ActivityManager( 1426): Force stopping com.pundix.xwallet appid=10014 user=-1: clearApplicationUserData
12-17 15:54:03.220 I/FihWeatherService/UpdateService( 3878): ACTION_PACKAGE_DATA_CLEARED packageName:com.pundix.xwallet
12-17 15:54:03.221 I/GeofencerStateMachine( 3557): removeGeofences: removeRequest=RemoveGeofencingRequest[REMOVE_ALL packageName=com.pundix.xwallet]
12-17 15:54:03.269 I/LocationSettingsChecker( 5714): Removing dialog suppression flag for package com.pundix.xwallet
12-17 15:54:03.285 I/Icing   ( 5714): doRemovePackageData com.pundix.xwallet
12-17 15:54:04.990 I/ActivityManager( 1426): Force stopping com.pundix.xwallet appid=10014 user=0: from pid 16841
12-17 15:54:05.245 D/AppClonerManagerService( 1426): aInfo.packageName:com.pundix.xwallet
12-17 15:54:05.245 I/ActivityManager( 1426): originalIntent is Intent { flg=0x10000000 cmp=com.pundix.xwallet/.ui.StartupActivity } after hook intent Intent { flg=0x10000000 cmp=com.pundix.xwallet/.ui.StartupActivity }-aInfo ActivityInfo{f5a0aca com.pundix.xwallet.ui.StartupActivity}-toUser0
12-17 15:54:05.245 D/ActivityManager( 1426): AppClone, pair.first - ActivityInfo{f5a0aca com.pundix.xwallet.ui.StartupActivity}
12-17 15:54:05.246 D/ActivityManager( 1426): AppClone, pair.second - Intent { flg=0x10000000 cmp=com.pundix.xwallet/.ui.StartupActivity }
12-17 15:54:05.246 I/ActivityManager( 1426): START u0 {flg=0x10000000 cmp=com.pundix.xwallet/.ui.StartupActivity} from uid 2000
12-17 15:54:05.266 D/ActivityTrigger( 1426): activityStartTrigger: Activity is Triggerred in full screen ApplicationInfo{31f917 com.pundix.xwallet}
12-17 15:54:05.266 E/ActivityTrigger( 1426): activityStartTrigger: not whiteListedcom.pundix.xwallet/com.pundix.xwallet.ui.StartupActivity/4
12-17 15:54:05.266 D/ActivityTrigger( 1426): activityResumeTrigger: The activity in ApplicationInfo{31f917 com.pundix.xwallet} is now in focus and seems to be in full-screen mode
12-17 15:54:05.266 E/ActivityTrigger( 1426): activityResumeTrigger: not whiteListedcom.pundix.xwallet/com.pundix.xwallet.ui.StartupActivity/4
12-17 15:54:05.273 I/PhoneWindow( 1426): isAPPNeedChangeSBColor pkgName: com.pundix.xwallet needKeep: false
12-17 15:54:05.274 D/ActivityTrigger( 1426): activityResumeTrigger: The activity in ApplicationInfo{31f917 com.pundix.xwallet} is now in focus and seems to be in full-screen mode
12-17 15:54:05.274 E/ActivityTrigger( 1426): activityResumeTrigger: not whiteListedcom.pundix.xwallet/com.pundix.xwallet.ui.StartupActivity/4
12-17 15:54:05.277 D/ActivityManager( 1426): Package [com.pundix.xwallet] have process
12-17 15:54:05.279 I/PhoneWindow( 1426): isAPPNeedChange pkgName: com.pundix.xwallet needKeep: false
12-17 15:54:05.301 I/ActivityManager( 1426): Start proc 16848:com.pundix.xwallet/u0a14 for activity com.pundix.xwallet/.ui.StartupActivity
12-17 15:54:05.302 D/ActivityManager( 1426): handleProcessStartedLocked mDoneFinishBooting && app.pid != 0 ---> notifyProcessStart, app.processName = com.pundix.xwallet, app.info = ApplicationInfo{31f917 com.pundix.xwallet}, app.hostingType = activity, getHostingName() = ComponentInfo{com.pundix.xwallet/com.pundix.xwallet.ui.StartupActivity}, getIntentFlag() = 0, getIsPackageRunning() = true, app = ProcessRecord{f6df334 16848:com.pundix.xwallet/u0a14}, getExtraData() = Bundle[{ACTIVITY_TASK_AFFINITY=com.pundix.xwallet, ACTIVITY_INTENT=Intent { flg=0x10000000 cmp=com.pundix.xwallet/.ui.StartupActivity }, CALLER_PACKAGE=null, ACTIVITY_INFO=ActivityInfo{f5a0aca com.pundix.xwallet.ui.StartupActivity}}]
12-17 15:54:05.302 V/ActivityManager( 1426): notifyProcessStart: com.pundix.xwallet for: activity from: null packageName: com.pundix.xwallet className: com.pundix.xwallet.ui.StartupActivity
12-17 15:54:05.371 I/[PowerSavingAppG3]BackgroundCleanService( 3723): pid: 16848, calleeApp: com.pundix.xwallet
12-17 15:54:05.371 I/[PowerSavingAppG3]ProcessMonitorService( 3723): pid: 16848, calleeApp: com.pundix.xwallet
12-17 15:54:05.373 I/[PowerSavingAppG3]ProcessMonitorService( 3723): com.pundix.xwallet add to mTopApList.
12-17 15:54:05.374 I/[PowerSavingAppG3]BackgroundCleanService( 3723): com.pundix.xwallet add to mTopApList.
12-17 15:54:05.534 I/PhoneWindow(16848): isAPPNeedChangeSBColor pkgName: com.pundix.xwallet needKeep: false
12-17 15:54:05.555 I/PhoneWindow(16848): isAPPNeedChange pkgName: com.pundix.xwallet needKeep: false
12-17 15:54:05.604 D/[PowerSavingAppG3]ProcessMonitorService( 3723): calleePackageName = com.pundix.xwallet,callerPacageName = null,hostingType = activity,screenOn = true,cmp = com.pundix.xwallet.ui.StartupActivity,cat = ,action = null,isExceptionalActivitiy = false
12-17 15:54:05.605 I/PhoneWindow(16848): isAPPNeedChangeSBColor pkgName: com.pundix.xwallet needKeep: false
12-17 15:54:05.610 D/[PowerSavingAppG3]ProcessMonitorService( 3723): Ignore package com.pundix.xwallet,component = com.pundix.xwallet.ui.StartupActivity
12-17 15:54:05.796 I/ActivityManager( 1426): Displayed com.pundix.xwallet/.ui.StartupActivity: +510ms
12-17 15:54:05.954 W/SurfaceFlinger(  841): Attempting to set client state on removed layer: Splash Screen com.pundix.xwallet#0
12-17 15:54:05.954 W/SurfaceFlinger(  841): Attempting to destroy on removed layer: Splash Screen com.pundix.xwallet#0
12-17 15:54:07.642 D/AppClonerManagerService( 1426): hookAppClonerIntent step3 callingPackage [com.pundix.xwallet]
12-17 15:54:07.643 D/AppClonerManagerService( 1426): hookAppClonerIntent step3 aInfo.packageName [com.pundix.xwallet]
12-17 15:54:07.643 I/ActivityManager( 1426): originalIntent is Intent { cmp=com.pundix.xwallet/.ui.SplashActivity } after hook intent Intent { cmp=com.pundix.xwallet/.ui.SplashActivity }-aInfo ActivityInfo{e896e32 com.pundix.xwallet.ui.SplashActivity}-toUser0
12-17 15:54:07.643 D/ActivityManager( 1426): AppClone, pair.first - ActivityInfo{e896e32 com.pundix.xwallet.ui.SplashActivity}
12-17 15:54:07.643 D/ActivityManager( 1426): AppClone, pair.second - Intent { cmp=com.pundix.xwallet/.ui.SplashActivity }
12-17 15:54:07.643 I/ActivityManager( 1426): START u0 {cmp=com.pundix.xwallet/.ui.SplashActivity} from uid 10014
12-17 15:54:07.653 D/ActivityTrigger( 1426): activityStartTrigger: Activity is Triggerred in full screen ApplicationInfo{c5c3b7e com.pundix.xwallet}
12-17 15:54:07.653 E/ActivityTrigger( 1426): activityStartTrigger: not whiteListedcom.pundix.xwallet/com.pundix.xwallet.ui.SplashActivity/4
12-17 15:54:07.654 D/ActivityTrigger( 1426): activityResumeTrigger: The activity in ApplicationInfo{c5c3b7e com.pundix.xwallet} is now in focus and seems to be in full-screen mode
12-17 15:54:07.654 E/ActivityTrigger( 1426): activityResumeTrigger: not whiteListedcom.pundix.xwallet/com.pundix.xwallet.ui.SplashActivity/4
12-17 15:54:07.681 D/ActivityTrigger( 1426): activityResumeTrigger: The activity in ApplicationInfo{c5c3b7e com.pundix.xwallet} is now in focus and seems to be in full-screen mode
12-17 15:54:07.681 E/ActivityTrigger( 1426): activityResumeTrigger: not whiteListedcom.pundix.xwallet/com.pundix.xwallet.ui.SplashActivity/4
12-17 15:54:07.713 I/PhoneWindow(16848): isAPPNeedChangeSBColor pkgName: com.pundix.xwallet needKeep: false
12-17 15:54:07.723 I/PhoneWindow(16848): isAPPNeedChange pkgName: com.pundix.xwallet needKeep: false
12-17 15:54:07.766 I/PhoneWindow(16848): isAPPNeedChangeSBColor pkgName: com.pundix.xwallet needKeep: false
12-17 15:54:07.886 I/ActivityManager( 1426): Displayed com.pundix.xwallet/.ui.SplashActivity: +196ms
12-17 15:54:08.343 D/AR_ADV_APPS_USAGE_COL( 1426): com.pundix.xwallet -> resizable apps -> USAGE 2547
12-17 15:54:08.848 I/QueryController(16821): Matched selector: UiSelector[INSTANCE=0, RESOURCE_ID=com.pundix.xwallet:id/btnSignIn] <<==>> [android.view.accessibility.AccessibilityNodeInfo@c003; boundsInParent: Rect(0, 0 - 469, 126); boundsInScreen: Rect(39, 1929 - 508, 2055); packageName: com.pundix.xwallet; className: android.widget.Button; text: ; error: null; maxTextLength: -1; contentDescription: null; tooltipText: null; viewIdResName: com.pundix.xwallet:id/btnSignIn; checkable: false; checked: false; focusable: true; focused: false; selected: false; clickable: true; longClickable: false; contextClickable: false; enabled: true; password: false; scrollable: false; importantForAccessibility: true; visible: true; actions: [AccessibilityAction: ACTION_FOCUS - null, AccessibilityAction: ACTION_SELECT - null, AccessibilityAction: ACTION_CLEAR_SELECTION - null, AccessibilityAction: ACTION_CLICK - null, AccessibilityAction: ACTION_ACCESSIBILITY_FOCUS - null, AccessibilityAction: ACTION_NEXT_AT_MOVEMENT_GRANULARITY - null, AccessibilityAction: ACTION_PREVIOUS_AT_MOVEMENT_GRANULARITY - null, AccessibilityAction: ACTION_SET_SELECTION - null, AccessibilityAction: ACTION_SHOW_ON_SCREEN - null]]
12-17 15:54:08.877 I/QueryController(16821): Matched selector: UiSelector[INSTANCE=0, RESOURCE_ID=com.pundix.xwallet:id/btnSignIn] <<==>> [android.view.accessibility.AccessibilityNodeInfo@c003; boundsInParent: Rect(0, 0 - 469, 126); boundsInScreen: Rect(39, 1929 - 508, 2055); packageName: com.pundix.xwallet; className: android.widget.Button; text: ; error: null; maxTextLength: -1; contentDescription: null; tooltipText: null; viewIdResName: com.pundix.xwallet:id/btnSignIn; checkable: false; checked: false; focusable: true; focused: false; selected: false; clickable: true; longClickable: false; contextClickable: false; enabled: true; password: false; scrollable: false; importantForAccessibility: true; visible: true; actions: [AccessibilityAction: ACTION_FOCUS - null, AccessibilityAction: ACTION_SELECT - null, AccessibilityAction: ACTION_CLEAR_SELECTION - null, AccessibilityAction: ACTION_CLICK - null, AccessibilityAction: ACTION_ACCESSIBILITY_FOCUS - null, AccessibilityAction: ACTION_NEXT_AT_MOVEMENT_GRANULARITY - null, AccessibilityAction: ACTION_PREVIOUS_AT_MOVEMENT_GRANULARITY - null, AccessibilityAction: ACTION_SET_SELECTION - null, AccessibilityAction: ACTION_SHOW_ON_SCREEN - null]]
12-17 15:54:09.017 D/AppClonerManagerService( 1426): hookAppClonerIntent step3 callingPackage [com.pundix.xwallet]
12-17 15:54:09.017 D/AppClonerManagerService( 1426): hookAppClonerIntent step3 aInfo.packageName [com.pundix.xwallet]
12-17 15:54:09.017 I/ActivityManager( 1426): originalIntent is Intent { cmp=com.pundix.xwallet/.ui.login.SignInActivity } after hook intent Intent { cmp=com.pundix.xwallet/.ui.login.SignInActivity }-aInfo ActivityInfo{a6011eb com.pundix.xwallet.ui.login.SignInActivity}-toUser0
12-17 15:54:09.017 D/ActivityManager( 1426): AppClone, pair.first - ActivityInfo{a6011eb com.pundix.xwallet.ui.login.SignInActivity}
12-17 15:54:09.017 D/ActivityManager( 1426): AppClone, pair.second - Intent { cmp=com.pundix.xwallet/.ui.login.SignInActivity }
12-17 15:54:09.017 I/ActivityManager( 1426): START u0 {cmp=com.pundix.xwallet/.ui.login.SignInActivity} from uid 10014
12-17 15:54:09.022 D/ActivityTrigger( 1426): activityStartTrigger: Activity is Triggerred in full screen ApplicationInfo{52be1c7 com.pundix.xwallet}
12-17 15:54:09.022 E/ActivityTrigger( 1426): activityStartTrigger: not whiteListedcom.pundix.xwallet/com.pundix.xwallet.ui.login.SignInActivity/4
12-17 15:54:09.023 D/ActivityTrigger( 1426): activityResumeTrigger: The activity in ApplicationInfo{52be1c7 com.pundix.xwallet} is now in focus and seems to be in full-screen mode
12-17 15:54:09.023 E/ActivityTrigger( 1426): activityResumeTrigger: not whiteListedcom.pundix.xwallet/com.pundix.xwallet.ui.login.SignInActivity/4
12-17 15:54:09.047 D/ActivityTrigger( 1426): activityResumeTrigger: The activity in ApplicationInfo{52be1c7 com.pundix.xwallet} is now in focus and seems to be in full-screen mode
12-17 15:54:09.047 E/ActivityTrigger( 1426): activityResumeTrigger: not whiteListedcom.pundix.xwallet/com.pundix.xwallet.ui.login.SignInActivity/4
12-17 15:54:09.085 I/PhoneWindow(16848): isAPPNeedChangeSBColor pkgName: com.pundix.xwallet needKeep: false
12-17 15:54:09.093 I/PhoneWindow(16848): isAPPNeedChange pkgName: com.pundix.xwallet needKeep: false
12-17 15:54:09.442 I/ActivityManager( 1426): Displayed com.pundix.xwallet/.ui.login.SignInActivity: +381ms
12-17 15:54:09.891 D/AR_ADV_APPS_USAGE_COL( 1426): com.pundix.xwallet -> resizable apps -> USAGE 1576
12-17 15:54:10.179 I/QueryController(16821): Matched selector: UiSelector[INSTANCE=0, RESOURCE_ID=com.pundix.xwallet:id/tv_encrytionType] <<==>> [android.view.accessibility.AccessibilityNodeInfo@10757; boundsInParent: Rect(0, 0 - 213, 79); boundsInScreen: Rect(42, 373 - 255, 452); packageName: com.pundix.xwallet; className: android.widget.TextView; text: Venezuela; error: null; maxTextLength: -1; contentDescription: null; tooltipText: null; viewIdResName: com.pundix.xwallet:id/tv_encrytionType; checkable: false; checked: false; focusable: true; focused: false; selected: false; clickable: true; longClickable: false; contextClickable: false; enabled: true; password: false; scrollable: false; importantForAccessibility: true; visible: true; actions: [AccessibilityAction: ACTION_FOCUS - null, AccessibilityAction: ACTION_SELECT - null, AccessibilityAction: ACTION_CLEAR_SELECTION - null, AccessibilityAction: ACTION_CLICK - null, AccessibilityAction: ACTION_ACCESSIBILITY_FOCUS - null, AccessibilityAction: ACTION_NEXT_AT_MOVEMENT_GRANULARITY - null, AccessibilityAction: ACTION_PREVIOUS_AT_MOVEMENT_GRANULARITY - null, AccessibilityAction: ACTION_SET_SELECTION - null, AccessibilityAction: ACTION_SHOW_ON_SCREEN - null]]
12-17 15:54:10.212 I/QueryController(16821): Matched selector: UiSelector[INSTANCE=0, RESOURCE_ID=com.pundix.xwallet:id/tv_encrytionType] <<==>> [android.view.accessibility.AccessibilityNodeInfo@10757; boundsInParent: Rect(0, 0 - 213, 79); boundsInScreen: Rect(42, 373 - 255, 452); packageName: com.pundix.xwallet; className: android.widget.TextView; text: Venezuela; error: null; maxTextLength: -1; contentDescription: null; tooltipText: null; viewIdResName: com.pundix.xwallet:id/tv_encrytionType; checkable: false; checked: false; focusable: true; focused: false; selected: false; clickable: true; longClickable: false; contextClickable: false; enabled: true; password: false; scrollable: false; importantForAccessibility: true; visible: true; actions: [AccessibilityAction: ACTION_FOCUS - null, AccessibilityAction: ACTION_SELECT - null, AccessibilityAction: ACTION_CLEAR_SELECTION - null, AccessibilityAction: ACTION_CLICK - null, AccessibilityAction: ACTION_ACCESSIBILITY_FOCUS - null, AccessibilityAction: ACTION_NEXT_AT_MOVEMENT_GRANULARITY - null, AccessibilityAction: ACTION_PREVIOUS_AT_MOVEMENT_GRANULARITY - null, AccessibilityAction: ACTION_SET_SELECTION - null, AccessibilityAction: ACTION_SHOW_ON_SCREEN - null]]
12-17 15:54:10.337 D/AppClonerManagerService( 1426): hookAppClonerIntent step3 callingPackage [com.pundix.xwallet]
12-17 15:54:10.337 D/AppClonerManagerService( 1426): hookAppClonerIntent step3 aInfo.packageName [com.pundix.xwallet]
12-17 15:54:10.337 I/ActivityManager( 1426): originalIntent is Intent { cmp=com.pundix.xwallet/.ui.my.NewsNationActivity (has extras) } after hook intent Intent { cmp=com.pundix.xwallet/.ui.my.NewsNationActivity (has extras) }-aInfo ActivityInfo{6ddbf43 com.pundix.xwallet.ui.my.NewsNationActivity}-toUser0
12-17 15:54:10.337 D/ActivityManager( 1426): AppClone, pair.first - ActivityInfo{6ddbf43 com.pundix.xwallet.ui.my.NewsNationActivity}
12-17 15:54:10.337 D/ActivityManager( 1426): AppClone, pair.second - Intent { cmp=com.pundix.xwallet/.ui.my.NewsNationActivity (has extras) }
12-17 15:54:10.337 I/ActivityManager( 1426): START u0 {cmp=com.pundix.xwallet/.ui.my.NewsNationActivity (has extras)} from uid 10014
12-17 15:54:10.343 D/ActivityTrigger( 1426): activityStartTrigger: Activity is Triggerred in full screen ApplicationInfo{2930c9f com.pundix.xwallet}
12-17 15:54:10.343 E/ActivityTrigger( 1426): activityStartTrigger: not whiteListedcom.pundix.xwallet/com.pundix.xwallet.ui.my.NewsNationActivity/4
12-17 15:54:10.344 D/ActivityTrigger( 1426): activityResumeTrigger: The activity in ApplicationInfo{2930c9f com.pundix.xwallet} is now in focus and seems to be in full-screen mode
12-17 15:54:10.344 E/ActivityTrigger( 1426): activityResumeTrigger: not whiteListedcom.pundix.xwallet/com.pundix.xwallet.ui.my.NewsNationActivity/4
12-17 15:54:10.373 D/ActivityTrigger( 1426): activityResumeTrigger: The activity in ApplicationInfo{2930c9f com.pundix.xwallet} is now in focus and seems to be in full-screen mode
12-17 15:54:10.373 E/ActivityTrigger( 1426): activityResumeTrigger: not whiteListedcom.pundix.xwallet/com.pundix.xwallet.ui.my.NewsNationActivity/4
12-17 15:54:10.376 I/[PowerSavingAppG3]ProcessMonitorService( 3723): original mTopApList = [com.pundix.xwallet]
12-17 15:54:10.376 I/[PowerSavingAppG3]ProcessMonitorService( 3723): keep mTopApList = [com.pundix.xwallet]
12-17 15:54:10.407 I/PhoneWindow(16848): isAPPNeedChangeSBColor pkgName: com.pundix.xwallet needKeep: false
12-17 15:54:10.419 I/PhoneWindow(16848): isAPPNeedChange pkgName: com.pundix.xwallet needKeep: false
12-17 15:54:10.479 I/.pundix.xwalle(16848):   at void com.pundix.xwallet.c.b.<init>(android.content.Context) (DbManager.java:27)
12-17 15:54:10.479 I/.pundix.xwalle(16848):   at com.pundix.xwallet.c.b com.pundix.xwallet.c.b.a(android.content.Context) (DbManager.java:36)
12-17 15:54:10.479 I/.pundix.xwalle(16848):   at android.database.sqlite.SQLiteDatabase com.pundix.xwallet.c.b.b(android.content.Context) (DbManager.java:63)
12-17 15:54:10.479 I/.pundix.xwalle(16848):   at com.pundix.xwallet.greendao.a com.pundix.xwallet.c.b.c(android.content.Context) (DbManager.java:79)
12-17 15:54:10.479 I/.pundix.xwalle(16848):   at com.pundix.xwallet.greendao.b com.pundix.xwallet.c.b.d(android.content.Context) (DbManager.java:95)
12-17 15:54:10.479 I/.pundix.xwalle(16848):   at java.util.List com.pundix.xwallet.c.c.b(android.content.Context) (NationListDaoManager.java:40)
12-17 15:54:10.479 I/.pundix.xwalle(16848):   at void com.pundix.xwallet.ui.my.NewsNationActivity.b() (NewsNationActivity.java:84)
12-17 15:54:10.479 I/.pundix.xwalle(16848):   at void com.pundix.xwallet.base.BaseAppCompatActivity.onCreate(android.os.Bundle) (BaseAppCompatActivity.java:128)
12-17 15:54:10.479 I/.pundix.xwalle(16848): Caused by: java.lang.ClassNotFoundException: Didn't find class "net.sqlcipher.database.SQLiteOpenHelper" on path: DexPathList[[zip file "/system/framework/org.apache.http.legacy.boot.jar", zip file "/data/app/com.pundix.xwallet-G4zNvx0DUHDp0rlNi4KSEQ==/base.apk"],nativeLibraryDirectories=[/data/app/com.pundix.xwallet-G4zNvx0DUHDp0rlNi4KSEQ==/lib/arm64, /system/lib64]]
12-17 15:54:10.479 I/.pundix.xwalle(16848):   at void com.pundix.xwallet.c.b.<init>(android.content.Context) (DbManager.java:27)
12-17 15:54:10.479 I/.pundix.xwalle(16848):   at com.pundix.xwallet.c.b com.pundix.xwallet.c.b.a(android.content.Context) (DbManager.java:36)
12-17 15:54:10.479 I/.pundix.xwalle(16848):   at android.database.sqlite.SQLiteDatabase com.pundix.xwallet.c.b.b(android.content.Context) (DbManager.java:63)
12-17 15:54:10.479 I/.pundix.xwalle(16848):   at com.pundix.xwallet.greendao.a com.pundix.xwallet.c.b.c(android.content.Context) (DbManager.java:79)
12-17 15:54:10.479 I/.pundix.xwalle(16848):   at com.pundix.xwallet.greendao.b com.pundix.xwallet.c.b.d(android.content.Context) (DbManager.java:95)
12-17 15:54:10.479 I/.pundix.xwalle(16848):   at java.util.List com.pundix.xwallet.c.c.b(android.content.Context) (NationListDaoManager.java:40)
12-17 15:54:10.479 I/.pundix.xwalle(16848):   at void com.pundix.xwallet.ui.my.NewsNationActivity.b() (NewsNationActivity.java:84)
12-17 15:54:10.479 I/.pundix.xwalle(16848):   at void com.pundix.xwallet.base.BaseAppCompatActivity.onCreate(android.os.Bundle) (BaseAppCompatActivity.java:128)
12-17 15:54:10.480 I/.pundix.xwalle(16848):   at void com.pundix.xwallet.c.b.<init>(android.content.Context) (DbManager.java:27)
12-17 15:54:10.480 I/.pundix.xwalle(16848):   at com.pundix.xwallet.c.b com.pundix.xwallet.c.b.a(android.content.Context) (DbManager.java:36)
12-17 15:54:10.480 I/.pundix.xwalle(16848):   at android.database.sqlite.SQLiteDatabase com.pundix.xwallet.c.b.b(android.content.Context) (DbManager.java:63)
12-17 15:54:10.480 I/.pundix.xwalle(16848):   at com.pundix.xwallet.greendao.a com.pundix.xwallet.c.b.c(android.content.Context) (DbManager.java:79)
12-17 15:54:10.480 I/.pundix.xwalle(16848):   at com.pundix.xwallet.greendao.b com.pundix.xwallet.c.b.d(android.content.Context) (DbManager.java:95)
12-17 15:54:10.480 I/.pundix.xwalle(16848):   at java.util.List com.pundix.xwallet.c.c.b(android.content.Context) (NationListDaoManager.java:40)
12-17 15:54:10.480 I/.pundix.xwalle(16848):   at void com.pundix.xwallet.ui.my.NewsNationActivity.b() (NewsNationActivity.java:84)
12-17 15:54:10.480 I/.pundix.xwalle(16848):   at void com.pundix.xwallet.base.BaseAppCompatActivity.onCreate(android.os.Bundle) (BaseAppCompatActivity.java:128)
12-17 15:54:10.480 I/.pundix.xwalle(16848): Caused by: java.lang.ClassNotFoundException: Didn't find class "net.sqlcipher.database.SQLiteOpenHelper" on path: DexPathList[[zip file "/system/framework/org.apache.http.legacy.boot.jar", zip file "/data/app/com.pundix.xwallet-G4zNvx0DUHDp0rlNi4KSEQ==/base.apk"],nativeLibraryDirectories=[/data/app/com.pundix.xwallet-G4zNvx0DUHDp0rlNi4KSEQ==/lib/arm64, /system/lib64]]
12-17 15:54:10.480 I/.pundix.xwalle(16848):   at void com.pundix.xwallet.c.b.<init>(android.content.Context) (DbManager.java:27)
12-17 15:54:10.480 I/.pundix.xwalle(16848):   at com.pundix.xwallet.c.b com.pundix.xwallet.c.b.a(android.content.Context) (DbManager.java:36)
12-17 15:54:10.480 I/.pundix.xwalle(16848):   at android.database.sqlite.SQLiteDatabase com.pundix.xwallet.c.b.b(android.content.Context) (DbManager.java:63)
12-17 15:54:10.480 I/.pundix.xwalle(16848):   at com.pundix.xwallet.greendao.a com.pundix.xwallet.c.b.c(android.content.Context) (DbManager.java:79)
12-17 15:54:10.480 I/.pundix.xwalle(16848):   at com.pundix.xwallet.greendao.b com.pundix.xwallet.c.b.d(android.content.Context) (DbManager.java:95)
12-17 15:54:10.480 I/.pundix.xwalle(16848):   at java.util.List com.pundix.xwallet.c.c.b(android.content.Context) (NationListDaoManager.java:40)
12-17 15:54:10.480 I/.pundix.xwalle(16848):   at void com.pundix.xwallet.ui.my.NewsNationActivity.b() (NewsNationActivity.java:84)
12-17 15:54:10.480 I/.pundix.xwalle(16848):   at void com.pundix.xwallet.base.BaseAppCompatActivity.onCreate(android.os.Bundle) (BaseAppCompatActivity.java:128)
12-17 15:54:10.480 I/.pundix.xwalle(16848):   at void com.pundix.xwallet.c.b.<init>(android.content.Context) (DbManager.java:27)
12-17 15:54:10.480 I/.pundix.xwalle(16848):   at com.pundix.xwallet.c.b com.pundix.xwallet.c.b.a(android.content.Context) (DbManager.java:36)
12-17 15:54:10.480 I/.pundix.xwalle(16848):   at android.database.sqlite.SQLiteDatabase com.pundix.xwallet.c.b.b(android.content.Context) (DbManager.java:63)
12-17 15:54:10.480 I/.pundix.xwalle(16848):   at com.pundix.xwallet.greendao.a com.pundix.xwallet.c.b.c(android.content.Context) (DbManager.java:79)
12-17 15:54:10.480 I/.pundix.xwalle(16848):   at com.pundix.xwallet.greendao.b com.pundix.xwallet.c.b.d(android.content.Context) (DbManager.java:95)
12-17 15:54:10.480 I/.pundix.xwalle(16848):   at java.util.List com.pundix.xwallet.c.c.b(android.content.Context) (NationListDaoManager.java:40)
12-17 15:54:10.480 I/.pundix.xwalle(16848):   at void com.pundix.xwallet.ui.my.NewsNationActivity.b() (NewsNationActivity.java:84)
12-17 15:54:10.480 I/.pundix.xwalle(16848):   at void com.pundix.xwallet.base.BaseAppCompatActivity.onCreate(android.os.Bundle) (BaseAppCompatActivity.java:128)
12-17 15:54:10.481 I/.pundix.xwalle(16848): Caused by: java.lang.ClassNotFoundException: Didn't find class "net.sqlcipher.database.SQLiteOpenHelper" on path: DexPathList[[zip file "/system/framework/org.apache.http.legacy.boot.jar", zip file "/data/app/com.pundix.xwallet-G4zNvx0DUHDp0rlNi4KSEQ==/base.apk"],nativeLibraryDirectories=[/data/app/com.pundix.xwallet-G4zNvx0DUHDp0rlNi4KSEQ==/lib/arm64, /system/lib64]]
12-17 15:54:10.481 I/.pundix.xwalle(16848):   at void com.pundix.xwallet.c.b.<init>(android.content.Context) (DbManager.java:27)
12-17 15:54:10.481 I/.pundix.xwalle(16848):   at com.pundix.xwallet.c.b com.pundix.xwallet.c.b.a(android.content.Context) (DbManager.java:36)
12-17 15:54:10.481 I/.pundix.xwalle(16848):   at android.database.sqlite.SQLiteDatabase com.pundix.xwallet.c.b.b(android.content.Context) (DbManager.java:63)
12-17 15:54:10.481 I/.pundix.xwalle(16848):   at com.pundix.xwallet.greendao.a com.pundix.xwallet.c.b.c(android.content.Context) (DbManager.java:79)
12-17 15:54:10.481 I/.pundix.xwalle(16848):   at com.pundix.xwallet.greendao.b com.pundix.xwallet.c.b.d(android.content.Context) (DbManager.java:95)
12-17 15:54:10.481 I/.pundix.xwalle(16848):   at java.util.List com.pundix.xwallet.c.c.b(android.content.Context) (NationListDaoManager.java:40)
12-17 15:54:10.481 I/.pundix.xwalle(16848):   at void com.pundix.xwallet.ui.my.NewsNationActivity.b() (NewsNationActivity.java:84)
12-17 15:54:10.481 I/.pundix.xwalle(16848):   at void com.pundix.xwallet.base.BaseAppCompatActivity.onCreate(android.os.Bundle) (BaseAppCompatActivity.java:128)
12-17 15:54:10.481 I/.pundix.xwalle(16848):   at void com.pundix.xwallet.c.b.<init>(android.content.Context) (DbManager.java:27)
12-17 15:54:10.481 I/.pundix.xwalle(16848):   at com.pundix.xwallet.c.b com.pundix.xwallet.c.b.a(android.content.Context) (DbManager.java:36)
12-17 15:54:10.481 I/.pundix.xwalle(16848):   at android.database.sqlite.SQLiteDatabase com.pundix.xwallet.c.b.b(android.content.Context) (DbManager.java:63)
12-17 15:54:10.481 I/.pundix.xwalle(16848):   at com.pundix.xwallet.greendao.a com.pundix.xwallet.c.b.c(android.content.Context) (DbManager.java:79)
12-17 15:54:10.481 I/.pundix.xwalle(16848):   at com.pundix.xwallet.greendao.b com.pundix.xwallet.c.b.d(android.content.Context) (DbManager.java:95)
12-17 15:54:10.481 I/.pundix.xwalle(16848):   at java.util.List com.pundix.xwallet.c.c.b(android.content.Context) (NationListDaoManager.java:40)
12-17 15:54:10.481 I/.pundix.xwalle(16848):   at void com.pundix.xwallet.ui.my.NewsNationActivity.b() (NewsNationActivity.java:84)
12-17 15:54:10.481 I/.pundix.xwalle(16848):   at void com.pundix.xwallet.base.BaseAppCompatActivity.onCreate(android.os.Bundle) (BaseAppCompatActivity.java:128)
12-17 15:54:10.481 I/.pundix.xwalle(16848): Caused by: java.lang.ClassNotFoundException: Didn't find class "net.sqlcipher.database.SQLiteOpenHelper" on path: DexPathList[[zip file "/system/framework/org.apache.http.legacy.boot.jar", zip file "/data/app/com.pundix.xwallet-G4zNvx0DUHDp0rlNi4KSEQ==/base.apk"],nativeLibraryDirectories=[/data/app/com.pundix.xwallet-G4zNvx0DUHDp0rlNi4KSEQ==/lib/arm64, /system/lib64]]
12-17 15:54:10.481 I/.pundix.xwalle(16848):   at void com.pundix.xwallet.c.b.<init>(android.content.Context) (DbManager.java:27)
12-17 15:54:10.481 I/.pundix.xwalle(16848):   at com.pundix.xwallet.c.b com.pundix.xwallet.c.b.a(android.content.Context) (DbManager.java:36)
12-17 15:54:10.481 I/.pundix.xwalle(16848):   at android.database.sqlite.SQLiteDatabase com.pundix.xwallet.c.b.b(android.content.Context) (DbManager.java:63)
12-17 15:54:10.481 I/.pundix.xwalle(16848):   at com.pundix.xwallet.greendao.a com.pundix.xwallet.c.b.c(android.content.Context) (DbManager.java:79)
12-17 15:54:10.481 I/.pundix.xwalle(16848):   at com.pundix.xwallet.greendao.b com.pundix.xwallet.c.b.d(android.content.Context) (DbManager.java:95)
12-17 15:54:10.481 I/.pundix.xwalle(16848):   at java.util.List com.pundix.xwallet.c.c.b(android.content.Context) (NationListDaoManager.java:40)
12-17 15:54:10.481 I/.pundix.xwalle(16848):   at void com.pundix.xwallet.ui.my.NewsNationActivity.b() (NewsNationActivity.java:84)
12-17 15:54:10.481 I/.pundix.xwalle(16848):   at void com.pundix.xwallet.base.BaseAppCompatActivity.onCreate(android.os.Bundle) (BaseAppCompatActivity.java:128)
12-17 15:54:10.482 I/.pundix.xwalle(16848):   at void com.pundix.xwallet.c.b.<init>(android.content.Context) (DbManager.java:27)
12-17 15:54:10.482 I/.pundix.xwalle(16848):   at com.pundix.xwallet.c.b com.pundix.xwallet.c.b.a(android.content.Context) (DbManager.java:36)
12-17 15:54:10.482 I/.pundix.xwalle(16848):   at android.database.sqlite.SQLiteDatabase com.pundix.xwallet.c.b.b(android.content.Context) (DbManager.java:63)
12-17 15:54:10.482 I/.pundix.xwalle(16848):   at com.pundix.xwallet.greendao.a com.pundix.xwallet.c.b.c(android.content.Context) (DbManager.java:79)
12-17 15:54:10.482 I/.pundix.xwalle(16848):   at com.pundix.xwallet.greendao.b com.pundix.xwallet.c.b.d(android.content.Context) (DbManager.java:95)
12-17 15:54:10.482 I/.pundix.xwalle(16848):   at java.util.List com.pundix.xwallet.c.c.b(android.content.Context) (NationListDaoManager.java:40)
12-17 15:54:10.482 I/.pundix.xwalle(16848):   at void com.pundix.xwallet.ui.my.NewsNationActivity.b() (NewsNationActivity.java:84)
12-17 15:54:10.482 I/.pundix.xwalle(16848):   at void com.pundix.xwallet.base.BaseAppCompatActivity.onCreate(android.os.Bundle) (BaseAppCompatActivity.java:128)
12-17 15:54:10.482 I/.pundix.xwalle(16848): Caused by: java.lang.ClassNotFoundException: Didn't find class "net.sqlcipher.database.SQLiteOpenHelper" on path: DexPathList[[zip file "/system/framework/org.apache.http.legacy.boot.jar", zip file "/data/app/com.pundix.xwallet-G4zNvx0DUHDp0rlNi4KSEQ==/base.apk"],nativeLibraryDirectories=[/data/app/com.pundix.xwallet-G4zNvx0DUHDp0rlNi4KSEQ==/lib/arm64, /system/lib64]]
12-17 15:54:10.482 I/.pundix.xwalle(16848):   at void com.pundix.xwallet.c.b.<init>(android.content.Context) (DbManager.java:27)
12-17 15:54:10.482 I/.pundix.xwalle(16848):   at com.pundix.xwallet.c.b com.pundix.xwallet.c.b.a(android.content.Context) (DbManager.java:36)
