12-17 15:44:10.455 I/.pundix.xwalle(14564):   at com.pundix.xwallet.greendao.a com.pundix.xwallet.c.b.c(android.content.Context) (DbManager.java:79)
12-17 15:44:10.455 I/.pundix.xwalle(14564):   at com.pundix.xwallet.greendao.b com.pundix.xwallet.c.b.d(android.content.Context) (DbManager.java:95)
12-17 15:44:10.455 I/.pundix.xwalle(14564):   at java.util.List com.pundix.xwallet.c.c.b(android.content.Context) (NationListDaoManager.java:40)
12-17 15:44:10.455 I/.pundix.xwalle(14564):   at void com.pundix.xwallet.ui.my.NewsNationActivity.b() (NewsNationActivity.java:84)
12-17 15:44:10.455 I/.pundix.xwalle(14564):   at void com.pundix.xwallet.base.BaseAppCompatActivity.onCreate(android.os.Bundle) (BaseAppCompatActivity.java:128)
12-17 15:44:10.455 I/.pundix.xwalle(14564):   at void com.pundix.xwallet.c.b.<init>(android.content.Context) (DbManager.java:27)
12-17 15:44:10.455 I/.pundix.xwalle(14564):   at com.pundix.xwallet.c.b com.pundix.xwallet.c.b.a(android.content.Context) (DbManager.java:36)
12-17 15:44:10.455 I/.pundix.xwalle(14564):   at android.database.sqlite.SQLiteDatabase com.pundix.xwallet.c.b.b(android.content.Context) (DbManager.java:63)
12-17 15:44:10.455 I/.pundix.xwalle(14564):   at com.pundix.xwallet.greendao.a com.pundix.xwallet.c.b.c(android.content.Context) (DbManager.java:79)
12-17 15:44:10.455 I/.pundix.xwalle(14564):   at com.pundix.xwallet.greendao.b com.pundix.xwallet.c.b.d(android.content.Context) (DbManager.java:95)
12-17 15:44:10.455 I/.pundix.xwalle(14564):   at java.util.List com.pundix.xwallet.c.c.b(android.content.Context) (NationListDaoManager.java:40)
12-17 15:44:10.455 I/.pundix.xwalle(14564):   at void com.pundix.xwallet.ui.my.NewsNationActivity.b() (NewsNationActivity.java:84)
12-17 15:44:10.455 I/.pundix.xwalle(14564):   at void com.pundix.xwallet.base.BaseAppCompatActivity.onCreate(android.os.Bundle) (BaseAppCompatActivity.java:128)
12-17 15:44:10.456 I/.pundix.xwalle(14564):   at void com.pundix.xwallet.c.b.<init>(android.content.Context) (DbManager.java:27)
12-17 15:44:10.456 I/.pundix.xwalle(14564):   at com.pundix.xwallet.c.b com.pundix.xwallet.c.b.a(android.content.Context) (DbManager.java:36)
12-17 15:44:10.456 I/.pundix.xwalle(14564):   at android.database.sqlite.SQLiteDatabase com.pundix.xwallet.c.b.b(android.content.Context) (DbManager.java:63)
12-17 15:44:10.456 I/.pundix.xwalle(14564):   at com.pundix.xwallet.greendao.a com.pundix.xwallet.c.b.c(android.content.Context) (DbManager.java:79)
12-17 15:44:10.456 I/.pundix.xwalle(14564):   at com.pundix.xwallet.greendao.b com.pundix.xwallet.c.b.d(android.content.Context) (DbManager.java:95)
12-17 15:44:10.456 I/.pundix.xwalle(14564):   at java.util.List com.pundix.xwallet.c.c.b(android.content.Context) (NationListDaoManager.java:40)
12-17 15:44:10.456 I/.pundix.xwalle(14564):   at void com.pundix.xwallet.ui.my.NewsNationActivity.b() (NewsNationActivity.java:84)
12-17 15:44:10.456 I/.pundix.xwalle(14564):   at void com.pundix.xwallet.base.BaseAppCompatActivity.onCreate(android.os.Bundle) (BaseAppCompatActivity.java:128)
12-17 15:44:10.456 I/.pundix.xwalle(14564):   at android.database.sqlite.SQLiteDatabase com.pundix.xwallet.c.b.b(android.content.Context) (DbManager.java:63)
12-17 15:44:10.457 I/.pundix.xwalle(14564):   at void com.pundix.xwallet.c.b.<init>(android.content.Context) (DbManager.java:27)
12-17 15:44:10.457 I/.pundix.xwalle(14564):   at com.pundix.xwallet.c.b com.pundix.xwallet.c.b.a(android.content.Context) (DbManager.java:36)
12-17 15:44:10.457 I/.pundix.xwalle(14564):   at android.database.sqlite.SQLiteDatabase com.pundix.xwallet.c.b.b(android.content.Context) (DbManager.java:63)
12-17 15:44:10.457 I/.pundix.xwalle(14564):   at com.pundix.xwallet.greendao.a com.pundix.xwallet.c.b.c(android.content.Context) (DbManager.java:79)
12-17 15:44:10.457 I/.pundix.xwalle(14564):   at com.pundix.xwallet.greendao.b com.pundix.xwallet.c.b.d(android.content.Context) (DbManager.java:95)
12-17 15:44:10.457 I/.pundix.xwalle(14564):   at java.util.List com.pundix.xwallet.c.c.b(android.content.Context) (NationListDaoManager.java:40)
12-17 15:44:10.457 I/.pundix.xwalle(14564):   at void com.pundix.xwallet.ui.my.NewsNationActivity.b() (NewsNationActivity.java:84)
12-17 15:44:10.457 I/.pundix.xwalle(14564):   at void com.pundix.xwallet.base.BaseAppCompatActivity.onCreate(android.os.Bundle) (BaseAppCompatActivity.java:128)
12-17 15:44:10.457 I/.pundix.xwalle(14564): Caused by: java.lang.ClassNotFoundException: Didn't find class "net.sqlcipher.database.SQLiteOpenHelper" on path: DexPathList[[zip file "/system/framework/org.apache.http.legacy.boot.jar", zip file "/data/app/com.pundix.xwallet-G4zNvx0DUHDp0rlNi4KSEQ==/base.apk"],nativeLibraryDirectories=[/data/app/com.pundix.xwallet-G4zNvx0DUHDp0rlNi4KSEQ==/lib/arm64, /system/lib64]]
12-17 15:44:10.457 I/.pundix.xwalle(14564):   at android.database.sqlite.SQLiteDatabase com.pundix.xwallet.c.b.b(android.content.Context) (DbManager.java:63)
12-17 15:44:10.458 I/.pundix.xwalle(14564):   at void com.pundix.xwallet.c.b.<init>(android.content.Context) (DbManager.java:27)
12-17 15:44:10.458 I/.pundix.xwalle(14564):   at com.pundix.xwallet.c.b com.pundix.xwallet.c.b.a(android.content.Context) (DbManager.java:36)
12-17 15:44:10.458 I/.pundix.xwalle(14564):   at android.database.sqlite.SQLiteDatabase com.pundix.xwallet.c.b.b(android.content.Context) (DbManager.java:63)
12-17 15:44:10.458 I/.pundix.xwalle(14564):   at com.pundix.xwallet.greendao.a com.pundix.xwallet.c.b.c(android.content.Context) (DbManager.java:79)
12-17 15:44:10.458 I/.pundix.xwalle(14564):   at com.pundix.xwallet.greendao.b com.pundix.xwallet.c.b.d(android.content.Context) (DbManager.java:95)
12-17 15:44:10.458 I/.pundix.xwalle(14564):   at void com.pundix.xwallet.c.b.<init>(android.content.Context) (DbManager.java:27)
12-17 15:44:10.458 I/.pundix.xwalle(14564):   at com.pundix.xwallet.c.b com.pundix.xwallet.c.b.a(android.content.Context) (DbManager.java:36)
12-17 15:44:10.458 I/.pundix.xwalle(14564):   at android.database.sqlite.SQLiteDatabase com.pundix.xwallet.c.b.b(android.content.Context) (DbManager.java:63)
12-17 15:44:10.458 I/.pundix.xwalle(14564):   at java.util.List com.pundix.xwallet.c.c.b(android.content.Context) (NationListDaoManager.java:40)
12-17 15:44:10.459 I/.pundix.xwalle(14564):   at void com.pundix.xwallet.c.b.<init>(android.content.Context) (DbManager.java:27)
12-17 15:44:10.459 I/.pundix.xwalle(14564):   at com.pundix.xwallet.c.b com.pundix.xwallet.c.b.a(android.content.Context) (DbManager.java:36)
12-17 15:44:10.459 I/.pundix.xwalle(14564):   at android.database.sqlite.SQLiteDatabase com.pundix.xwallet.c.b.b(android.content.Context) (DbManager.java:63)
12-17 15:44:10.459 I/.pundix.xwalle(14564):   at com.pundix.xwallet.greendao.a com.pundix.xwallet.c.b.c(android.content.Context) (DbManager.java:79)
12-17 15:44:10.459 I/.pundix.xwalle(14564):   at com.pundix.xwallet.greendao.b com.pundix.xwallet.c.b.d(android.content.Context) (DbManager.java:95)
12-17 15:44:10.459 I/.pundix.xwalle(14564):   at java.util.List com.pundix.xwallet.c.c.b(android.content.Context) (NationListDaoManager.java:40)
12-17 15:44:10.459 I/.pundix.xwalle(14564):   at void com.pundix.xwallet.ui.my.NewsNationActivity.b() (NewsNationActivity.java:84)
12-17 15:44:10.459 I/.pundix.xwalle(14564):   at void com.pundix.xwallet.base.BaseAppCompatActivity.onCreate(android.os.Bundle) (BaseAppCompatActivity.java:128)
12-17 15:44:10.538 I/mangoHttp(14564):  ===PosString===https://apiuat.pundix.com/xwallet/api/v1/nation/get  jsonString:{"version_api":"1","manufacturer":"HMD Global","model":"Nokia 7 plus","os":"Android","version_os":"28","system":"9","channel":"XWallet","tt":"1545032650515","rd":"184193011916463384408037130635642566017","network":"wifi"}
12-17 15:44:11.239 D/AR_ADV_APPS_USAGE_COL( 1426): com.pundix.xwallet -> resizable apps -> USAGE 1311
12-17 15:44:45.395 D/AR_ADV_APPS_USAGE_COL( 1426): com.pundix.xwallet -> resizable apps -> USAGE 34299
12-17 15:44:50.904 W/System.err(14564): 	at com.pundix.xwallet.view.PhoneEditView.onTextChanged(PhoneEditView.java:79)
12-17 15:44:50.905 I/chatty  (14564): uid=10014(com.pundix.xwallet) identical 383 lines
12-17 15:44:58.196 D/SurfaceFlinger(  841): duplicate layer name: changing com.pundix.xwallet/com.pundix.xwallet.ui.login.SignInActivity to com.pundix.xwallet/com.pundix.xwallet.ui.login.SignInActivity#1
12-17 15:44:58.265 D/SurfaceFlinger(  841): duplicate layer name: changing Surface(name=5d49f92 com.pundix.xwallet/com.pundix.xwallet.ui.login.SignInActivity)/@0xf07acbf - animation-leash to Surface(name=5d49f92 com.pundix.xwallet/com.pundix.xwallet.ui.login.SignInActivity)/@0xf07acbf - animation-leash#1
12-17 15:44:58.345 I/chatty  (14564): uid=10014(com.pundix.xwallet) expire 87 lines
12-17 15:44:58.419 D/AppClonerManagerService( 1426): hookAppClonerIntent step3 callingPackage [com.pundix.xwallet]
12-17 15:44:58.419 D/AppClonerManagerService( 1426): hookAppClonerIntent step3 aInfo.packageName [com.pundix.xwallet]
12-17 15:44:58.419 I/ActivityManager( 1426): originalIntent is Intent { cmp=com.pundix.xwallet/.ui.NewsMainActivity } after hook intent Intent { cmp=com.pundix.xwallet/.ui.NewsMainActivity }-aInfo ActivityInfo{34b43af com.pundix.xwallet.ui.NewsMainActivity}-toUser0
12-17 15:44:58.419 D/ActivityManager( 1426): AppClone, pair.first - ActivityInfo{34b43af com.pundix.xwallet.ui.NewsMainActivity}
12-17 15:44:58.419 D/ActivityManager( 1426): AppClone, pair.second - Intent { cmp=com.pundix.xwallet/.ui.NewsMainActivity }
12-17 15:44:58.419 I/ActivityManager( 1426): START u0 {cmp=com.pundix.xwallet/.ui.NewsMainActivity} from uid 10014
12-17 15:44:58.606 W/SurfaceFlinger(  841): Attempting to set client state on removed layer: com.pundix.xwallet/com.pundix.xwallet.ui.login.SignInActivity#1
12-17 15:44:58.606 W/SurfaceFlinger(  841): Attempting to destroy on removed layer: com.pundix.xwallet/com.pundix.xwallet.ui.login.SignInActivity#1
12-17 15:44:58.820 I/chatty  (14564): uid=10014(com.pundix.xwallet) expire 2 lines
12-17 15:44:58.843 I/chatty  (14564): uid=10014(com.pundix.xwallet) expire 1 line
12-17 15:44:58.847 D/ActivityManager( 1426): Package [com.pundix.xwallet] have process
12-17 15:44:58.858 I/ActivityManager( 1426): Start proc 14722:com.google.android.webview:sandboxed_process0/u0i17 for webview_service com.pundix.xwallet/org.chromium.content.app.SandboxedProcessService0
12-17 15:44:58.859 D/ActivityManager( 1426): handleProcessStartedLocked mDoneFinishBooting && app.pid != 0 ---> notifyProcessStart, app.processName = com.google.android.webview:sandboxed_process0, app.info = ApplicationInfo{2684933 com.pundix.xwallet}, app.hostingType = webview_service, getHostingName() = ComponentInfo{com.pundix.xwallet/org.chromium.content.app.SandboxedProcessService0}, getIntentFlag() = 0, getIsPackageRunning() = true, app = ProcessRecord{d26e4f0 14722:com.google.android.webview:sandboxed_process0/u0a14i17}, getExtraData() = Bundle[{SERVICE_INTENT=Intent { cmp=com.pundix.xwallet/org.chromium.content.app.SandboxedProcessService0 }, CALLER_PACKAGE=com.pundix.xwallet}]
12-17 15:44:58.859 V/ActivityManager( 1426): notifyProcessStart: com.google.android.webview:sandboxed_process0 for: webview_service from: com.pundix.xwallet packageName: com.pundix.xwallet className: org.chromium.content.app.SandboxedProcessService0
12-17 15:44:58.887 I/chatty  (14564): uid=10014(com.pundix.xwallet) expire 12 lines
12-17 15:44:58.974 I/chatty  (14564): uid=10014(com.pundix.xwallet) expire 1 line
12-17 15:44:59.022 I/chatty  (14564): uid=10014(com.pundix.xwallet) expire 10 lines
12-17 15:44:59.062 I/chatty  (14564): uid=10014(com.pundix.xwallet) expire 38 lines
12-17 15:44:59.577 I/chatty  (14564): uid=10014(com.pundix.xwallet) expire 1 line
12-17 15:44:59.631 D/AR_ADV_APPS_USAGE_COL( 1426): com.pundix.xwallet -> resizable apps -> USAGE 14264
12-17 15:45:08.553 I/ActivityManager( 1426): Force stopping com.pundix.xwallet appid=10014 user=0: from pid 14786
12-17 15:45:08.553 I/ActivityManager( 1426): Killing 14564:com.pundix.xwallet/u0a14 (adj 0): stop com.pundix.xwallet
12-17 15:45:08.564 W/ActivityManager( 1426): Force removing ActivityRecord{7301f45 u0 com.pundix.xwallet/.ui.NewsMainActivity t1464}: app died, no saved state
12-17 15:45:08.579 W/SurfaceFlinger(  841): Attempting to destroy on removed layer: AppWindowToken{d126bcb token=Token{d62869a ActivityRecord{7301f45 u0 com.pundix.xwallet/.ui.NewsMainActivity t1464}}}#0
12-17 15:45:08.606 D/AR_ADV_APPS_USAGE_COL( 1426): com.pundix.xwallet -> resizable apps -> USAGE 8999
12-17 15:46:17.934 D/PowerCalculator( 3616): topApCounter com.pundix.xwallet
12-17 15:46:39.953 D/[PowerSavingAppG3]BackgroundCleanService( 3723): Package Name = com.pundix.xwallet
12-17 15:46:39.954 D/[PowerSavingAppG3]BackgroundCleanService( 3723): target PackageName---com.pundix.xwallet
12-17 15:46:39.954 D/[PowerSavingAppG3]BackgroundCleanService( 3723): Ignore: top 2 of running tasks---com.pundix.xwallet
12-17 15:48:44.867 I/[PowerSavingAppG3]ProcessMonitorService( 3723): set run_in_background allow : [com.pundix.xwallet, io.appium.settings]
12-17 15:48:45.500 I/ActivityManager( 1426): Force stopping com.pundix.xwallet appid=10014 user=0: from pid 15059
12-17 15:48:45.550 D/ActivityManager( 1426): clearApplicationUserData(AMS), packageName=com.pundix.xwallet, userId=0, keepState=false, resolvedUserId=0, uid=2000, pid=15063
12-17 15:48:45.551 I/ActivityManager( 1426): Force stopping com.pundix.xwallet appid=10014 user=0: clear data
12-17 15:48:45.553 I/ConditionProviders( 1426): Disallowing condition provider com.pundix.xwallet
12-17 15:48:45.593 I/ActivityManager( 1426): Force stopping com.pundix.xwallet appid=10014 user=-1: clearApplicationUserData
12-17 15:48:45.654 I/FihWeatherService/UpdateService( 3878): ACTION_PACKAGE_DATA_CLEARED packageName:com.pundix.xwallet
12-17 15:48:45.658 I/GeofencerStateMachine( 3557): removeGeofences: removeRequest=RemoveGeofencingRequest[REMOVE_ALL packageName=com.pundix.xwallet]
12-17 15:48:45.670 I/LocationSettingsChecker( 5714): Removing dialog suppression flag for package com.pundix.xwallet
12-17 15:48:45.682 I/Icing   ( 5714): doRemovePackageData com.pundix.xwallet
12-17 15:48:46.951 I/ActivityManager( 1426): Force stopping com.pundix.xwallet appid=10014 user=0: from pid 15128
12-17 15:48:47.206 D/AppClonerManagerService( 1426): aInfo.packageName:com.pundix.xwallet
12-17 15:48:47.206 I/ActivityManager( 1426): originalIntent is Intent { flg=0x10000000 cmp=com.pundix.xwallet/.ui.StartupActivity } after hook intent Intent { flg=0x10000000 cmp=com.pundix.xwallet/.ui.StartupActivity }-aInfo ActivityInfo{d532ca com.pundix.xwallet.ui.StartupActivity}-toUser0
12-17 15:48:47.206 D/ActivityManager( 1426): AppClone, pair.first - ActivityInfo{d532ca com.pundix.xwallet.ui.StartupActivity}
12-17 15:48:47.206 D/ActivityManager( 1426): AppClone, pair.second - Intent { flg=0x10000000 cmp=com.pundix.xwallet/.ui.StartupActivity }
12-17 15:48:47.206 I/ActivityManager( 1426): START u0 {flg=0x10000000 cmp=com.pundix.xwallet/.ui.StartupActivity} from uid 2000
12-17 15:48:47.234 D/ActivityManager( 1426): Package [com.pundix.xwallet] have process
12-17 15:48:47.253 I/ActivityManager( 1426): Start proc 15135:com.pundix.xwallet/u0a14 for activity com.pundix.xwallet/.ui.StartupActivity
12-17 15:48:47.254 D/ActivityManager( 1426): handleProcessStartedLocked mDoneFinishBooting && app.pid != 0 ---> notifyProcessStart, app.processName = com.pundix.xwallet, app.info = ApplicationInfo{5ca8117 com.pundix.xwallet}, app.hostingType = activity, getHostingName() = ComponentInfo{com.pundix.xwallet/com.pundix.xwallet.ui.StartupActivity}, getIntentFlag() = 0, getIsPackageRunning() = true, app = ProcessRecord{efae021 15135:com.pundix.xwallet/u0a14}, getExtraData() = Bundle[{ACTIVITY_TASK_AFFINITY=com.pundix.xwallet, ACTIVITY_INTENT=Intent { flg=0x10000000 cmp=com.pundix.xwallet/.ui.StartupActivity }, CALLER_PACKAGE=null, ACTIVITY_INFO=ActivityInfo{d532ca com.pundix.xwallet.ui.StartupActivity}}]
12-17 15:48:47.254 V/ActivityManager( 1426): notifyProcessStart: com.pundix.xwallet for: activity from: null packageName: com.pundix.xwallet className: com.pundix.xwallet.ui.StartupActivity
12-17 15:48:47.258 I/chatty  (15135): uid=10014(com.pundix.xwallet) expire 72 lines
12-17 15:48:47.322 I/[PowerSavingAppG3]BackgroundCleanService( 3723): pid: 15135, calleeApp: com.pundix.xwallet
12-17 15:48:47.322 I/[PowerSavingAppG3]ProcessMonitorService( 3723): pid: 15135, calleeApp: com.pundix.xwallet
12-17 15:48:47.323 I/[PowerSavingAppG3]BackgroundCleanService( 3723): com.pundix.xwallet add to mTopApList.
12-17 15:48:47.323 I/[PowerSavingAppG3]ProcessMonitorService( 3723): com.pundix.xwallet add to mTopApList.
12-17 15:48:47.556 D/[PowerSavingAppG3]ProcessMonitorService( 3723): calleePackageName = com.pundix.xwallet,callerPacageName = null,hostingType = activity,screenOn = true,cmp = com.pundix.xwallet.ui.StartupActivity,cat = ,action = null,isExceptionalActivitiy = false
12-17 15:48:47.567 D/[PowerSavingAppG3]ProcessMonitorService( 3723): Ignore package com.pundix.xwallet,component = com.pundix.xwallet.ui.StartupActivity
12-17 15:48:47.602 I/chatty  (15135): uid=10014(com.pundix.xwallet) expire 1 line
12-17 15:48:47.633 I/chatty  (15135): uid=10014(com.pundix.xwallet) expire 7 lines
12-17 15:48:47.868 W/SurfaceFlinger(  841): Attempting to set client state on removed layer: Splash Screen com.pundix.xwallet#0
12-17 15:48:47.868 W/SurfaceFlinger(  841): Attempting to destroy on removed layer: Splash Screen com.pundix.xwallet#0
12-17 15:48:49.567 D/AppClonerManagerService( 1426): hookAppClonerIntent step3 callingPackage [com.pundix.xwallet]
12-17 15:48:49.568 D/AppClonerManagerService( 1426): hookAppClonerIntent step3 aInfo.packageName [com.pundix.xwallet]
12-17 15:48:49.568 I/ActivityManager( 1426): originalIntent is Intent { cmp=com.pundix.xwallet/.ui.SplashActivity } after hook intent Intent { cmp=com.pundix.xwallet/.ui.SplashActivity }-aInfo ActivityInfo{5d25f83 com.pundix.xwallet.ui.SplashActivity}-toUser0
12-17 15:48:49.568 D/ActivityManager( 1426): AppClone, pair.first - ActivityInfo{5d25f83 com.pundix.xwallet.ui.SplashActivity}
12-17 15:48:49.568 D/ActivityManager( 1426): AppClone, pair.second - Intent { cmp=com.pundix.xwallet/.ui.SplashActivity }
12-17 15:48:49.568 I/ActivityManager( 1426): START u0 {cmp=com.pundix.xwallet/.ui.SplashActivity} from uid 10014
12-17 15:48:50.226 D/AR_ADV_APPS_USAGE_COL( 1426): com.pundix.xwallet -> resizable apps -> USAGE 2507
12-17 15:48:50.943 D/AppClonerManagerService( 1426): hookAppClonerIntent step3 callingPackage [com.pundix.xwallet]
12-17 15:48:50.943 D/AppClonerManagerService( 1426): hookAppClonerIntent step3 aInfo.packageName [com.pundix.xwallet]
12-17 15:48:50.944 I/ActivityManager( 1426): originalIntent is Intent { cmp=com.pundix.xwallet/.ui.login.SignInActivity } after hook intent Intent { cmp=com.pundix.xwallet/.ui.login.SignInActivity }-aInfo ActivityInfo{9a1993a com.pundix.xwallet.ui.login.SignInActivity}-toUser0
12-17 15:48:50.944 D/ActivityManager( 1426): AppClone, pair.first - ActivityInfo{9a1993a com.pundix.xwallet.ui.login.SignInActivity}
12-17 15:48:50.944 D/ActivityManager( 1426): AppClone, pair.second - Intent { cmp=com.pundix.xwallet/.ui.login.SignInActivity }
12-17 15:48:50.944 I/ActivityManager( 1426): START u0 {cmp=com.pundix.xwallet/.ui.login.SignInActivity} from uid 10014
12-17 15:48:51.212 I/chatty  (15135): uid=10014(com.pundix.xwallet) expire 1 line
12-17 15:48:51.793 D/AR_ADV_APPS_USAGE_COL( 1426): com.pundix.xwallet -> resizable apps -> USAGE 1601
12-17 15:48:52.221 D/AppClonerManagerService( 1426): hookAppClonerIntent step3 callingPackage [com.pundix.xwallet]
12-17 15:48:52.221 D/AppClonerManagerService( 1426): hookAppClonerIntent step3 aInfo.packageName [com.pundix.xwallet]
12-17 15:48:52.221 I/ActivityManager( 1426): originalIntent is Intent { cmp=com.pundix.xwallet/.ui.login.SignInActivity (has extras) } after hook intent Intent { cmp=com.pundix.xwallet/.ui.login.SignInActivity (has extras) }-aInfo ActivityInfo{6586454 com.pundix.xwallet.ui.login.SignInActivity}-toUser0
12-17 15:48:52.221 D/ActivityManager( 1426): AppClone, pair.first - ActivityInfo{6586454 com.pundix.xwallet.ui.login.SignInActivity}
12-17 15:48:52.221 D/ActivityManager( 1426): AppClone, pair.second - Intent { cmp=com.pundix.xwallet/.ui.login.SignInActivity (has extras) }
12-17 15:48:52.221 I/ActivityManager( 1426): START u0 {cmp=com.pundix.xwallet/.ui.login.SignInActivity (has extras)} from uid 10014
12-17 15:48:52.328 I/[PowerSavingAppG3]ProcessMonitorService( 3723): original mTopApList = [io.appium.settings, com.pundix.xwallet]
12-17 15:48:52.328 I/[PowerSavingAppG3]ProcessMonitorService( 3723): keep mTopApList = [com.pundix.xwallet]
12-17 15:48:52.462 D/SurfaceFlinger(  841): duplicate layer name: changing com.pundix.xwallet/com.pundix.xwallet.ui.login.SignInActivity to com.pundix.xwallet/com.pundix.xwallet.ui.login.SignInActivity#1
12-17 15:48:52.967 D/AR_ADV_APPS_USAGE_COL( 1426): com.pundix.xwallet -> resizable apps -> USAGE 1201
12-17 15:48:59.929 I/chatty  (15135): uid=10014(com.pundix.xwallet) expire 466 lines
12-17 15:49:06.372 I/chatty  (15135): uid=10014(com.pundix.xwallet) expire 89 lines
12-17 15:49:06.849 D/AppClonerManagerService( 1426): hookAppClonerIntent step3 callingPackage [com.pundix.xwallet]
12-17 15:49:06.849 D/AppClonerManagerService( 1426): hookAppClonerIntent step3 aInfo.packageName [com.pundix.xwallet]
12-17 15:49:06.849 I/ActivityManager( 1426): originalIntent is Intent { cmp=com.pundix.xwallet/.ui.NewsMainActivity } after hook intent Intent { cmp=com.pundix.xwallet/.ui.NewsMainActivity }-aInfo ActivityInfo{c968a37 com.pundix.xwallet.ui.NewsMainActivity}-toUser0
12-17 15:49:06.849 D/ActivityManager( 1426): AppClone, pair.first - ActivityInfo{c968a37 com.pundix.xwallet.ui.NewsMainActivity}
12-17 15:49:06.849 D/ActivityManager( 1426): AppClone, pair.second - Intent { cmp=com.pundix.xwallet/.ui.NewsMainActivity }
12-17 15:49:06.849 I/ActivityManager( 1426): START u0 {cmp=com.pundix.xwallet/.ui.NewsMainActivity} from uid 10014
12-17 15:49:07.024 W/SurfaceFlinger(  841): Attempting to set client state on removed layer: com.pundix.xwallet/com.pundix.xwallet.ui.login.SignInActivity#0
12-17 15:49:07.024 W/SurfaceFlinger(  841): Attempting to destroy on removed layer: com.pundix.xwallet/com.pundix.xwallet.ui.login.SignInActivity#0
12-17 15:49:07.303 I/chatty  (15135): uid=10014(com.pundix.xwallet) expire 12 lines
12-17 15:49:07.324 I/chatty  (15135): uid=10014(com.pundix.xwallet) expire 2 lines
12-17 15:49:07.353 I/chatty  (15135): uid=10014(com.pundix.xwallet) expire 1 line
12-17 15:49:07.358 D/ActivityManager( 1426): Package [com.pundix.xwallet] have process
12-17 15:49:07.370 I/ActivityManager( 1426): Start proc 15228:com.google.android.webview:sandboxed_process0/u0i18 for webview_service com.pundix.xwallet/org.chromium.content.app.SandboxedProcessService0
12-17 15:49:07.370 D/ActivityManager( 1426): handleProcessStartedLocked mDoneFinishBooting && app.pid != 0 ---> notifyProcessStart, app.processName = com.google.android.webview:sandboxed_process0, app.info = ApplicationInfo{f419b6c com.pundix.xwallet}, app.hostingType = webview_service, getHostingName() = ComponentInfo{com.pundix.xwallet/org.chromium.content.app.SandboxedProcessService0}, getIntentFlag() = 0, getIsPackageRunning() = true, app = ProcessRecord{dd24535 15228:com.google.android.webview:sandboxed_process0/u0a14i18}, getExtraData() = Bundle[{SERVICE_INTENT=Intent { cmp=com.pundix.xwallet/org.chromium.content.app.SandboxedProcessService0 }, CALLER_PACKAGE=com.pundix.xwallet}]
12-17 15:49:07.370 V/ActivityManager( 1426): notifyProcessStart: com.google.android.webview:sandboxed_process0 for: webview_service from: com.pundix.xwallet packageName: com.pundix.xwallet className: org.chromium.content.app.SandboxedProcessService0
12-17 15:49:07.480 I/chatty  (15135): uid=10014(com.pundix.xwallet) expire 1 line
12-17 15:49:07.521 I/chatty  (15135): uid=10014(com.pundix.xwallet) expire 38 lines
12-17 15:49:07.531 I/chatty  (15135): uid=10014(com.pundix.xwallet) expire 10 lines
12-17 15:49:07.673 D/[PowerSavingAppG3]ProcessMonitorService( 3723): calleePackageName = com.pundix.xwallet,callerPacageName = com.pundix.xwallet,hostingType = webview_service,screenOn = true,cmp = ,cat = ,action = ,isExceptionalActivitiy = false
12-17 15:49:07.676 D/[PowerSavingAppG3]ProcessMonitorService( 3723): Package Name = com.pundix.xwallet,getLastTimeUsed = 3:49:06 (1545032946900),time diff  = 25424
12-17 15:49:08.162 W/SurfaceFlinger(  841): Attempting to set client state on removed layer: Surface(name=AppWindowToken{a34c743 token=Token{f9fc4f2 ActivityRecord{f2c7ffd u0 com.pundix.xwallet/.ui.login.SignInActivity t1466}}})/@0x177b2ee - animation-leash#0
12-17 15:49:08.162 W/SurfaceFlinger(  841): Attempting to set client state on removed layer: Surface(name=AppWindowToken{7cf44c2 token=Token{18ddd0d ActivityRecord{7bfcba4 u0 com.pundix.xwallet/.ui.NewsMainActivity t1466}}})/@0x5c73fcc - animation-leash#0
12-17 15:49:08.162 W/SurfaceFlinger(  841): Attempting to destroy on removed layer: Surface(name=AppWindowToken{a34c743 token=Token{f9fc4f2 ActivityRecord{f2c7ffd u0 com.pundix.xwallet/.ui.login.SignInActivity t1466}}})/@0x177b2ee - animation-leash#0
12-17 15:49:08.162 W/SurfaceFlinger(  841): Attempting to destroy on removed layer: Surface(name=AppWindowToken{7cf44c2 token=Token{18ddd0d ActivityRecord{7bfcba4 u0 com.pundix.xwallet/.ui.NewsMainActivity t1466}}})/@0x5c73fcc - animation-leash#0
12-17 15:49:08.312 D/AR_ADV_APPS_USAGE_COL( 1426): com.pundix.xwallet -> resizable apps -> USAGE 15378
12-17 15:49:08.323 I/chatty  (15135): uid=10014(com.pundix.xwallet) expire 1 line
12-17 15:49:11.265 I/ActivityManager( 1426): Force stopping com.pundix.xwallet appid=10014 user=0: from pid 15284
12-17 15:49:11.266 I/ActivityManager( 1426): Killing 15135:com.pundix.xwallet/u0a14 (adj 0): stop com.pundix.xwallet
12-17 15:49:11.282 W/ActivityManager( 1426): Force removing ActivityRecord{7bfcba4 u0 com.pundix.xwallet/.ui.NewsMainActivity t1466}: app died, no saved state
12-17 15:49:11.294 W/SurfaceFlinger(  841): Attempting to destroy on removed layer: AppWindowToken{7cf44c2 token=Token{18ddd0d ActivityRecord{7bfcba4 u0 com.pundix.xwallet/.ui.NewsMainActivity t1466}}}#0
12-17 15:49:11.354 D/AR_ADV_APPS_USAGE_COL( 1426): com.pundix.xwallet -> resizable apps -> USAGE 3193
12-17 15:49:18.193 D/PowerCalculator( 3616): topApCounter com.pundix.xwallet
12-17 15:49:36.433 I/ActivityManager( 1426): Force stopping com.pundix.xwallet appid=10014 user=0: from pid 15395
12-17 15:49:36.520 D/ActivityManager( 1426): clearApplicationUserData(AMS), packageName=com.pundix.xwallet, userId=0, keepState=false, resolvedUserId=0, uid=2000, pid=15400
12-17 15:49:36.521 I/ActivityManager( 1426): Force stopping com.pundix.xwallet appid=10014 user=0: clear data
12-17 15:49:36.523 I/ConditionProviders( 1426): Disallowing condition provider com.pundix.xwallet
12-17 15:49:36.561 I/ActivityManager( 1426): Force stopping com.pundix.xwallet appid=10014 user=-1: clearApplicationUserData
12-17 15:49:36.654 I/FihWeatherService/UpdateService( 3878): ACTION_PACKAGE_DATA_CLEARED packageName:com.pundix.xwallet
12-17 15:49:36.655 I/GeofencerStateMachine( 3557): removeGeofences: removeRequest=RemoveGeofencingRequest[REMOVE_ALL packageName=com.pundix.xwallet]
12-17 15:49:36.692 I/LocationSettingsChecker( 5714): Removing dialog suppression flag for package com.pundix.xwallet
12-17 15:49:36.739 I/Icing   ( 5714): doRemovePackageData com.pundix.xwallet
12-17 15:49:38.419 I/ActivityManager( 1426): Force stopping com.pundix.xwallet appid=10014 user=0: from pid 15473
12-17 15:49:38.676 D/AppClonerManagerService( 1426): aInfo.packageName:com.pundix.xwallet
12-17 15:49:38.676 I/ActivityManager( 1426): originalIntent is Intent { flg=0x10000000 cmp=com.pundix.xwallet/.ui.StartupActivity } after hook intent Intent { flg=0x10000000 cmp=com.pundix.xwallet/.ui.StartupActivity }-aInfo ActivityInfo{217529b com.pundix.xwallet.ui.StartupActivity}-toUser0
12-17 15:49:38.677 D/ActivityManager( 1426): AppClone, pair.first - ActivityInfo{217529b com.pundix.xwallet.ui.StartupActivity}
12-17 15:49:38.677 D/ActivityManager( 1426): AppClone, pair.second - Intent { flg=0x10000000 cmp=com.pundix.xwallet/.ui.StartupActivity }
12-17 15:49:38.677 I/ActivityManager( 1426): START u0 {flg=0x10000000 cmp=com.pundix.xwallet/.ui.StartupActivity} from uid 2000
12-17 15:49:38.708 D/ActivityManager( 1426): Package [com.pundix.xwallet] have process
12-17 15:49:38.725 I/ActivityManager( 1426): Start proc 15480:com.pundix.xwallet/u0a14 for activity com.pundix.xwallet/.ui.StartupActivity
12-17 15:49:38.725 D/ActivityManager( 1426): handleProcessStartedLocked mDoneFinishBooting && app.pid != 0 ---> notifyProcessStart, app.processName = com.pundix.xwallet, app.info = ApplicationInfo{8efdde4 com.pundix.xwallet}, app.hostingType = activity, getHostingName() = ComponentInfo{com.pundix.xwallet/com.pundix.xwallet.ui.StartupActivity}, getIntentFlag() = 0, getIsPackageRunning() = true, app = ProcessRecord{9c038bd 15480:com.pundix.xwallet/u0a14}, getExtraData() = Bundle[{ACTIVITY_TASK_AFFINITY=com.pundix.xwallet, ACTIVITY_INTENT=Intent { flg=0x10000000 cmp=com.pundix.xwallet/.ui.StartupActivity }, CALLER_PACKAGE=null, ACTIVITY_INFO=ActivityInfo{217529b com.pundix.xwallet.ui.StartupActivity}}]
12-17 15:49:38.726 V/ActivityManager( 1426): notifyProcessStart: com.pundix.xwallet for: activity from: null packageName: com.pundix.xwallet className: com.pundix.xwallet.ui.StartupActivity
12-17 15:49:38.729 I/chatty  (15480): uid=10014(com.pundix.xwallet) expire 81 lines
12-17 15:49:38.797 I/[PowerSavingAppG3]BackgroundCleanService( 3723): pid: 15480, calleeApp: com.pundix.xwallet
12-17 15:49:38.798 I/[PowerSavingAppG3]BackgroundCleanService( 3723): com.pundix.xwallet add to mTopApList.
12-17 15:49:38.799 I/[PowerSavingAppG3]ProcessMonitorService( 3723): pid: 15480, calleeApp: com.pundix.xwallet
12-17 15:49:38.801 I/[PowerSavingAppG3]ProcessMonitorService( 3723): com.pundix.xwallet add to mTopApList.
12-17 15:49:39.028 D/[PowerSavingAppG3]ProcessMonitorService( 3723): calleePackageName = com.pundix.xwallet,callerPacageName = null,hostingType = activity,screenOn = true,cmp = com.pundix.xwallet.ui.StartupActivity,cat = ,action = null,isExceptionalActivitiy = false
12-17 15:49:39.037 D/[PowerSavingAppG3]ProcessMonitorService( 3723): Ignore package com.pundix.xwallet,component = com.pundix.xwallet.ui.StartupActivity
12-17 15:49:39.072 I/chatty  (15480): uid=10014(com.pundix.xwallet) expire 1 line
12-17 15:49:39.092 I/chatty  (15480): uid=10014(com.pundix.xwallet) expire 7 lines
12-17 15:49:39.338 W/SurfaceFlinger(  841): Attempting to set client state on removed layer: Splash Screen com.pundix.xwallet#0
12-17 15:49:39.338 W/SurfaceFlinger(  841): Attempting to destroy on removed layer: Splash Screen com.pundix.xwallet#0
12-17 15:49:41.037 D/AppClonerManagerService( 1426): hookAppClonerIntent step3 callingPackage [com.pundix.xwallet]
12-17 15:49:41.037 D/AppClonerManagerService( 1426): hookAppClonerIntent step3 aInfo.packageName [com.pundix.xwallet]
12-17 15:49:41.037 I/ActivityManager( 1426): originalIntent is Intent { cmp=com.pundix.xwallet/.ui.SplashActivity } after hook intent Intent { cmp=com.pundix.xwallet/.ui.SplashActivity }-aInfo ActivityInfo{4724fe0 com.pundix.xwallet.ui.SplashActivity}-toUser0
12-17 15:49:41.037 D/ActivityManager( 1426): AppClone, pair.first - ActivityInfo{4724fe0 com.pundix.xwallet.ui.SplashActivity}
12-17 15:49:41.037 D/ActivityManager( 1426): AppClone, pair.second - Intent { cmp=com.pundix.xwallet/.ui.SplashActivity }
12-17 15:49:41.037 I/ActivityManager( 1426): START u0 {cmp=com.pundix.xwallet/.ui.SplashActivity} from uid 10014
12-17 15:49:41.688 D/AR_ADV_APPS_USAGE_COL( 1426): com.pundix.xwallet -> resizable apps -> USAGE 2503
12-17 15:49:42.396 D/AppClonerManagerService( 1426): hookAppClonerIntent step3 callingPackage [com.pundix.xwallet]
12-17 15:49:42.396 D/AppClonerManagerService( 1426): hookAppClonerIntent step3 aInfo.packageName [com.pundix.xwallet]
12-17 15:49:42.396 I/ActivityManager( 1426): originalIntent is Intent { cmp=com.pundix.xwallet/.ui.login.SignInActivity } after hook intent Intent { cmp=com.pundix.xwallet/.ui.login.SignInActivity }-aInfo ActivityInfo{ac25228 com.pundix.xwallet.ui.login.SignInActivity}-toUser0
12-17 15:49:42.396 D/ActivityManager( 1426): AppClone, pair.first - ActivityInfo{ac25228 com.pundix.xwallet.ui.login.SignInActivity}
12-17 15:49:42.396 D/ActivityManager( 1426): AppClone, pair.second - Intent { cmp=com.pundix.xwallet/.ui.login.SignInActivity }
12-17 15:49:42.396 I/ActivityManager( 1426): START u0 {cmp=com.pundix.xwallet/.ui.login.SignInActivity} from uid 10014
12-17 15:49:42.644 I/chatty  (15480): uid=10014(com.pundix.xwallet) expire 1 line
12-17 15:49:43.240 D/AR_ADV_APPS_USAGE_COL( 1426): com.pundix.xwallet -> resizable apps -> USAGE 1579
12-17 15:49:43.667 D/AppClonerManagerService( 1426): hookAppClonerIntent step3 callingPackage [com.pundix.xwallet]
12-17 15:49:43.667 D/AppClonerManagerService( 1426): hookAppClonerIntent step3 aInfo.packageName [com.pundix.xwallet]
12-17 15:49:43.667 I/ActivityManager( 1426): originalIntent is Intent { cmp=com.pundix.xwallet/.ui.login.SignInActivity (has extras) } after hook intent Intent { cmp=com.pundix.xwallet/.ui.login.SignInActivity (has extras) }-aInfo ActivityInfo{78e059 com.pundix.xwallet.ui.login.SignInActivity}-toUser0
12-17 15:49:43.667 D/ActivityManager( 1426): AppClone, pair.first - ActivityInfo{78e059 com.pundix.xwallet.ui.login.SignInActivity}
12-17 15:49:43.667 D/ActivityManager( 1426): AppClone, pair.second - Intent { cmp=com.pundix.xwallet/.ui.login.SignInActivity (has extras) }
12-17 15:49:43.667 I/ActivityManager( 1426): START u0 {cmp=com.pundix.xwallet/.ui.login.SignInActivity (has extras)} from uid 10014
12-17 15:49:43.802 I/[PowerSavingAppG3]ProcessMonitorService( 3723): original mTopApList = [com.pundix.xwallet]
12-17 15:49:43.802 I/[PowerSavingAppG3]ProcessMonitorService( 3723): keep mTopApList = [com.pundix.xwallet]
12-17 15:49:43.906 D/SurfaceFlinger(  841): duplicate layer name: changing com.pundix.xwallet/com.pundix.xwallet.ui.login.SignInActivity to com.pundix.xwallet/com.pundix.xwallet.ui.login.SignInActivity#1
12-17 15:49:44.413 D/AR_ADV_APPS_USAGE_COL( 1426): com.pundix.xwallet -> resizable apps -> USAGE 1198
12-17 15:49:57.731 I/chatty  (15480): uid=10014(com.pundix.xwallet) expire 426 lines
12-17 15:49:57.979 I/chatty  (15480): uid=10014(com.pundix.xwallet) expire 89 lines
12-17 15:49:58.462 D/AppClonerManagerService( 1426): hookAppClonerIntent step3 callingPackage [com.pundix.xwallet]
12-17 15:49:58.462 D/AppClonerManagerService( 1426): hookAppClonerIntent step3 aInfo.packageName [com.pundix.xwallet]
12-17 15:49:58.463 I/ActivityManager( 1426): originalIntent is Intent { cmp=com.pundix.xwallet/.ui.NewsMainActivity } after hook intent Intent { cmp=com.pundix.xwallet/.ui.NewsMainActivity }-aInfo ActivityInfo{ea76d16 com.pundix.xwallet.ui.NewsMainActivity}-toUser0
12-17 15:49:58.463 D/ActivityManager( 1426): AppClone, pair.first - ActivityInfo{ea76d16 com.pundix.xwallet.ui.NewsMainActivity}
12-17 15:49:58.463 D/ActivityManager( 1426): AppClone, pair.second - Intent { cmp=com.pundix.xwallet/.ui.NewsMainActivity }
12-17 15:49:58.463 I/ActivityManager( 1426): START u0 {cmp=com.pundix.xwallet/.ui.NewsMainActivity} from uid 10014
12-17 15:49:58.628 W/SurfaceFlinger(  841): Attempting to set client state on removed layer: com.pundix.xwallet/com.pundix.xwallet.ui.login.SignInActivity#0
12-17 15:49:58.628 W/SurfaceFlinger(  841): Attempting to destroy on removed layer: com.pundix.xwallet/com.pundix.xwallet.ui.login.SignInActivity#0
12-17 15:49:58.914 I/chatty  (15480): uid=10014(com.pundix.xwallet) expire 12 lines
12-17 15:49:58.944 I/chatty  (15480): uid=10014(com.pundix.xwallet) expire 38 lines
12-17 15:49:58.947 I/chatty  (15480): uid=10014(com.pundix.xwallet) expire 2 lines
12-17 15:49:58.975 I/chatty  (15480): uid=10014(com.pundix.xwallet) expire 1 line
12-17 15:49:58.979 D/ActivityManager( 1426): Package [com.pundix.xwallet] have process
12-17 15:49:58.991 I/ActivityManager( 1426): Start proc 15563:com.google.android.webview:sandboxed_process0/u0i19 for webview_service com.pundix.xwallet/org.chromium.content.app.SandboxedProcessService0
12-17 15:49:58.991 D/ActivityManager( 1426): handleProcessStartedLocked mDoneFinishBooting && app.pid != 0 ---> notifyProcessStart, app.processName = com.google.android.webview:sandboxed_process0, app.info = ApplicationInfo{45ec7f com.pundix.xwallet}, app.hostingType = webview_service, getHostingName() = ComponentInfo{com.pundix.xwallet/org.chromium.content.app.SandboxedProcessService0}, getIntentFlag() = 0, getIsPackageRunning() = true, app = ProcessRecord{50e944c 15563:com.google.android.webview:sandboxed_process0/u0a14i19}, getExtraData() = Bundle[{SERVICE_INTENT=Intent { cmp=com.pundix.xwallet/org.chromium.content.app.SandboxedProcessService0 }, CALLER_PACKAGE=com.pundix.xwallet}]
12-17 15:49:58.992 V/ActivityManager( 1426): notifyProcessStart: com.google.android.webview:sandboxed_process0 for: webview_service from: com.pundix.xwallet packageName: com.pundix.xwallet className: org.chromium.content.app.SandboxedProcessService0
12-17 15:49:59.104 I/chatty  (15480): uid=10014(com.pundix.xwallet) expire 1 line
12-17 15:49:59.154 I/chatty  (15480): uid=10014(com.pundix.xwallet) expire 10 lines
12-17 15:49:59.294 D/[PowerSavingAppG3]ProcessMonitorService( 3723): calleePackageName = com.pundix.xwallet,callerPacageName = com.pundix.xwallet,hostingType = webview_service,screenOn = true,cmp = ,cat = ,action = ,isExceptionalActivitiy = false
12-17 15:49:59.297 D/[PowerSavingAppG3]ProcessMonitorService( 3723): Package Name = com.pundix.xwallet,getLastTimeUsed = 3:49:58 (1545032998511),time diff  = 77035
12-17 15:49:59.871 D/AR_ADV_APPS_USAGE_COL( 1426): com.pundix.xwallet -> resizable apps -> USAGE 15486
12-17 15:49:59.884 I/chatty  (15480): uid=10014(com.pundix.xwallet) expire 1 line
12-17 15:50:02.854 I/ActivityManager( 1426): Force stopping com.pundix.xwallet appid=10014 user=0: from pid 15619
12-17 15:50:02.855 I/ActivityManager( 1426): Killing 15480:com.pundix.xwallet/u0a14 (adj 0): stop com.pundix.xwallet
12-17 15:50:02.869 W/ActivityManager( 1426): Force removing ActivityRecord{58a5697 u0 com.pundix.xwallet/.ui.NewsMainActivity t1467}: app died, no saved state
12-17 15:50:02.884 W/SurfaceFlinger(  841): Attempting to destroy on removed layer: AppWindowToken{b3e706d token=Token{2131084 ActivityRecord{58a5697 u0 com.pundix.xwallet/.ui.NewsMainActivity t1467}}}#0
12-17 15:50:02.930 D/AR_ADV_APPS_USAGE_COL( 1426): com.pundix.xwallet -> resizable apps -> USAGE 3166
12-17 15:51:03.482 I/[PowerSavingAppG3]ProcessMonitorService( 3723): original mTopApList = [com.pundix.xwallet]
12-17 15:51:03.482 I/[PowerSavingAppG3]ProcessMonitorService( 3723): keep mTopApList = [com.pundix.xwallet]
12-17 15:51:24.649 I/ActivityManager( 1426): Force stopping com.pundix.xwallet appid=10014 user=0: from pid 15761
12-17 15:51:24.733 D/ActivityManager( 1426): clearApplicationUserData(AMS), packageName=com.pundix.xwallet, userId=0, keepState=false, resolvedUserId=0, uid=2000, pid=15765
12-17 15:51:24.733 I/ActivityManager( 1426): Force stopping com.pundix.xwallet appid=10014 user=0: clear data
12-17 15:51:24.737 I/ActivityManager( 1426): Force stopping com.pundix.xwallet appid=10014 user=-1: clearApplicationUserData
12-17 15:51:24.738 I/ConditionProviders( 1426): Disallowing condition provider com.pundix.xwallet
12-17 15:51:24.901 I/FihWeatherService/UpdateService( 3878): ACTION_PACKAGE_DATA_CLEARED packageName:com.pundix.xwallet
12-17 15:51:24.902 I/GeofencerStateMachine( 3557): removeGeofences: removeRequest=RemoveGeofencingRequest[REMOVE_ALL packageName=com.pundix.xwallet]
12-17 15:51:24.936 I/LocationSettingsChecker( 5714): Removing dialog suppression flag for package com.pundix.xwallet
12-17 15:51:24.975 I/Icing   ( 5714): doRemovePackageData com.pundix.xwallet
12-17 15:51:26.718 I/ActivityManager( 1426): Force stopping com.pundix.xwallet appid=10014 user=0: from pid 15831
12-17 15:51:26.972 D/AppClonerManagerService( 1426): aInfo.packageName:com.pundix.xwallet
12-17 15:51:26.972 I/ActivityManager( 1426): originalIntent is Intent { flg=0x10000000 cmp=com.pundix.xwallet/.ui.StartupActivity } after hook intent Intent { flg=0x10000000 cmp=com.pundix.xwallet/.ui.StartupActivity }-aInfo ActivityInfo{cfe0e2 com.pundix.xwallet.ui.StartupActivity}-toUser0
12-17 15:51:26.972 D/ActivityManager( 1426): AppClone, pair.first - ActivityInfo{cfe0e2 com.pundix.xwallet.ui.StartupActivity}
12-17 15:51:26.972 D/ActivityManager( 1426): AppClone, pair.second - Intent { flg=0x10000000 cmp=com.pundix.xwallet/.ui.StartupActivity }
12-17 15:51:26.972 I/ActivityManager( 1426): START u0 {flg=0x10000000 cmp=com.pundix.xwallet/.ui.StartupActivity} from uid 2000
12-17 15:51:27.014 D/ActivityManager( 1426): Package [com.pundix.xwallet] have process
12-17 15:51:27.032 I/ActivityManager( 1426): Start proc 15838:com.pundix.xwallet/u0a14 for activity com.pundix.xwallet/.ui.StartupActivity
12-17 15:51:27.032 D/ActivityManager( 1426): handleProcessStartedLocked mDoneFinishBooting && app.pid != 0 ---> notifyProcessStart, app.processName = com.pundix.xwallet, app.info = ApplicationInfo{a94bccf com.pundix.xwallet}, app.hostingType = activity, getHostingName() = ComponentInfo{com.pundix.xwallet/com.pundix.xwallet.ui.StartupActivity}, getIntentFlag() = 0, getIsPackageRunning() = true, app = ProcessRecord{9d5e8c 15838:com.pundix.xwallet/u0a14}, getExtraData() = Bundle[{ACTIVITY_TASK_AFFINITY=com.pundix.xwallet, ACTIVITY_INTENT=Intent { flg=0x10000000 cmp=com.pundix.xwallet/.ui.StartupActivity }, CALLER_PACKAGE=null, ACTIVITY_INFO=ActivityInfo{cfe0e2 com.pundix.xwallet.ui.StartupActivity}}]
12-17 15:51:27.033 V/ActivityManager( 1426): notifyProcessStart: com.pundix.xwallet for: activity from: null packageName: com.pundix.xwallet className: com.pundix.xwallet.ui.StartupActivity
12-17 15:51:27.038 I/chatty  (15838): uid=10014(com.pundix.xwallet) expire 81 lines
12-17 15:51:27.099 I/[PowerSavingAppG3]BackgroundCleanService( 3723): pid: 15838, calleeApp: com.pundix.xwallet
12-17 15:51:27.101 I/[PowerSavingAppG3]ProcessMonitorService( 3723): pid: 15838, calleeApp: com.pundix.xwallet
12-17 15:51:27.101 I/[PowerSavingAppG3]BackgroundCleanService( 3723): com.pundix.xwallet add to mTopApList.
12-17 15:51:27.104 I/[PowerSavingAppG3]ProcessMonitorService( 3723): com.pundix.xwallet add to mTopApList.
12-17 15:51:27.335 D/[PowerSavingAppG3]ProcessMonitorService( 3723): calleePackageName = com.pundix.xwallet,callerPacageName = null,hostingType = activity,screenOn = true,cmp = com.pundix.xwallet.ui.StartupActivity,cat = ,action = null,isExceptionalActivitiy = false
12-17 15:51:27.338 D/[PowerSavingAppG3]ProcessMonitorService( 3723): Ignore package com.pundix.xwallet,component = com.pundix.xwallet.ui.StartupActivity
12-17 15:51:27.396 I/chatty  (15838): uid=10014(com.pundix.xwallet) expire 1 line
12-17 15:51:27.409 I/chatty  (15838): uid=10014(com.pundix.xwallet) expire 7 lines
12-17 15:51:27.662 W/SurfaceFlinger(  841): Attempting to set client state on removed layer: Splash Screen com.pundix.xwallet#0
12-17 15:51:27.663 W/SurfaceFlinger(  841): Attempting to destroy on removed layer: Splash Screen com.pundix.xwallet#0
12-17 15:51:29.364 D/AppClonerManagerService( 1426): hookAppClonerIntent step3 callingPackage [com.pundix.xwallet]
12-17 15:51:29.364 D/AppClonerManagerService( 1426): hookAppClonerIntent step3 aInfo.packageName [com.pundix.xwallet]
12-17 15:51:29.364 I/ActivityManager( 1426): originalIntent is Intent { cmp=com.pundix.xwallet/.ui.SplashActivity } after hook intent Intent { cmp=com.pundix.xwallet/.ui.SplashActivity }-aInfo ActivityInfo{6247931 com.pundix.xwallet.ui.SplashActivity}-toUser0
12-17 15:51:29.364 D/ActivityManager( 1426): AppClone, pair.first - ActivityInfo{6247931 com.pundix.xwallet.ui.SplashActivity}
12-17 15:51:29.364 D/ActivityManager( 1426): AppClone, pair.second - Intent { cmp=com.pundix.xwallet/.ui.SplashActivity }
12-17 15:51:29.365 I/ActivityManager( 1426): START u0 {cmp=com.pundix.xwallet/.ui.SplashActivity} from uid 10014
12-17 15:51:30.053 D/AR_ADV_APPS_USAGE_COL( 1426): com.pundix.xwallet -> resizable apps -> USAGE 2548
12-17 15:51:30.721 D/AppClonerManagerService( 1426): hookAppClonerIntent step3 callingPackage [com.pundix.xwallet]
12-17 15:51:30.721 D/AppClonerManagerService( 1426): hookAppClonerIntent step3 aInfo.packageName [com.pundix.xwallet]
12-17 15:51:30.721 I/ActivityManager( 1426): originalIntent is Intent { cmp=com.pundix.xwallet/.ui.login.SignInActivity } after hook intent Intent { cmp=com.pundix.xwallet/.ui.login.SignInActivity }-aInfo ActivityInfo{ecfe920 com.pundix.xwallet.ui.login.SignInActivity}-toUser0
12-17 15:51:30.721 D/ActivityManager( 1426): AppClone, pair.first - ActivityInfo{ecfe920 com.pundix.xwallet.ui.login.SignInActivity}
12-17 15:51:30.721 D/ActivityManager( 1426): AppClone, pair.second - Intent { cmp=com.pundix.xwallet/.ui.login.SignInActivity }
12-17 15:51:30.721 I/ActivityManager( 1426): START u0 {cmp=com.pundix.xwallet/.ui.login.SignInActivity} from uid 10014
12-17 15:51:30.977 I/chatty  (15838): uid=10014(com.pundix.xwallet) expire 1 line
12-17 15:51:31.567 D/AR_ADV_APPS_USAGE_COL( 1426): com.pundix.xwallet -> resizable apps -> USAGE 1548
12-17 15:51:32.012 D/AppClonerManagerService( 1426): hookAppClonerIntent step3 callingPackage [com.pundix.xwallet]
12-17 15:51:32.012 D/AppClonerManagerService( 1426): hookAppClonerIntent step3 aInfo.packageName [com.pundix.xwallet]
12-17 15:51:32.013 I/ActivityManager( 1426): originalIntent is Intent { cmp=com.pundix.xwallet/.ui.login.SignInActivity (has extras) } after hook intent Intent { cmp=com.pundix.xwallet/.ui.login.SignInActivity (has extras) }-aInfo ActivityInfo{9b11075 com.pundix.xwallet.ui.login.SignInActivity}-toUser0
12-17 15:51:32.013 D/ActivityManager( 1426): AppClone, pair.first - ActivityInfo{9b11075 com.pundix.xwallet.ui.login.SignInActivity}
12-17 15:51:32.013 D/ActivityManager( 1426): AppClone, pair.second - Intent { cmp=com.pundix.xwallet/.ui.login.SignInActivity (has extras) }
12-17 15:51:32.013 I/ActivityManager( 1426): START u0 {cmp=com.pundix.xwallet/.ui.login.SignInActivity (has extras)} from uid 10014
12-17 15:51:32.109 I/[PowerSavingAppG3]ProcessMonitorService( 3723): original mTopApList = [com.pundix.xwallet]
12-17 15:51:32.110 I/[PowerSavingAppG3]ProcessMonitorService( 3723): keep mTopApList = [com.pundix.xwallet]
12-17 15:51:32.291 D/SurfaceFlinger(  841): duplicate layer name: changing com.pundix.xwallet/com.pundix.xwallet.ui.login.SignInActivity to com.pundix.xwallet/com.pundix.xwallet.ui.login.SignInActivity#1
12-17 15:51:32.818 D/AR_ADV_APPS_USAGE_COL( 1426): com.pundix.xwallet -> resizable apps -> USAGE 1281
12-17 15:51:35.889 I/QueryController(15811): Matched selector: UiSelector[INSTANCE=0, RESOURCE_ID=com.pundix.xwallet:id/et_emailSignIn] <<==>> [android.view.accessibility.AccessibilityNodeInfo@14aa5; boundsInParent: Rect(0, 0 - 996, 147); boundsInScreen: Rect(42, 452 - 1038, 599); packageName: com.pundix.xwallet; className: android.widget.EditText; text: ; error: null; maxTextLength: -1; contentDescription: null; tooltipText: null; viewIdResName: com.pundix.xwallet:id/et_emailSignIn; checkable: false; checked: false; focusable: true; focused: true; selected: false; clickable: true; longClickable: true; contextClickable: false; enabled: true; password: false; scrollable: false; importantForAccessibility: true; visible: true; actions: [AccessibilityAction: ACTION_CLEAR_FOCUS - null, AccessibilityAction: ACTION_SELECT - null, AccessibilityAction: ACTION_CLEAR_SELECTION - null, AccessibilityAction: ACTION_CLICK - null, AccessibilityAction: ACTION_LONG_CLICK - null, AccessibilityAction: ACTION_ACCESSIBILITY_FOCUS - null, AccessibilityAction: ACTION_PASTE - null, AccessibilityAction: ACTION_SET_TEXT - null, AccessibilityAction: ACTION_SHOW_ON_SCREEN - null]]
12-17 15:51:39.335 I/QueryController(15811): Matched selector: UiSelector[INSTANCE=0, RESOURCE_ID=com.pundix.xwallet:id/et_login_pass] <<==>> [android.view.accessibility.AccessibilityNodeInfo@18a76; boundsInParent: Rect(0, 0 - 996, 147); boundsInScreen: Rect(42, 600 - 1038, 747); packageName: com.pundix.xwallet; className: android.widget.EditText; text: ; error: null; maxTextLength: -1; contentDescription: null; tooltipText: null; viewIdResName: com.pundix.xwallet:id/et_login_pass; checkable: false; checked: false; focusable: true; focused: false; selected: false; clickable: true; longClickable: true; contextClickable: false; enabled: true; password: true; scrollable: false; importantForAccessibility: true; visible: true; actions: [AccessibilityAction: ACTION_FOCUS - null, AccessibilityAction: ACTION_SELECT - null, AccessibilityAction: ACTION_CLEAR_SELECTION - null, AccessibilityAction: ACTION_CLICK - null, AccessibilityAction: ACTION_LONG_CLICK - null, AccessibilityAction: ACTION_ACCESSIBILITY_FOCUS - null, AccessibilityAction: ACTION_SET_TEXT - null, AccessibilityAction: ACTION_SHOW_ON_SCREEN - null]]
